Microchip MPLAB XC8 Compiler V2.31

Linker command line:

-W-3 --edf=C:\Program Files\Microchip\xc8\v2.31\pic\dat\en_msgs.txt -cn \
  -h+dist/default/production\MASTER.X.production.sym \
  --cmf=dist/default/production\MASTER.X.production.cmf -z -Q16F887 \
  -oC:\Users\gerar\AppData\Local\Temp\s13p0.2 --defsym=__MPLAB_BUILD=1 \
  -Mdist/default/production/MASTER.X.production.map -E1 -ver=XC8 Compiler \
  --acfsm=1493 -ASTACK=0110h-016Fh -pstack=STACK -ACODE=00h-07FFhx4 \
  -ASTRCODE=00h-01FFFh -ASTRING=00h-0FFhx32 -ACONST=00h-0FFhx32 \
  -AENTRY=00h-0FFhx32 -ACOMMON=070h-07Fh -ABANK0=020h-06Fh \
  -ABANK1=0A0h-0EFh -ABANK2=0110h-016Fh -ABANK3=0190h-01EFh \
  -ARAM=020h-06Fh,0A0h-0EFh,0110h-016Fh,0190h-01EFh \
  -AABS1=020h-07Fh,0A0h-0EFh,0110h-016Fh,0190h-01EFh -ASFR0=00h-01Fh \
  -ASFR1=080h-09Fh -ASFR2=0100h-010Fh -ASFR3=0180h-018Fh \
  -ACONFIG=02007h-02008h -DCONFIG=2 -AIDLOC=02000h-02003h -DIDLOC=2 \
  -AEEDATA=00h-0FFh/02100h -peeprom_data=EEDATA -DEEDATA=2 -DCODE=2 \
  -DSTRCODE=2 -DSTRING=2 -DCONST=2 -DENTRY=2 \
  -preset_vec=00h,intentry=04h,init,end_init -ppowerup=CODE -pcinit=CODE \
  -pfunctab=ENTRY -k C:\Users\gerar\AppData\Local\Temp\s13p0.o \
  dist/default/production\MASTER.X.production.o 

Object code version is 3.11

Machine type is 16F887



                Name                               Link     Load   Length Selector   Space Scale
C:\Users\gerar\AppData\Local\Temp\s13p0.o
                end_init                              C        C        3        8       0
                reset_vec                             0        0        3        0       0
                config                             2007     2007        2        0       4
dist/default/production\MASTER.X.production.o
                cinit                                 F        F        E        8       0
                intentry                              4        4        8        8       0
                text1_split_2                        1D       1D      55D        8       0
                text1_split_1                      1522     1522      2DE     2A44       0
                config                             2007     2007        2        0       4
                text35                             1AD8     1AD8       21     35B0       0
                text34                              7F0      7F0        D        8       0
                text33                             1B87     1B87       2E     370E       0
                text32                             1AA0     1AA0        9     3540       0
                text31                             1AA9     1AA9        9     3552       0
                text30                             1AB2     1AB2        A     3564       0
                text29                             1A90     1A90        8     3520       0
                text28                             100B     100B       15     2016       0
                text27                             1F44     1F44       BC     3E88       0
                text26                              801      801       29     1002       0
                text25                             1ABC     1ABC        A     3578       0
                text24                             1AF9     1AF9       21     35F2       0
                text23                             1DBC     1DBC       68     3B78       0
                text22                             1BB5     1BB5       38     376A       0
                text21                             1B1A     1B1A       21     3634       0
                text20                             1C6D     1C6D       50     38DA       0
                text19                             1EA0     1EA0       A4     3D40       0
                text18                             1000     1000        B     193A       0
                text17                             129A     129A      288     2534       0
                text16                             1CBD     1CBD       50     397A       0
                text15                             1E24     1E24       7C     3C48       0
                text14                             1D0D     1D0D       56     3A1A       0
                text13                             1B3B     1B3B       25     3676       0
                text12                             10DD     10DD       BE     21BA       0
                text11                             1020     1020       BD     2040       0
                text10                             1B60     1B60       27     36C0       0
                text9                               93C      93C      361     1278       0
                text8                              1C27     1C27       46     384E       0
                text7                              1BED     1BED       3A     37DA       0
                text6                               57A      57A      20D        8       0
                text5                              1AC6     1AC6       12     358C       0
                text4                               787      787       69        8       0
                text3                              1D63     1D63       59     3AC6       0
                text2                               C9D      C9D      363     193A       0
                text1                               82A      82A      112     1054       0
                maintext                           119B     119B       FF     2336       0
                cstackBANK0                          20       20       4F       20       1
                cstackCOMMON                         70       70        B       70       1
                cstackBANK1                          A0       A0       33       A0       1
                clrtext                            1A98     1A98        8     3530       0
                bssBANK1                             D3       D3       1A       A0       1
                bssCOMMON                            7B       7B        1       70       1
                strings                            1800     1800       AA     3000       0

TOTAL           Name                               Link     Load   Length     Space
        CLASS   STACK          

        CLASS   CODE           
                end_init                              C        C        3         0
                cinit                                 F        F        E         0
                intentry                              4        4        8         0
                reset_vec                             0        0        3         0
                text1_split_2                        1D       1D      55D         0
                text1_split_1                      1522     1522      2DE         0
                text35                             1AD8     1AD8       21         0
                text34                              7F0      7F0        D         0
                text33                             1B87     1B87       2E         0
                text32                             1AA0     1AA0        9         0
                text31                             1AA9     1AA9        9         0
                text30                             1AB2     1AB2        A         0
                text29                             1A90     1A90        8         0
                text28                             100B     100B       15         0
                text27                             1F44     1F44       BC         0
                text26                              801      801       29         0
                text25                             1ABC     1ABC        A         0
                text24                             1AF9     1AF9       21         0
                text23                             1DBC     1DBC       68         0
                text22                             1BB5     1BB5       38         0
                text21                             1B1A     1B1A       21         0
                text20                             1C6D     1C6D       50         0
                text19                             1EA0     1EA0       A4         0
                text18                             1000     1000        B         0
                text17                             129A     129A      288         0
                text16                             1CBD     1CBD       50         0
                text15                             1E24     1E24       7C         0
                text14                             1D0D     1D0D       56         0
                text13                             1B3B     1B3B       25         0
                text12                             10DD     10DD       BE         0
                text11                             1020     1020       BD         0
                text10                             1B60     1B60       27         0
                text9                               93C      93C      361         0
                text8                              1C27     1C27       46         0
                text7                              1BED     1BED       3A         0
                text6                               57A      57A      20D         0
                text5                              1AC6     1AC6       12         0
                text4                               787      787       69         0
                text3                              1D63     1D63       59         0
                text2                               C9D      C9D      363         0
                text1                               82A      82A      112         0
                maintext                           119B     119B       FF         0
                clrtext                            1A98     1A98        8         0

        CLASS   STRCODE        

        CLASS   STRING         
                strings                            1800     1800       AA         0

        CLASS   CONST          

        CLASS   ENTRY          

        CLASS   COMMON         
                cstackCOMMON                         70       70        B         1
                bssCOMMON                            7B       7B        1         1

        CLASS   BANK0          
                cstackBANK0                          20       20       4F         1

        CLASS   BANK1          
                cstackBANK1                          A0       A0       33         1
                bssBANK1                             D3       D3       1A         1

        CLASS   BANK2          

        CLASS   BANK3          

        CLASS   RAM            

        CLASS   ABS1           
                abs_s1                               7E       7E        2         1

        CLASS   SFR0           

        CLASS   SFR1           

        CLASS   SFR2           

        CLASS   SFR3           

        CLASS   CONFIG         
                config                             2007     2007        2         4

        CLASS   IDLOC          

        CLASS   EEDATA         



SEGMENTS        Name                           Load    Length   Top    Selector   Space  Class     Delta

                reset_vec                      000000  000003  000003         0       0  CODE        2
                intentry                       000004  0007F9  0007FD         8       0  CODE        2
                cstackBANK0                    000020  00004F  00006F        20       1  BANK0       1
                cstackCOMMON                   000070  00000C  00007C        70       1  COMMON      1
                cstackBANK1                    0000A0  00004D  0000ED        A0       1  BANK1       1
                text26                         000801  000029  00082A      1002       0  CODE        2
                text1                          00082A  000112  00093C      1054       0  CODE        2
                text9                          00093C  000361  000C9D      1278       0  CODE        2
                text2                          000C9D  00036E  00100B      193A       0  CODE        2
                text28                         00100B  000015  001020      2016       0  CODE        2
                text11                         001020  0000BD  0010DD      2040       0  CODE        2
                text12                         0010DD  0000BE  00119B      21BA       0  CODE        2
                maintext                       00119B  0000FF  00129A      2336       0  CODE        2
                text17                         00129A  000288  001522      2534       0  CODE        2
                text1_split_1                  001522  0002DE  001800      2A44       0  CODE        2
                strings                        001800  0000AA  0018AA      3000       0  STRING      2
                text29                         001A90  000008  001A98      3520       0  CODE        2
                clrtext                        001A98  000008  001AA0      3530       0  CODE        2
                text32                         001AA0  000009  001AA9      3540       0  CODE        2
                text31                         001AA9  000009  001AB2      3552       0  CODE        2
                text30                         001AB2  00000A  001ABC      3564       0  CODE        2
                text25                         001ABC  00000A  001AC6      3578       0  CODE        2
                text5                          001AC6  000012  001AD8      358C       0  CODE        2
                text35                         001AD8  000021  001AF9      35B0       0  CODE        2
                text24                         001AF9  000021  001B1A      35F2       0  CODE        2
                text21                         001B1A  000021  001B3B      3634       0  CODE        2
                text13                         001B3B  000025  001B60      3676       0  CODE        2
                text10                         001B60  000027  001B87      36C0       0  CODE        2
                text33                         001B87  00002E  001BB5      370E       0  CODE        2
                text22                         001BB5  000038  001BED      376A       0  CODE        2
                text7                          001BED  00003A  001C27      37DA       0  CODE        2
                text8                          001C27  000046  001C6D      384E       0  CODE        2
                text20                         001C6D  000050  001CBD      38DA       0  CODE        2
                text16                         001CBD  000050  001D0D      397A       0  CODE        2
                text14                         001D0D  000056  001D63      3A1A       0  CODE        2
                text3                          001D63  000059  001DBC      3AC6       0  CODE        2
                text23                         001DBC  000068  001E24      3B78       0  CODE        2
                text15                         001E24  00007C  001EA0      3C48       0  CODE        2
                text19                         001EA0  0000A4  001F44      3D40       0  CODE        2
                text27                         001F44  0000BC  002000      3E88       0  CODE        2


UNUSED ADDRESS RANGES

        Name                Unused          Largest block    Delta
        BANK0            00006F-00006F                1           1
        BANK1            0000ED-0000EF                3           1
        BANK2            000110-00016F               60           1
        BANK3            000190-0001EF               60           1
        CODE             000003-000003                1           2
                         0007FD-000800                3
                         0018AA-001A8F              1E6
        COMMON           00007C-00007D                2           1
        CONST            000003-000003                1           2
                         0007FD-000800                3
                         0018AA-001A8F              100
        EEDATA           002100-0021FF              100           2
        ENTRY            000003-000003                1           2
                         0007FD-000800                3
                         0018AA-001A8F              100
        IDLOC            002000-002003                4           2
        RAM              00006F-00006F                1           1
                         0000ED-0000EF                3
                         000110-00016F               60
                         000190-0001EF               60
        SFR0             000000-00001F               20           1
        SFR1             000080-00009F               20           1
        SFR2             000100-00010F               10           1
        SFR3             000180-00018F               10           1
        STACK            000110-00016F               60           1
        STRCODE          000003-000003                1           2
                         0007FD-000800                4
                         0018AA-001A8F              1E6
        STRING           000003-000003                1           2
                         0007FD-000800                3
                         0018AA-001A8F              100

                                  Symbol Table

?_I2C_Master_Read          cstackCOMMON 000072
?__Umul8_16                cstackCOMMON 000072
?___awdiv                  cstackBANK0  000020
?___awmod                  cstackCOMMON 000072
?___fladd                  cstackBANK0  000056
?___flmul                  cstackBANK0  000028
?___flneg                  cstackCOMMON 000072
?___flsub                  cstackBANK1  0000A0
?___fltol                  cstackBANK0  000055
?___lldiv                  cstackCOMMON 000072
?___llmod                  cstackCOMMON 000072
?___lwdiv                  cstackBANK0  000020
?___lwmod                  cstackCOMMON 000072
?___wmul                   cstackCOMMON 000072
?___xxtofl                 cstackCOMMON 000072
?__div_to_l_               cstackCOMMON 000072
?__tdiv_to_l_              cstackCOMMON 000072
?_conv                     cstackBANK0  000026
?_fround                   cstackBANK0  000042
?_scale                    cstackBANK0  000042
?_sprintf                  cstackBANK1  0000A8
I2C_Master_Init@c          cstackBANK0  000025
I2C_Master_Read@a          cstackCOMMON 000072
I2C_Master_Read@temp       cstackCOMMON 000076
I2C_Master_Write@d         cstackCOMMON 000072
_ANSEL                     (abs)        000188
_ANSELH                    (abs)        000189
_BAUDCTLbits               (abs)        000187
_GIE                       (abs)        00005F
_I2C_Master_Init           text22       001BB5
_I2C_Master_Read           text33       001B87
_I2C_Master_Start          text32       001AA0
_I2C_Master_Stop           text31       001AA9
_I2C_Master_Wait           text34       0007F0
_I2C_Master_Write          text30       001AB2
_INTCONbits                (abs)        00000B
_OSCCONbits                (abs)        00008F
_PEIE                      (abs)        00005E
_PIE1bits                  (abs)        00008C
_PIR1bits                  (abs)        00000C
_PORTA                     (abs)        000005
_PORTAbits                 (abs)        000005
_PORTD                     (abs)        000008
_PORTDbits                 (abs)        000008
_RCREG                     (abs)        00001A
_RCSTAbits                 (abs)        000018
_SPBRG                     (abs)        000099
_SPBRGH                    (abs)        00009A
_SSPADD                    (abs)        000093
_SSPBUF                    (abs)        000013
_SSPCON                    (abs)        000014
_SSPCON2                   (abs)        000091
_SSPCON2bits               (abs)        000091
_SSPIE                     (abs)        000463
_SSPIF                     (abs)        000063
_SSPSTAT                   (abs)        000094
_TRISA                     (abs)        000085
_TRISC3                    (abs)        00043B
_TRISC4                    (abs)        00043C
_TRISCbits                 (abs)        000087
_TRISD                     (abs)        000088
_TXIF                      (abs)        000064
_TXREG                     (abs)        000019
_TXSTAbits                 (abs)        000098
__Habs1                    abs1         000000
__Hbank0                   bank0        000000
__Hbank1                   bank1        000000
__Hbank2                   bank2        000000
__Hbank3                   bank3        000000
__HbssBANK1                bssBANK1     000000
__HbssCOMMON               bssCOMMON    000000
__Hcinit                   cinit        00001D
__Hclrtext                 clrtext      000000
__Hcode                    code         000000
__Hcommon                  common       000000
__Hconfig                  config       002009
__HcstackBANK0             cstackBANK0  000000
__HcstackBANK1             cstackBANK1  000000
__HcstackCOMMON            cstackCOMMON 000000
__Heeprom_data             eeprom_data  000000
__Hend_init                end_init     00000F
__Hfunctab                 functab      000000
__Hinit                    init         00000C
__Hintentry                intentry     00000C
__Hmaintext                maintext     000000
__Hpowerup                 powerup      000000
__Hram                     ram          000000
__Hreset_vec               reset_vec    000003
__Hsfr0                    sfr0         000000
__Hsfr1                    sfr1         000000
__Hsfr2                    sfr2         000000
__Hsfr3                    sfr3         000000
__Hspace_0                 (abs)        002000
__Hspace_1                 (abs)        0000ED
__Hspace_2                 (abs)        000000
__Hspace_3                 (abs)        000000
__Hspace_4                 (abs)        004010
__Hstack                   stack        000000
__Hstrings                 strings      000000
__Htext                    text         000000
__Labs1                    abs1         000000
__Lbank0                   bank0        000000
__Lbank1                   bank1        000000
__Lbank2                   bank2        000000
__Lbank3                   bank3        000000
__LbssBANK1                bssBANK1     000000
__LbssCOMMON               bssCOMMON    000000
__Lcinit                   cinit        00000F
__Lclrtext                 clrtext      000000
__Lcode                    code         000000
__Lcommon                  common       000000
__Lconfig                  config       000000
__LcstackBANK0             cstackBANK0  000000
__LcstackBANK1             cstackBANK1  000000
__LcstackCOMMON            cstackCOMMON 000000
__Leeprom_data             eeprom_data  000000
__Lend_init                end_init     00000C
__Lfunctab                 functab      000000
__Linit                    init         00000C
__Lintentry                intentry     000004
__Lmaintext                maintext     000000
__Lpowerup                 powerup      000000
__Lram                     ram          000000
__Lreset_vec               reset_vec    000000
__Lsfr0                    sfr0         000000
__Lsfr1                    sfr1         000000
__Lsfr2                    sfr2         000000
__Lsfr3                    sfr3         000000
__Lspace_0                 (abs)        000000
__Lspace_1                 (abs)        000000
__Lspace_2                 (abs)        000000
__Lspace_3                 (abs)        000000
__Lspace_4                 (abs)        000000
__Lstack                   stack        000000
__Lstrings                 strings      000000
__Ltext                    text         000000
__S0                       (abs)        002000
__S1                       (abs)        0000ED
__S2                       (abs)        000000
__S3                       (abs)        000000
__Umul8_16                 text10       001B60
__Umul8_16@multiplicand    cstackCOMMON 000072
__Umul8_16@multiplier      cstackCOMMON 00007A
__Umul8_16@product         cstackCOMMON 000076
__Umul8_16@word_mpld       cstackCOMMON 000078
___awdiv                   text4        000787
___awdiv@counter           cstackBANK0  000024
___awdiv@dividend          cstackBANK0  000022
___awdiv@divisor           cstackBANK0  000020
___awdiv@quotient          cstackBANK0  000026
___awdiv@sign              cstackBANK0  000025
___awmod                   text3        001D63
___awmod@counter           cstackCOMMON 000077
___awmod@dividend          cstackCOMMON 000074
___awmod@divisor           cstackCOMMON 000072
___awmod@sign              cstackCOMMON 000078
___fladd                   text17       00129A
___fladd@a                 cstackBANK0  00005A
___fladd@aexp              cstackBANK0  000067
___fladd@b                 cstackBANK0  000056
___fladd@bexp              cstackBANK0  000068
___fladd@grs               cstackBANK0  000069
___fladd@signs             cstackBANK0  000066
___fleq                    text20       001C6D
___fleq@ff1                cstackCOMMON 000072
___fleq@ff2                cstackCOMMON 000076
___flge                    text19       001EA0
___flge@ff1                cstackCOMMON 000072
___flge@ff2                cstackCOMMON 000076
___flmul                   text9        00093C
___flmul@a                 cstackBANK0  00002C
___flmul@aexp              cstackBANK0  00003A
___flmul@b                 cstackBANK0  000028
___flmul@bexp              cstackBANK0  00003B
___flmul@grs               cstackBANK0  000036
___flmul@prod              cstackBANK0  00003C
___flmul@sign              cstackBANK0  000035
___flmul@temp              cstackBANK0  000040
___flneg                   text18       001000
___flneg@f1                cstackCOMMON 000072
___flsub                   text16       001CBD
___flsub@a                 cstackBANK1  0000A0
___flsub@b                 cstackBANK1  0000A4
___fltol                   text15       001E24
___fltol@exp1              cstackBANK0  00005F
___fltol@f1                cstackBANK0  000055
___fltol@sign1             cstackBANK0  00005E
___int_sp                  stack        000000
___latbits                 (abs)        000002
___lldiv                   text23       001DBC
___lldiv@counter           cstackBANK0  000024
___lldiv@dividend          cstackCOMMON 000076
___lldiv@divisor           cstackCOMMON 000072
___lldiv@quotient          cstackBANK0  000020
___llmod                   text14       001D0D
___llmod@counter           cstackBANK0  000020
___llmod@dividend          cstackCOMMON 000076
___llmod@divisor           cstackCOMMON 000072
___lwdiv                   text8        001C27
___lwdiv@counter           cstackBANK0  000024
___lwdiv@dividend          cstackBANK0  000022
___lwdiv@divisor           cstackBANK0  000020
___lwdiv@quotient          cstackBANK0  000025
___lwmod                   text7        001BED
___lwmod@counter           cstackCOMMON 000077
___lwmod@dividend          cstackCOMMON 000074
___lwmod@divisor           cstackCOMMON 000072
___sp                      stack        000000
___stackhi                 (abs)        000000
___stacklo                 (abs)        000000
___wmul                    text13       001B3B
___wmul@multiplicand       cstackCOMMON 000074
___wmul@multiplier         cstackCOMMON 000072
___wmul@product            cstackCOMMON 000076
___xxtofl                  text27       001F44
___xxtofl@arg              cstackBANK0  000022
___xxtofl@exp              cstackBANK0  000021
___xxtofl@sign             cstackBANK0  000020
___xxtofl@val              cstackCOMMON 000072
__div_to_l_                text12       0010DD
__div_to_l_@cntr           cstackBANK0  000024
__div_to_l_@exp1           cstackBANK0  000025
__div_to_l_@f1             cstackCOMMON 000072
__div_to_l_@f2             cstackCOMMON 000076
__div_to_l_@quot           cstackBANK0  000020
__end_of_I2C_Master_Init   text22       001BED
__end_of_I2C_Master_Read   text33       001BB5
__end_of_I2C_Master_Start  text32       001AA9
__end_of_I2C_Master_Stop   text31       001AB2
__end_of_I2C_Master_Wait   text34       0007FD
__end_of_I2C_Master_Write  text30       001ABC
__end_of__Umul8_16         text10       001B87
__end_of___awdiv           text4        0007F0
__end_of___awmod           text3        001DBC
__end_of___fladd           text17       001522
__end_of___fleq            text20       001CBD
__end_of___flge            text19       001F44
__end_of___flmul           text9        000C9D
__end_of___flneg           text18       00100B
__end_of___flsub           text16       001D0D
__end_of___fltol           text15       001EA0
__end_of___lldiv           text23       001E24
__end_of___llmod           text14       001D63
__end_of___lwdiv           text8        001C6D
__end_of___lwmod           text7        001C27
__end_of___wmul            text13       001B60
__end_of___xxtofl          text27       002000
__end_of__div_to_l_        text12       00119B
__end_of__initialization   cinit        000019
__end_of__npowers_         strings      00186E
__end_of__powers_          strings      00183A
__end_of__stringtab        strings      001806
__end_of__tdiv_to_l_       text11       0010DD
__end_of_cfg_clk           text29       001A98
__end_of_cfg_usart         text28       001020
__end_of_conv              text26       00082A
__end_of_dpowers           strings      001896
__end_of_fround            text6        000787
__end_of_isdigit           text5        001AD8
__end_of_isr               text35       001AF9
__end_of_main              maintext     00129A
__end_of_scale             text2        001000
__end_of_send_char         text25       001AC6
__end_of_send_crct         text24       001B1A
__end_of_setup             text21       001B3B
__end_of_sprintf           text1_split_2 00057A
__initialization           cinit        00000F
__npowers_                 strings      00183A
__pbssBANK1                bssBANK1     0000D3
__pbssCOMMON               bssCOMMON    00007B
__pcstackBANK0             cstackBANK0  000020
__pcstackBANK1             cstackBANK1  0000A0
__pcstackCOMMON            cstackCOMMON 000070
__pintentry                intentry     000004
__pmaintext                maintext     00119B
__powers_                  strings      001806
__pstrings                 strings      001800
__ptext1                   text1        00082A
__ptext10                  text10       001B60
__ptext11                  text11       001020
__ptext12                  text12       0010DD
__ptext13                  text13       001B3B
__ptext14                  text14       001D0D
__ptext15                  text15       001E24
__ptext16                  text16       001CBD
__ptext17                  text17       00129A
__ptext18                  text18       001000
__ptext19                  text19       001EA0
__ptext2                   text2        000C9D
__ptext20                  text20       001C6D
__ptext21                  text21       001B1A
__ptext22                  text22       001BB5
__ptext23                  text23       001DBC
__ptext24                  text24       001AF9
__ptext25                  text25       001ABC
__ptext26                  text26       000801
__ptext27                  text27       001F44
__ptext28                  text28       00100B
__ptext29                  text29       001A90
__ptext3                   text3        001D63
__ptext30                  text30       001AB2
__ptext31                  text31       001AA9
__ptext32                  text32       001AA0
__ptext33                  text33       001B87
__ptext34                  text34       0007F0
__ptext35                  text35       001AD8
__ptext4                   text4        000787
__ptext5                   text5        001AC6
__ptext6                   text6        00057A
__ptext7                   text7        001BED
__ptext8                   text8        001C27
__ptext9                   text9        00093C
__size_of_I2C_Master_Init  (abs)        000000
__size_of_I2C_Master_Read  (abs)        000000
__size_of_I2C_Master_Start (abs)        000000
__size_of_I2C_Master_Stop  (abs)        000000
__size_of_I2C_Master_Wait  (abs)        000000
__size_of_I2C_Master_Write (abs)        000000
__size_of__Umul8_16        (abs)        000000
__size_of___awdiv          (abs)        000000
__size_of___awmod          (abs)        000000
__size_of___fladd          (abs)        000000
__size_of___fleq           (abs)        000000
__size_of___flge           (abs)        000000
__size_of___flmul          (abs)        000000
__size_of___flneg          (abs)        000000
__size_of___flsub          (abs)        000000
__size_of___fltol          (abs)        000000
__size_of___lldiv          (abs)        000000
__size_of___llmod          (abs)        000000
__size_of___lwdiv          (abs)        000000
__size_of___lwmod          (abs)        000000
__size_of___wmul           (abs)        000000
__size_of___xxtofl         (abs)        000000
__size_of__div_to_l_       (abs)        000000
__size_of__tdiv_to_l_      (abs)        000000
__size_of_cfg_clk          (abs)        000000
__size_of_cfg_usart        (abs)        000000
__size_of_conv             (abs)        000000
__size_of_fround           (abs)        000000
__size_of_isdigit          (abs)        000000
__size_of_isr              (abs)        000000
__size_of_main             (abs)        000000
__size_of_scale            (abs)        000000
__size_of_send_char        (abs)        000000
__size_of_send_crct        (abs)        000000
__size_of_setup            (abs)        000000
__size_of_sprintf          (abs)        000000
__stringbase               strings      001805
__stringtab                strings      001800
__tdiv_to_l_               text11       001020
__tdiv_to_l_@cntr          cstackBANK0  000028
__tdiv_to_l_@exp1          cstackBANK0  000029
__tdiv_to_l_@f1            cstackCOMMON 000072
__tdiv_to_l_@f2            cstackCOMMON 000076
__tdiv_to_l_@quot          cstackBANK0  000024
_cfg_clk                   text29       001A90
_cfg_usart                 text28       00100B
_conv                      text26       000801
_door                      bssBANK1     0000E0
_dpowers                   strings      00186E
_f1                        bssBANK1     0000E2
_fround                    text6        00057A
_fround$1178               cstackBANK0  000051
_fround$1179               cstackBANK0  00004D
_isdigit                   text5        001AC6
_isdigit$991               cstackCOMMON 000072
_isr                       text35       001AD8
_light                     bssBANK1     0000DF
_lock                      bssBANK1     0000E1
_main                      maintext     00119B
_pd                        bssBANK1     0000EC
_scale                     text2        000C9D
_scale$1180                cstackBANK0  000050
_send_char                 text25       001ABC
_send_crct                 text24       001AF9
_setup                     text21       001B1A
_sprintf                   text1        00082A
_sprintf$1181              cstackBANK1  0000B5
_v0                        bssBANK1     0000DB
_v1                        bssBANK1     0000D7
_v2                        bssBANK1     0000D3
btemp                      (abs)        00007E
clear_ram0                 clrtext      001A98
conv@aa                    cstackBANK0  000032
conv@result                cstackBANK0  00002E
end_of_initialization      cinit        000019
fround@prec                cstackBANK0  000055
interrupt_function         intentry     000004
intlevel0                  functab      000000
intlevel1                  functab      000000
intlevel2                  functab      000000
intlevel3                  functab      000000
intlevel4                  functab      000000
intlevel5                  functab      000000
isdigit@c                  cstackCOMMON 000073
pnum$text1                 (abs)        00000B
pnum$text1_split_1         (abs)        000030
pnum$text1_split_2         (abs)        000031
psplit$0                   (abs)        0B0030
psplit$1                   (abs)        300031
reset_vec                  reset_vec    000000
saved_w                    (abs)        00007E
scale@scl                  cstackBANK0  000054
send_char@dato             cstackCOMMON 000072
send_crct@i                cstackCOMMON 000074
send_crct@st               cstackCOMMON 000076
sprintf@ap                 cstackBANK1  0000B9
sprintf@c                  cstackBANK1  0000CF
sprintf@eexp               cstackBANK1  0000C2
sprintf@f                  cstackBANK1  0000A8
sprintf@flag               cstackBANK1  0000C4
sprintf@fval               cstackBANK1  0000C8
sprintf@prec               cstackBANK1  0000CC
sprintf@sp                 cstackBANK1  0000CE
sprintf@tmpval             cstackBANK1  0000BE
sprintf@val                cstackBANK1  0000BA
sprintf@width              cstackBANK1  0000C6
start                      init         00000C
start_initialization       cinit        00000F
wtemp0                     (abs)        00007E


FUNCTION INFORMATION:

 *************** function _main *****************
 Defined at:
		line 83 in file "maestro.c"
 Parameters:    Size  Location     Type
		None
 Auto vars:     Size  Location     Type
		None
 Return value:  Size  Location     Type
                  1    wreg      void 
 Registers used:
		wreg, fsr0l, fsr0h, status,2, status,0, btemp+1, pclath, cstack
 Tracked objects:
		On entry : 
		On exit  : 
		Unchanged: 
 Data sizes:     COMMON   BANK0   BANK1   BANK3   BANK2
      Params:         0       0       0       0       0
      Locals:         0       0       0       0       0
      Temps:          0       0       3       0       0
      Totals:         0       0       3       0       0
Total ram usage:        3 bytes
 Hardware stack levels required when called:    5
 This function calls:
		_I2C_Master_Read
		_I2C_Master_Start
		_I2C_Master_Stop
		_I2C_Master_Write
		_cfg_clk
		_cfg_usart
		_conv
		_send_crct
		_setup
		_sprintf
 This function is called by:
		Startup code after reset
 This function uses a non-reentrant model


 *************** function _sprintf *****************
 Defined at:
		line 505 in file "C:\Program Files\Microchip\xc8\v2.31\pic\sources\c90\common\doprnt.c"
 Parameters:    Size  Location     Type
  sp              1    wreg     PTR unsigned char 
		 -> f1(10), 
  f               1    8[BANK1 ] PTR const unsigned char 
		 -> STR_1(20), 
 Auto vars:     Size  Location     Type
  sp              1   46[BANK1 ] PTR unsigned char 
		 -> f1(10), 
  fval            4   40[BANK1 ] PTR unsigned char 
  tmpval          4   30[BANK1 ] struct .
  val             4   26[BANK1 ] unsigned long 
  prec            2   44[BANK1 ] int 
  width           2   38[BANK1 ] int 
  flag            2   36[BANK1 ] unsigned short 
  eexp            2   34[BANK1 ] int 
  cp              2    0        PTR const unsigned char 
  len             2    0        unsigned int 
  c               1   47[BANK1 ] unsigned char 
  ap              1   25[BANK1 ] PTR void [1]
		 -> ?_sprintf(2), 
  d               1    0        unsigned char 
 Return value:  Size  Location     Type
                  2    8[BANK1 ] int 
 Registers used:
		wreg, fsr0l, fsr0h, status,2, status,0, btemp+1, pclath, cstack
 Tracked objects:
		On entry : 
		On exit  : 
		Unchanged: 
 Data sizes:     COMMON   BANK0   BANK1   BANK3   BANK2
      Params:         0       0      13       0       0
      Locals:         0       0      27       0       0
      Temps:          0       5       0       0       0
      Totals:         0       5      40       0       0
Total ram usage:       45 bytes
 Hardware stack levels used:    1
 Hardware stack levels required when called:    4
 This function calls:
		___awdiv
		___fladd
		___fleq
		___flge
		___flmul
		___flneg
		___flsub
		___fltol
		___lldiv
		___llmod
		___wmul
		___xxtofl
		__div_to_l_
		__tdiv_to_l_
		_fround
		_isdigit
		_scale
 This function is called by:
		_main
 This function uses a non-reentrant model


 *************** function _scale *****************
 Defined at:
		line 433 in file "C:\Program Files\Microchip\xc8\v2.31\pic\sources\c90\common\doprnt.c"
 Parameters:    Size  Location     Type
  scl             1    wreg     char 
 Auto vars:     Size  Location     Type
  scl             1   52[BANK0 ] char 
 Return value:  Size  Location     Type
                  4   34[BANK0 ] char 
 Registers used:
		wreg, fsr0l, fsr0h, status,2, status,0, btemp+1, pclath, cstack
 Tracked objects:
		On entry : 
		On exit  : 
		Unchanged: 
 Data sizes:     COMMON   BANK0   BANK1   BANK3   BANK2
      Params:         0       4       0       0       0
      Locals:         0       5       0       0       0
      Temps:          0      10       0       0       0
      Totals:         0      19       0       0       0
Total ram usage:       19 bytes
 Hardware stack levels used:    1
 Hardware stack levels required when called:    3
 This function calls:
		___awdiv
		___awmod
		___flmul
 This function is called by:
		_sprintf
 This function uses a non-reentrant model


 *************** function ___awmod *****************
 Defined at:
		line 5 in file "C:\Program Files\Microchip\xc8\v2.31\pic\sources\c90\common\awmod.c"
 Parameters:    Size  Location     Type
  divisor         2    2[COMMON] int 
  dividend        2    4[COMMON] int 
 Auto vars:     Size  Location     Type
  sign            1    8[COMMON] unsigned char 
  counter         1    7[COMMON] unsigned char 
 Return value:  Size  Location     Type
                  2    2[COMMON] int 
 Registers used:
		wreg, status,2, status,0
 Tracked objects:
		On entry : 
		On exit  : 
		Unchanged: 
 Data sizes:     COMMON   BANK0   BANK1   BANK3   BANK2
      Params:         4       0       0       0       0
      Locals:         2       0       0       0       0
      Temps:          1       0       0       0       0
      Totals:         7       0       0       0       0
Total ram usage:        7 bytes
 Hardware stack levels used:    1
 Hardware stack levels required when called:    1
 This function calls:
		Nothing
 This function is called by:
		_scale
 This function uses a non-reentrant model


 *************** function ___awdiv *****************
 Defined at:
		line 5 in file "C:\Program Files\Microchip\xc8\v2.31\pic\sources\c90\common\awdiv.c"
 Parameters:    Size  Location     Type
  divisor         2    0[BANK0 ] int 
  dividend        2    2[BANK0 ] int 
 Auto vars:     Size  Location     Type
  quotient        2    6[BANK0 ] int 
  sign            1    5[BANK0 ] unsigned char 
  counter         1    4[BANK0 ] unsigned char 
 Return value:  Size  Location     Type
                  2    0[BANK0 ] int 
 Registers used:
		wreg, status,2, status,0
 Tracked objects:
		On entry : 
		On exit  : 
		Unchanged: 
 Data sizes:     COMMON   BANK0   BANK1   BANK3   BANK2
      Params:         0       4       0       0       0
      Locals:         0       4       0       0       0
      Temps:          1       0       0       0       0
      Totals:         1       8       0       0       0
Total ram usage:        9 bytes
 Hardware stack levels used:    1
 Hardware stack levels required when called:    1
 This function calls:
		Nothing
 This function is called by:
		_scale
		_sprintf
 This function uses a non-reentrant model


 *************** function _isdigit *****************
 Defined at:
		line 8 in file "C:\Program Files\Microchip\xc8\v2.31\pic\sources\c90\common\isdigit.c"
 Parameters:    Size  Location     Type
  c               1    wreg     unsigned char 
 Auto vars:     Size  Location     Type
  c               1    3[COMMON] unsigned char 
 Return value:  Size  Location     Type
		None               void
 Registers used:
		wreg, status,2, status,0
 Tracked objects:
		On entry : 
		On exit  : 
		Unchanged: 
 Data sizes:     COMMON   BANK0   BANK1   BANK3   BANK2
      Params:         0       0       0       0       0
      Locals:         2       0       0       0       0
      Temps:          0       0       0       0       0
      Totals:         2       0       0       0       0
Total ram usage:        2 bytes
 Hardware stack levels used:    1
 Hardware stack levels required when called:    1
 This function calls:
		Nothing
 This function is called by:
		_sprintf
 This function uses a non-reentrant model


 *************** function _fround *****************
 Defined at:
		line 417 in file "C:\Program Files\Microchip\xc8\v2.31\pic\sources\c90\common\doprnt.c"
 Parameters:    Size  Location     Type
  prec            1    wreg     unsigned char 
 Auto vars:     Size  Location     Type
  prec            1   53[BANK0 ] unsigned char 
 Return value:  Size  Location     Type
                  4   34[BANK0 ] unsigned char 
 Registers used:
		wreg, fsr0l, fsr0h, status,2, status,0, btemp+1, pclath, cstack
 Tracked objects:
		On entry : 
		On exit  : 
		Unchanged: 
 Data sizes:     COMMON   BANK0   BANK1   BANK3   BANK2
      Params:         0       4       0       0       0
      Locals:         0       9       0       0       0
      Temps:          0       7       0       0       0
      Totals:         0      20       0       0       0
Total ram usage:       20 bytes
 Hardware stack levels used:    1
 Hardware stack levels required when called:    3
 This function calls:
		___flmul
		___lwdiv
		___lwmod
 This function is called by:
		_sprintf
 This function uses a non-reentrant model


 *************** function ___lwmod *****************
 Defined at:
		line 5 in file "C:\Program Files\Microchip\xc8\v2.31\pic\sources\c90\common\lwmod.c"
 Parameters:    Size  Location     Type
  divisor         2    2[COMMON] unsigned int 
  dividend        2    4[COMMON] unsigned int 
 Auto vars:     Size  Location     Type
  counter         1    7[COMMON] unsigned char 
 Return value:  Size  Location     Type
                  2    2[COMMON] unsigned int 
 Registers used:
		wreg, status,2, status,0
 Tracked objects:
		On entry : 
		On exit  : 
		Unchanged: 
 Data sizes:     COMMON   BANK0   BANK1   BANK3   BANK2
      Params:         4       0       0       0       0
      Locals:         1       0       0       0       0
      Temps:          1       0       0       0       0
      Totals:         6       0       0       0       0
Total ram usage:        6 bytes
 Hardware stack levels used:    1
 Hardware stack levels required when called:    1
 This function calls:
		Nothing
 This function is called by:
		_fround
 This function uses a non-reentrant model


 *************** function ___lwdiv *****************
 Defined at:
		line 5 in file "C:\Program Files\Microchip\xc8\v2.31\pic\sources\c90\common\lwdiv.c"
 Parameters:    Size  Location     Type
  divisor         2    0[BANK0 ] unsigned int 
  dividend        2    2[BANK0 ] unsigned int 
 Auto vars:     Size  Location     Type
  quotient        2    5[BANK0 ] unsigned int 
  counter         1    4[BANK0 ] unsigned char 
 Return value:  Size  Location     Type
                  2    0[BANK0 ] unsigned int 
 Registers used:
		wreg, status,2, status,0
 Tracked objects:
		On entry : 
		On exit  : 
		Unchanged: 
 Data sizes:     COMMON   BANK0   BANK1   BANK3   BANK2
      Params:         0       4       0       0       0
      Locals:         0       3       0       0       0
      Temps:          1       0       0       0       0
      Totals:         1       7       0       0       0
Total ram usage:        8 bytes
 Hardware stack levels used:    1
 Hardware stack levels required when called:    1
 This function calls:
		Nothing
 This function is called by:
		_fround
 This function uses a non-reentrant model


 *************** function ___flmul *****************
 Defined at:
		line 8 in file "C:\Program Files\Microchip\xc8\v2.31\pic\sources\c90\common\sprcmul.c"
 Parameters:    Size  Location     Type
  b               4    8[BANK0 ] unsigned int 
  a               4   12[BANK0 ] unsigned int 
 Auto vars:     Size  Location     Type
  prod            4   28[BANK0 ] struct .
  grs             4   22[BANK0 ] unsigned long 
  temp            2   32[BANK0 ] struct .
  bexp            1   27[BANK0 ] unsigned char 
  aexp            1   26[BANK0 ] unsigned char 
  sign            1   21[BANK0 ] unsigned char 
 Return value:  Size  Location     Type
                  4    8[BANK0 ] unsigned char 
 Registers used:
		wreg, status,2, status,0, btemp+1, pclath, cstack
 Tracked objects:
		On entry : 
		On exit  : 
		Unchanged: 
 Data sizes:     COMMON   BANK0   BANK1   BANK3   BANK2
      Params:         0       8       0       0       0
      Locals:         0      13       0       0       0
      Temps:          0       5       0       0       0
      Totals:         0      26       0       0       0
Total ram usage:       26 bytes
 Hardware stack levels used:    1
 Hardware stack levels required when called:    2
 This function calls:
		__Umul8_16
 This function is called by:
		_fround
		_scale
		_sprintf
 This function uses a non-reentrant model


 *************** function __Umul8_16 *****************
 Defined at:
		line 4 in file "C:\Program Files\Microchip\xc8\v2.31\pic\sources\c90\common\Umul8_16.c"
 Parameters:    Size  Location     Type
  multiplier      1    wreg     unsigned char 
  multiplicand    1    2[COMMON] unsigned char 
 Auto vars:     Size  Location     Type
  multiplier      1   10[COMMON] unsigned char 
  word_mpld       2    8[COMMON] unsigned int 
  product         2    6[COMMON] unsigned int 
 Return value:  Size  Location     Type
                  2    2[COMMON] unsigned int 
 Registers used:
		wreg, status,2, status,0
 Tracked objects:
		On entry : 
		On exit  : 
		Unchanged: 
 Data sizes:     COMMON   BANK0   BANK1   BANK3   BANK2
      Params:         2       0       0       0       0
      Locals:         5       0       0       0       0
      Temps:          2       0       0       0       0
      Totals:         9       0       0       0       0
Total ram usage:        9 bytes
 Hardware stack levels used:    1
 Hardware stack levels required when called:    1
 This function calls:
		Nothing
 This function is called by:
		___flmul
 This function uses a non-reentrant model


 *************** function __tdiv_to_l_ *****************
 Defined at:
		line 60 in file "C:\Program Files\Microchip\xc8\v2.31\pic\sources\c90\common\ftdivl.c"
 Parameters:    Size  Location     Type
  f1              4    2[COMMON] float 
  f2              4    6[COMMON] float 
 Auto vars:     Size  Location     Type
  quot            4    4[BANK0 ] unsigned long 
  exp1            1    9[BANK0 ] unsigned char 
  cntr            1    8[BANK0 ] unsigned char 
 Return value:  Size  Location     Type
                  4    2[COMMON] unsigned long 
 Registers used:
		wreg, status,2, status,0
 Tracked objects:
		On entry : 
		On exit  : 
		Unchanged: 
 Data sizes:     COMMON   BANK0   BANK1   BANK3   BANK2
      Params:         8       0       0       0       0
      Locals:         0       6       0       0       0
      Temps:          0       4       0       0       0
      Totals:         8      10       0       0       0
Total ram usage:       18 bytes
 Hardware stack levels used:    1
 Hardware stack levels required when called:    1
 This function calls:
		Nothing
 This function is called by:
		_sprintf
 This function uses a non-reentrant model


 *************** function __div_to_l_ *****************
 Defined at:
		line 60 in file "C:\Program Files\Microchip\xc8\v2.31\pic\sources\c90\common\fldivl.c"
 Parameters:    Size  Location     Type
  f1              4    2[COMMON] unsigned long 
  f2              4    6[COMMON] unsigned long 
 Auto vars:     Size  Location     Type
  quot            4    0[BANK0 ] unsigned long 
  exp1            1    5[BANK0 ] unsigned char 
  cntr            1    4[BANK0 ] unsigned char 
 Return value:  Size  Location     Type
                  4    2[COMMON] unsigned long 
 Registers used:
		wreg, status,2, status,0
 Tracked objects:
		On entry : 
		On exit  : 
		Unchanged: 
 Data sizes:     COMMON   BANK0   BANK1   BANK3   BANK2
      Params:         8       0       0       0       0
      Locals:         0       6       0       0       0
      Temps:          1       0       0       0       0
      Totals:         9       6       0       0       0
Total ram usage:       15 bytes
 Hardware stack levels used:    1
 Hardware stack levels required when called:    1
 This function calls:
		Nothing
 This function is called by:
		_sprintf
 This function uses a non-reentrant model


 *************** function ___wmul *****************
 Defined at:
		line 15 in file "C:\Program Files\Microchip\xc8\v2.31\pic\sources\c90\common\Umul16.c"
 Parameters:    Size  Location     Type
  multiplier      2    2[COMMON] unsigned int 
  multiplicand    2    4[COMMON] unsigned int 
 Auto vars:     Size  Location     Type
  product         2    6[COMMON] unsigned int 
 Return value:  Size  Location     Type
                  2    2[COMMON] unsigned int 
 Registers used:
		wreg, status,2, status,0
 Tracked objects:
		On entry : 
		On exit  : 
		Unchanged: 
 Data sizes:     COMMON   BANK0   BANK1   BANK3   BANK2
      Params:         4       0       0       0       0
      Locals:         2       0       0       0       0
      Temps:          0       0       0       0       0
      Totals:         6       0       0       0       0
Total ram usage:        6 bytes
 Hardware stack levels used:    1
 Hardware stack levels required when called:    1
 This function calls:
		Nothing
 This function is called by:
		_sprintf
 This function uses a non-reentrant model


 *************** function ___llmod *****************
 Defined at:
		line 5 in file "C:\Program Files\Microchip\xc8\v2.31\pic\sources\c90\common\llmod.c"
 Parameters:    Size  Location     Type
  divisor         4    2[COMMON] unsigned long 
  dividend        4    6[COMMON] unsigned long 
 Auto vars:     Size  Location     Type
  counter         1    0[BANK0 ] unsigned char 
 Return value:  Size  Location     Type
                  4    2[COMMON] unsigned long 
 Registers used:
		wreg, status,2, status,0
 Tracked objects:
		On entry : 
		On exit  : 
		Unchanged: 
 Data sizes:     COMMON   BANK0   BANK1   BANK3   BANK2
      Params:         8       0       0       0       0
      Locals:         0       1       0       0       0
      Temps:          1       0       0       0       0
      Totals:         9       1       0       0       0
Total ram usage:       10 bytes
 Hardware stack levels used:    1
 Hardware stack levels required when called:    1
 This function calls:
		Nothing
 This function is called by:
		_sprintf
 This function uses a non-reentrant model


 *************** function ___fltol *****************
 Defined at:
		line 43 in file "C:\Program Files\Microchip\xc8\v2.31\pic\sources\c90\common\fltol.c"
 Parameters:    Size  Location     Type
  f1              4   53[BANK0 ] unsigned long 
 Auto vars:     Size  Location     Type
  exp1            1   63[BANK0 ] unsigned char 
  sign1           1   62[BANK0 ] unsigned char 
 Return value:  Size  Location     Type
                  4   53[BANK0 ] long 
 Registers used:
		wreg, status,2, status,0
 Tracked objects:
		On entry : 
		On exit  : 
		Unchanged: 
 Data sizes:     COMMON   BANK0   BANK1   BANK3   BANK2
      Params:         0       4       0       0       0
      Locals:         0       2       0       0       0
      Temps:          0       5       0       0       0
      Totals:         0      11       0       0       0
Total ram usage:       11 bytes
 Hardware stack levels used:    1
 Hardware stack levels required when called:    1
 This function calls:
		Nothing
 This function is called by:
		_sprintf
 This function uses a non-reentrant model


 *************** function ___flsub *****************
 Defined at:
		line 242 in file "C:\Program Files\Microchip\xc8\v2.31\pic\sources\c90\common\sprcadd.c"
 Parameters:    Size  Location     Type
  a               4    0[BANK1 ] long 
  b               4    4[BANK1 ] long 
 Auto vars:     Size  Location     Type
		None
 Return value:  Size  Location     Type
                  4    0[BANK1 ] long 
 Registers used:
		wreg, status,2, status,0, btemp+1, pclath, cstack
 Tracked objects:
		On entry : 
		On exit  : 
		Unchanged: 
 Data sizes:     COMMON   BANK0   BANK1   BANK3   BANK2
      Params:         0       0       8       0       0
      Locals:         0       0       0       0       0
      Temps:          0       0       0       0       0
      Totals:         0       0       8       0       0
Total ram usage:        8 bytes
 Hardware stack levels used:    1
 Hardware stack levels required when called:    2
 This function calls:
		___fladd
 This function is called by:
		_sprintf
 This function uses a non-reentrant model


 *************** function ___fladd *****************
 Defined at:
		line 10 in file "C:\Program Files\Microchip\xc8\v2.31\pic\sources\c90\common\sprcadd.c"
 Parameters:    Size  Location     Type
  b               4   54[BANK0 ] long 
  a               4   58[BANK0 ] long 
 Auto vars:     Size  Location     Type
  grs             1   73[BANK0 ] unsigned char 
  bexp            1   72[BANK0 ] unsigned char 
  aexp            1   71[BANK0 ] unsigned char 
  signs           1   70[BANK0 ] unsigned char 
 Return value:  Size  Location     Type
                  4   54[BANK0 ] unsigned char 
 Registers used:
		wreg, status,2, status,0, btemp+1
 Tracked objects:
		On entry : 
		On exit  : 
		Unchanged: 
 Data sizes:     COMMON   BANK0   BANK1   BANK3   BANK2
      Params:         0       8       0       0       0
      Locals:         0       4       0       0       0
      Temps:          0       8       0       0       0
      Totals:         0      20       0       0       0
Total ram usage:       20 bytes
 Hardware stack levels used:    1
 Hardware stack levels required when called:    1
 This function calls:
		Nothing
 This function is called by:
		_sprintf
		___flsub
 This function uses a non-reentrant model


 *************** function ___flneg *****************
 Defined at:
		line 15 in file "C:\Program Files\Microchip\xc8\v2.31\pic\sources\c90\common\flneg.c"
 Parameters:    Size  Location     Type
  f1              4    2[COMMON] unsigned char 
 Auto vars:     Size  Location     Type
		None
 Return value:  Size  Location     Type
                  4    2[COMMON] unsigned char 
 Registers used:
		wreg
 Tracked objects:
		On entry : 
		On exit  : 
		Unchanged: 
 Data sizes:     COMMON   BANK0   BANK1   BANK3   BANK2
      Params:         4       0       0       0       0
      Locals:         0       0       0       0       0
      Temps:          0       0       0       0       0
      Totals:         4       0       0       0       0
Total ram usage:        4 bytes
 Hardware stack levels used:    1
 Hardware stack levels required when called:    1
 This function calls:
		Nothing
 This function is called by:
		_sprintf
 This function uses a non-reentrant model


 *************** function ___flge *****************
 Defined at:
		line 4 in file "C:\Program Files\Microchip\xc8\v2.31\pic\sources\c90\common\flge.c"
 Parameters:    Size  Location     Type
  ff1             4    2[COMMON] unsigned char 
  ff2             4    6[COMMON] unsigned char 
 Auto vars:     Size  Location     Type
		None
 Return value:  Size  Location     Type
		None               void
 Registers used:
		wreg, status,2, status,0
 Tracked objects:
		On entry : 
		On exit  : 
		Unchanged: 
 Data sizes:     COMMON   BANK0   BANK1   BANK3   BANK2
      Params:         8       0       0       0       0
      Locals:         0       0       0       0       0
      Temps:          0       4       0       0       0
      Totals:         8       4       0       0       0
Total ram usage:       12 bytes
 Hardware stack levels used:    1
 Hardware stack levels required when called:    1
 This function calls:
		Nothing
 This function is called by:
		_sprintf
 This function uses a non-reentrant model


 *************** function ___fleq *****************
 Defined at:
		line 4 in file "C:\Program Files\Microchip\xc8\v2.31\pic\sources\c90\common\fleq.c"
 Parameters:    Size  Location     Type
  ff1             4    2[COMMON] unsigned char 
  ff2             4    6[COMMON] unsigned char 
 Auto vars:     Size  Location     Type
		None
 Return value:  Size  Location     Type
		None               void
 Registers used:
		wreg, status,2, status,0
 Tracked objects:
		On entry : 
		On exit  : 
		Unchanged: 
 Data sizes:     COMMON   BANK0   BANK1   BANK3   BANK2
      Params:         8       0       0       0       0
      Locals:         0       0       0       0       0
      Temps:          0       4       0       0       0
      Totals:         8       4       0       0       0
Total ram usage:       12 bytes
 Hardware stack levels used:    1
 Hardware stack levels required when called:    1
 This function calls:
		Nothing
 This function is called by:
		_sprintf
 This function uses a non-reentrant model


 *************** function _setup *****************
 Defined at:
		line 125 in file "maestro.c"
 Parameters:    Size  Location     Type
		None
 Auto vars:     Size  Location     Type
		None
 Return value:  Size  Location     Type
                  1    wreg      void 
 Registers used:
		wreg, status,2, status,0, pclath, cstack
 Tracked objects:
		On entry : 
		On exit  : 
		Unchanged: 
 Data sizes:     COMMON   BANK0   BANK1   BANK3   BANK2
      Params:         0       0       0       0       0
      Locals:         0       0       0       0       0
      Temps:          0       0       0       0       0
      Totals:         0       0       0       0       0
Total ram usage:        0 bytes
 Hardware stack levels used:    1
 Hardware stack levels required when called:    3
 This function calls:
		_I2C_Master_Init
 This function is called by:
		_main
 This function uses a non-reentrant model


 *************** function _I2C_Master_Init *****************
 Defined at:
		line 19 in file "I2C.c"
 Parameters:    Size  Location     Type
  c               4    5[BANK0 ] const unsigned long 
 Auto vars:     Size  Location     Type
		None
 Return value:  Size  Location     Type
                  1    wreg      void 
 Registers used:
		wreg, status,2, status,0, pclath, cstack
 Tracked objects:
		On entry : 
		On exit  : 
		Unchanged: 
 Data sizes:     COMMON   BANK0   BANK1   BANK3   BANK2
      Params:         0       4       0       0       0
      Locals:         0       0       0       0       0
      Temps:          0       4       0       0       0
      Totals:         0       8       0       0       0
Total ram usage:        8 bytes
 Hardware stack levels used:    1
 Hardware stack levels required when called:    2
 This function calls:
		___lldiv
 This function is called by:
		_setup
 This function uses a non-reentrant model


 *************** function ___lldiv *****************
 Defined at:
		line 5 in file "C:\Program Files\Microchip\xc8\v2.31\pic\sources\c90\common\__lldiv.c"
 Parameters:    Size  Location     Type
  divisor         4    2[COMMON] unsigned long 
  dividend        4    6[COMMON] unsigned long 
 Auto vars:     Size  Location     Type
  quotient        4    0[BANK0 ] unsigned long 
  counter         1    4[BANK0 ] unsigned char 
 Return value:  Size  Location     Type
                  4    2[COMMON] unsigned long 
 Registers used:
		wreg, status,2, status,0
 Tracked objects:
		On entry : 
		On exit  : 
		Unchanged: 
 Data sizes:     COMMON   BANK0   BANK1   BANK3   BANK2
      Params:         8       0       0       0       0
      Locals:         0       5       0       0       0
      Temps:          1       0       0       0       0
      Totals:         9       5       0       0       0
Total ram usage:       14 bytes
 Hardware stack levels used:    1
 Hardware stack levels required when called:    1
 This function calls:
		Nothing
 This function is called by:
		_I2C_Master_Init
		_sprintf
 This function uses a non-reentrant model


 *************** function _send_crct *****************
 Defined at:
		line 165 in file "maestro.c"
 Parameters:    Size  Location     Type
  st              1    wreg     PTR unsigned char 
		 -> f1(10), 
 Auto vars:     Size  Location     Type
  st              1    6[COMMON] PTR unsigned char 
		 -> f1(10), 
  i               2    4[COMMON] int 
 Return value:  Size  Location     Type
                  1    wreg      void 
 Registers used:
		wreg, fsr0l, fsr0h, status,2, status,0, pclath, cstack
 Tracked objects:
		On entry : 
		On exit  : 
		Unchanged: 
 Data sizes:     COMMON   BANK0   BANK1   BANK3   BANK2
      Params:         0       0       0       0       0
      Locals:         3       0       0       0       0
      Temps:          1       0       0       0       0
      Totals:         4       0       0       0       0
Total ram usage:        4 bytes
 Hardware stack levels used:    1
 Hardware stack levels required when called:    2
 This function calls:
		_send_char
 This function is called by:
		_main
 This function uses a non-reentrant model


 *************** function _send_char *****************
 Defined at:
		line 172 in file "maestro.c"
 Parameters:    Size  Location     Type
  dato            1    wreg     unsigned char 
 Auto vars:     Size  Location     Type
  dato            1    2[COMMON] unsigned char 
 Return value:  Size  Location     Type
                  1    wreg      void 
 Registers used:
		wreg
 Tracked objects:
		On entry : 
		On exit  : 
		Unchanged: 
 Data sizes:     COMMON   BANK0   BANK1   BANK3   BANK2
      Params:         0       0       0       0       0
      Locals:         1       0       0       0       0
      Temps:          0       0       0       0       0
      Totals:         1       0       0       0       0
Total ram usage:        1 bytes
 Hardware stack levels used:    1
 Hardware stack levels required when called:    1
 This function calls:
		Nothing
 This function is called by:
		_send_crct
 This function uses a non-reentrant model


 *************** function _conv *****************
 Defined at:
		line 160 in file "maestro.c"
 Parameters:    Size  Location     Type
  aa              1    wreg     unsigned char 
 Auto vars:     Size  Location     Type
  aa              1   18[BANK0 ] unsigned char 
  result          4   14[BANK0 ] float 
 Return value:  Size  Location     Type
                  4    6[BANK0 ] float 
 Registers used:
		wreg, status,2, status,0, pclath, cstack
 Tracked objects:
		On entry : 
		On exit  : 
		Unchanged: 
 Data sizes:     COMMON   BANK0   BANK1   BANK3   BANK2
      Params:         0       4       0       0       0
      Locals:         0       5       0       0       0
      Temps:          0       4       0       0       0
      Totals:         0      13       0       0       0
Total ram usage:       13 bytes
 Hardware stack levels used:    1
 Hardware stack levels required when called:    2
 This function calls:
		___xxtofl
 This function is called by:
		_main
 This function uses a non-reentrant model


 *************** function ___xxtofl *****************
 Defined at:
		line 10 in file "C:\Program Files\Microchip\xc8\v2.31\pic\sources\c90\common\xxtofl.c"
 Parameters:    Size  Location     Type
  sign            1    wreg     unsigned char 
  val             4    2[COMMON] long 
 Auto vars:     Size  Location     Type
  sign            1    0[BANK0 ] unsigned char 
  arg             4    2[BANK0 ] unsigned long 
  exp             1    1[BANK0 ] unsigned char 
 Return value:  Size  Location     Type
                  4    2[COMMON] unsigned char 
 Registers used:
		wreg, status,2, status,0
 Tracked objects:
		On entry : 
		On exit  : 
		Unchanged: 
 Data sizes:     COMMON   BANK0   BANK1   BANK3   BANK2
      Params:         4       0       0       0       0
      Locals:         0       6       0       0       0
      Temps:          4       0       0       0       0
      Totals:         8       6       0       0       0
Total ram usage:       14 bytes
 Hardware stack levels used:    1
 Hardware stack levels required when called:    1
 This function calls:
		Nothing
 This function is called by:
		_conv
		_sprintf
 This function uses a non-reentrant model


 *************** function _cfg_usart *****************
 Defined at:
		line 142 in file "maestro.c"
 Parameters:    Size  Location     Type
		None
 Auto vars:     Size  Location     Type
		None
 Return value:  Size  Location     Type
                  1    wreg      void 
 Registers used:
		wreg, status,2
 Tracked objects:
		On entry : 
		On exit  : 
		Unchanged: 
 Data sizes:     COMMON   BANK0   BANK1   BANK3   BANK2
      Params:         0       0       0       0       0
      Locals:         0       0       0       0       0
      Temps:          0       0       0       0       0
      Totals:         0       0       0       0       0
Total ram usage:        0 bytes
 Hardware stack levels used:    1
 Hardware stack levels required when called:    1
 This function calls:
		Nothing
 This function is called by:
		_main
 This function uses a non-reentrant model


 *************** function _cfg_clk *****************
 Defined at:
		line 138 in file "maestro.c"
 Parameters:    Size  Location     Type
		None
 Auto vars:     Size  Location     Type
		None
 Return value:  Size  Location     Type
                  1    wreg      void 
 Registers used:
		wreg, status,2, status,0
 Tracked objects:
		On entry : 
		On exit  : 
		Unchanged: 
 Data sizes:     COMMON   BANK0   BANK1   BANK3   BANK2
      Params:         0       0       0       0       0
      Locals:         0       0       0       0       0
      Temps:          0       0       0       0       0
      Totals:         0       0       0       0       0
Total ram usage:        0 bytes
 Hardware stack levels used:    1
 Hardware stack levels required when called:    1
 This function calls:
		Nothing
 This function is called by:
		_main
 This function uses a non-reentrant model


 *************** function _I2C_Master_Write *****************
 Defined at:
		line 68 in file "I2C.c"
 Parameters:    Size  Location     Type
  d               2    2[COMMON] unsigned int 
 Auto vars:     Size  Location     Type
		None
 Return value:  Size  Location     Type
                  1    wreg      void 
 Registers used:
		wreg, status,2, status,0, pclath, cstack
 Tracked objects:
		On entry : 
		On exit  : 
		Unchanged: 
 Data sizes:     COMMON   BANK0   BANK1   BANK3   BANK2
      Params:         2       0       0       0       0
      Locals:         0       0       0       0       0
      Temps:          0       0       0       0       0
      Totals:         2       0       0       0       0
Total ram usage:        2 bytes
 Hardware stack levels used:    1
 Hardware stack levels required when called:    2
 This function calls:
		_I2C_Master_Wait
 This function is called by:
		_main
 This function uses a non-reentrant model


 *************** function _I2C_Master_Stop *****************
 Defined at:
		line 58 in file "I2C.c"
 Parameters:    Size  Location     Type
		None
 Auto vars:     Size  Location     Type
		None
 Return value:  Size  Location     Type
                  1    wreg      void 
 Registers used:
		wreg, status,2, status,0, pclath, cstack
 Tracked objects:
		On entry : 
		On exit  : 
		Unchanged: 
 Data sizes:     COMMON   BANK0   BANK1   BANK3   BANK2
      Params:         0       0       0       0       0
      Locals:         0       0       0       0       0
      Temps:          0       0       0       0       0
      Totals:         0       0       0       0       0
Total ram usage:        0 bytes
 Hardware stack levels used:    1
 Hardware stack levels required when called:    2
 This function calls:
		_I2C_Master_Wait
 This function is called by:
		_main
 This function uses a non-reentrant model


 *************** function _I2C_Master_Start *****************
 Defined at:
		line 42 in file "I2C.c"
 Parameters:    Size  Location     Type
		None
 Auto vars:     Size  Location     Type
		None
 Return value:  Size  Location     Type
                  1    wreg      void 
 Registers used:
		wreg, status,2, status,0, pclath, cstack
 Tracked objects:
		On entry : 
		On exit  : 
		Unchanged: 
 Data sizes:     COMMON   BANK0   BANK1   BANK3   BANK2
      Params:         0       0       0       0       0
      Locals:         0       0       0       0       0
      Temps:          0       0       0       0       0
      Totals:         0       0       0       0       0
Total ram usage:        0 bytes
 Hardware stack levels used:    1
 Hardware stack levels required when called:    2
 This function calls:
		_I2C_Master_Wait
 This function is called by:
		_main
 This function uses a non-reentrant model


 *************** function _I2C_Master_Read *****************
 Defined at:
		line 77 in file "I2C.c"
 Parameters:    Size  Location     Type
  a               2    2[COMMON] unsigned short 
 Auto vars:     Size  Location     Type
  temp            2    6[COMMON] unsigned short 
 Return value:  Size  Location     Type
                  2    2[COMMON] unsigned short 
 Registers used:
		wreg, status,2, status,0, pclath, cstack
 Tracked objects:
		On entry : 
		On exit  : 
		Unchanged: 
 Data sizes:     COMMON   BANK0   BANK1   BANK3   BANK2
      Params:         2       0       0       0       0
      Locals:         2       0       0       0       0
      Temps:          2       0       0       0       0
      Totals:         6       0       0       0       0
Total ram usage:        6 bytes
 Hardware stack levels used:    1
 Hardware stack levels required when called:    2
 This function calls:
		_I2C_Master_Wait
 This function is called by:
		_main
 This function uses a non-reentrant model


 *************** function _I2C_Master_Wait *****************
 Defined at:
		line 35 in file "I2C.c"
 Parameters:    Size  Location     Type
		None
 Auto vars:     Size  Location     Type
		None
 Return value:  Size  Location     Type
                  1    wreg      void 
 Registers used:
		wreg, status,2
 Tracked objects:
		On entry : 
		On exit  : 
		Unchanged: 
 Data sizes:     COMMON   BANK0   BANK1   BANK3   BANK2
      Params:         0       0       0       0       0
      Locals:         0       0       0       0       0
      Temps:          0       0       0       0       0
      Totals:         0       0       0       0       0
Total ram usage:        0 bytes
 Hardware stack levels used:    1
 Hardware stack levels required when called:    1
 This function calls:
		Nothing
 This function is called by:
		_I2C_Master_Start
		_I2C_Master_Stop
		_I2C_Master_Write
		_I2C_Master_Read
		_I2C_Master_RepeatedStart
 This function uses a non-reentrant model


 *************** function _isr *****************
 Defined at:
		line 67 in file "maestro.c"
 Parameters:    Size  Location     Type
		None
 Auto vars:     Size  Location     Type
		None
 Return value:  Size  Location     Type
                  1    wreg      void 
 Registers used:
		wreg, status,2, status,0
 Tracked objects:
		On entry : 
		On exit  : 
		Unchanged: 
 Data sizes:     COMMON   BANK0   BANK1   BANK3   BANK2
      Params:         0       0       0       0       0
      Locals:         0       0       0       0       0
      Temps:          2       0       0       0       0
      Totals:         2       0       0       0       0
Total ram usage:        2 bytes
 Hardware stack levels used:    1
 This function calls:
		Nothing
 This function is called by:
		Interrupt level 1
 This function uses a non-reentrant model



MODULE INFORMATION

Module		Function		Class		Link	Load	Size
C:\Program Files\Microchip\xc8\v2.31\pic\sources\c90\common\flneg.c
		___flneg       		CODE           	1000	0000	11

C:\Program Files\Microchip\xc8\v2.31\pic\sources\c90\common\flneg.c estimated size: 11

C:\Program Files\Microchip\xc8\v2.31\pic\sources\c90\common\flge.c
		___flge        		CODE           	1EA0	0000	164

C:\Program Files\Microchip\xc8\v2.31\pic\sources\c90\common\flge.c estimated size: 164

C:\Program Files\Microchip\xc8\v2.31\pic\sources\c90\common\sprcmul.c
		___flmul       		CODE           	093C	0000	865

C:\Program Files\Microchip\xc8\v2.31\pic\sources\c90\common\sprcmul.c estimated size: 865

C:\Program Files\Microchip\xc8\v2.31\pic\sources\c90\common\__lldiv.c
		___lldiv       		CODE           	1DBC	0000	104

C:\Program Files\Microchip\xc8\v2.31\pic\sources\c90\common\__lldiv.c estimated size: 104

C:\Program Files\Microchip\xc8\v2.31\pic\sources\c90\common\Umul8_16.c
		__Umul8_16     		CODE           	1B60	0000	39

C:\Program Files\Microchip\xc8\v2.31\pic\sources\c90\common\Umul8_16.c estimated size: 39

maestro.c
		_main          		CODE           	119B	0000	255
		_cfg_usart     		CODE           	100B	0000	21
		_conv          		CODE           	0801	0000	41
		_isr           		CODE           	1AD8	0000	33
		_send_crct     		CODE           	1AF9	0000	33
		_cfg_clk       		CODE           	1A90	0000	8
		_send_char     		CODE           	1ABC	0000	10
		_setup         		CODE           	1B1A	0000	33

maestro.c estimated size: 434

C:\Program Files\Microchip\xc8\v2.31\pic\sources\c90\common\doprnt.c
		_scale         		CODE           	0C9D	0000	867
		_sprintf       		CODE           	082A	0000	2381
		_fround        		CODE           	057A	0000	525

C:\Program Files\Microchip\xc8\v2.31\pic\sources\c90\common\doprnt.c estimated size: 3773

C:\Program Files\Microchip\xc8\v2.31\pic\sources\c90\common\ftdivl.c
		__tdiv_to_l_   		CODE           	1020	0000	189

C:\Program Files\Microchip\xc8\v2.31\pic\sources\c90\common\ftdivl.c estimated size: 189

C:\Program Files\Microchip\xc8\v2.31\pic\sources\c90\common\lwmod.c
		___lwmod       		CODE           	1BED	0000	58

C:\Program Files\Microchip\xc8\v2.31\pic\sources\c90\common\lwmod.c estimated size: 58

C:\Program Files\Microchip\xc8\v2.31\pic\sources\c90\common\awmod.c
		___awmod       		CODE           	1D63	0000	89

C:\Program Files\Microchip\xc8\v2.31\pic\sources\c90\common\awmod.c estimated size: 89

C:\Program Files\Microchip\xc8\v2.31\pic\sources\c90\common\Umul16.c
		___wmul        		CODE           	1B3B	0000	37

C:\Program Files\Microchip\xc8\v2.31\pic\sources\c90\common\Umul16.c estimated size: 37

I2C.c
		_I2C_Master_Read		CODE           	1B87	0000	46
		_I2C_Master_Wait		CODE           	07F0	0000	13
		_I2C_Master_Init		CODE           	1BB5	0000	56
		_I2C_Master_Stop		CODE           	1AA9	0000	9
		_I2C_Master_Write		CODE           	1AB2	0000	10
		_I2C_Master_Start		CODE           	1AA0	0000	9

I2C.c estimated size: 143

C:\Program Files\Microchip\xc8\v2.31\pic\sources\c90\common\llmod.c
		___llmod       		CODE           	1D0D	0000	86

C:\Program Files\Microchip\xc8\v2.31\pic\sources\c90\common\llmod.c estimated size: 86

C:\Program Files\Microchip\xc8\v2.31\pic\sources\c90\common\isdigit.c
		_isdigit       		CODE           	1AC6	0000	18

C:\Program Files\Microchip\xc8\v2.31\pic\sources\c90\common\isdigit.c estimated size: 18

C:\Program Files\Microchip\xc8\v2.31\pic\sources\c90\common\sprcadd.c
		___flsub       		CODE           	1CBD	0000	80
		___fladd       		CODE           	129A	0000	648

C:\Program Files\Microchip\xc8\v2.31\pic\sources\c90\common\sprcadd.c estimated size: 728

C:\Program Files\Microchip\xc8\v2.31\pic\sources\c90\common\fleq.c
		___fleq        		CODE           	1C6D	0000	80

C:\Program Files\Microchip\xc8\v2.31\pic\sources\c90\common\fleq.c estimated size: 80

C:\Program Files\Microchip\xc8\v2.31\pic\sources\c90\common\fldivl.c
		__div_to_l_    		CODE           	10DD	0000	190

C:\Program Files\Microchip\xc8\v2.31\pic\sources\c90\common\fldivl.c estimated size: 190

C:\Program Files\Microchip\xc8\v2.31\pic\sources\c90\common\lwdiv.c
		___lwdiv       		CODE           	1C27	0000	70

C:\Program Files\Microchip\xc8\v2.31\pic\sources\c90\common\lwdiv.c estimated size: 70

C:\Program Files\Microchip\xc8\v2.31\pic\sources\c90\common\awdiv.c
		___awdiv       		CODE           	0787	0000	105

C:\Program Files\Microchip\xc8\v2.31\pic\sources\c90\common\awdiv.c estimated size: 105

shared
		__stringtab    		STRING         	1800	0000	6
		__powers_      		STRING         	1806	0000	52
		_dpowers       		STRING         	186E	0000	40
		__npowers_     		STRING         	183A	0000	52
		__initialization		CODE           	000F	0000	10

shared estimated size: 160

C:\Program Files\Microchip\xc8\v2.31\pic\sources\c90\common\fltol.c
		___fltol       		CODE           	1E24	0000	124

C:\Program Files\Microchip\xc8\v2.31\pic\sources\c90\common\fltol.c estimated size: 124

C:\Program Files\Microchip\xc8\v2.31\pic\sources\c90\common\xxtofl.c
		___xxtofl      		CODE           	1F44	0000	188

C:\Program Files\Microchip\xc8\v2.31\pic\sources\c90\common\xxtofl.c estimated size: 188

