Microchip MPLAB XC8 Compiler V2.31

Linker command line:

-W-3 --edf=C:\Program Files\Microchip\xc8\v2.31\pic\dat\en_msgs.txt -cn \
  -h+dist/default/production\P1.X.production.sym \
  --cmf=dist/default/production\P1.X.production.cmf -z -Q16F887 \
  -oC:\Users\gerar\AppData\Local\Temp\sgls.2 --defsym=__MPLAB_BUILD=1 \
  -Mdist/default/production/P1.X.production.map -E1 -ver=XC8 Compiler \
  --acfsm=1493 -ASTACK=0110h-016Fh -pstack=STACK -ACODE=00h-07FFhx4 \
  -ASTRCODE=00h-01FFFh -ASTRING=00h-0FFhx32 -ACONST=00h-0FFhx32 \
  -AENTRY=00h-0FFhx32 -ACOMMON=070h-07Fh -ABANK0=020h-06Fh \
  -ABANK1=0A0h-0EFh -ABANK2=0110h-016Fh -ABANK3=0190h-01EFh \
  -ARAM=020h-06Fh,0A0h-0EFh,0110h-016Fh,0190h-01EFh \
  -AABS1=020h-07Fh,0A0h-0EFh,0110h-016Fh,0190h-01EFh -ASFR0=00h-01Fh \
  -ASFR1=080h-09Fh -ASFR2=0100h-010Fh -ASFR3=0180h-018Fh \
  -ACONFIG=02007h-02008h -DCONFIG=2 -AIDLOC=02000h-02003h -DIDLOC=2 \
  -AEEDATA=00h-0FFh/02100h -peeprom_data=EEDATA -DEEDATA=2 -DCODE=2 \
  -DSTRCODE=2 -DSTRING=2 -DCONST=2 -DENTRY=2 \
  -preset_vec=00h,intentry=04h,init,end_init -ppowerup=CODE -pcinit=CODE \
  -pfunctab=ENTRY -k C:\Users\gerar\AppData\Local\Temp\sgls.o \
  dist/default/production\P1.X.production.o 

Object code version is 3.11

Machine type is 16F887



                Name                               Link     Load   Length Selector   Space Scale
C:\Users\gerar\AppData\Local\Temp\sgls.o
                end_init                              C        C        3        8       0
                reset_vec                             0        0        3        0       0
                config                             2007     2007        2        0       4
dist/default/production\P1.X.production.o
                cinit                                 F        F       10        8       0
                intentry                              4        4        8        8       0
                text1_split_1                        1F       1F      530        8       0
                config                             2007     2007        2        0       4
                text29                             1C72     1C72        7     38E4       0
                text28                             1C79     1C79        8     38F2       0
                text27                             1C9E     1C9E       12     393C       0
                text26                             1002     1002       15     2004       0
                text25                             10BB     10BB       BC     2176       0
                text24                             1CE3     1CE3       24     39C6       0
                text23                             1C89     1C89        A     3912       0
                text22                             1CC2     1CC2       21     3984       0
                text21                             1D66     1D66       50     3ACC       0
                text20                             1017     1017       A4     202E       0
                text19                             1C93     1C93        B     3926       0
                text18                              54F      54F      288        8       0
                text17                             1DB6     1DB6       50     3B6C       0
                text16                             1F84     1F84       7C     3F08       0
                text15                             1EB3     1EB3       68     3D66       0
                text14                             1E06     1E06       54     3C0C       0
                text13                             1D07     1D07       25     3A0E       0
                text12                             1234     1234       BE     2468       0
                text11                             1177     1177       BD     22EE       0
                text10                              7D7      7D7       27        8       0
                text9                               93C      93C      361     1278       0
                text8                               804      804       46     1008       0
                text7                              1D2C     1D2C       3A     3A58       0
                text6                              12F2     12F2      20B     25E4       0
                text5                              1CB0     1CB0       12     3960       0
                text4                              1F1B     1F1B       69     3E36       0
                text3                              1E5A     1E5A       59     3CB4       0
                text2                               C9D      C9D      363     193A       0
                text1                              14FD     14FD      303     29FA       0
                maintext                            84A      84A       F2     1094       0
                cstackBANK0                          20       20       4F       20       1
                cstackCOMMON                         70       70        C       70       1
                cstackBANK1                          A0       A0       2B       A0       1
                clrtext                            1C81     1C81        8     3902       0
                bssBANK1                             CB       CB       18       A0       1
                bssBANK0                             6F       6F        1       20       1
                strings                            1800     1800       9F     3000       0

TOTAL           Name                               Link     Load   Length     Space
        CLASS   STACK          

        CLASS   CODE           
                end_init                              C        C        3         0
                cinit                                 F        F       10         0
                intentry                              4        4        8         0
                reset_vec                             0        0        3         0
                text1_split_1                        1F       1F      530         0
                text29                             1C72     1C72        7         0
                text28                             1C79     1C79        8         0
                text27                             1C9E     1C9E       12         0
                text26                             1002     1002       15         0
                text25                             10BB     10BB       BC         0
                text24                             1CE3     1CE3       24         0
                text23                             1C89     1C89        A         0
                text22                             1CC2     1CC2       21         0
                text21                             1D66     1D66       50         0
                text20                             1017     1017       A4         0
                text19                             1C93     1C93        B         0
                text18                              54F      54F      288         0
                text17                             1DB6     1DB6       50         0
                text16                             1F84     1F84       7C         0
                text15                             1EB3     1EB3       68         0
                text14                             1E06     1E06       54         0
                text13                             1D07     1D07       25         0
                text12                             1234     1234       BE         0
                text11                             1177     1177       BD         0
                text10                              7D7      7D7       27         0
                text9                               93C      93C      361         0
                text8                               804      804       46         0
                text7                              1D2C     1D2C       3A         0
                text6                              12F2     12F2      20B         0
                text5                              1CB0     1CB0       12         0
                text4                              1F1B     1F1B       69         0
                text3                              1E5A     1E5A       59         0
                text2                               C9D      C9D      363         0
                text1                              14FD     14FD      303         0
                maintext                            84A      84A       F2         0
                clrtext                            1C81     1C81        8         0

        CLASS   STRCODE        

        CLASS   STRING         
                strings                            1800     1800       9F         0

        CLASS   CONST          

        CLASS   ENTRY          

        CLASS   COMMON         
                cstackCOMMON                         70       70        C         1

        CLASS   BANK0          
                cstackBANK0                          20       20       4F         1
                bssBANK0                             6F       6F        1         1

        CLASS   BANK1          
                cstackBANK1                          A0       A0       2B         1
                bssBANK1                             CB       CB       18         1

        CLASS   BANK2          

        CLASS   BANK3          

        CLASS   RAM            

        CLASS   ABS1           
                abs_s1                               7E       7E        2         1

        CLASS   SFR0           

        CLASS   SFR1           

        CLASS   SFR2           

        CLASS   SFR3           

        CLASS   CONFIG         
                config                             2007     2007        2         4

        CLASS   IDLOC          

        CLASS   EEDATA         



SEGMENTS        Name                           Load    Length   Top    Selector   Space  Class     Delta

                reset_vec                      000000  000003  000003         0       0  CODE        2
                intentry                       000004  0007FA  0007FE         8       0  CODE        2
                cstackBANK0                    000020  000050  000070        20       1  BANK0       1
                cstackCOMMON                   000070  00000C  00007C        70       1  COMMON      1
                cstackBANK1                    0000A0  000043  0000E3        A0       1  BANK1       1
                text8                          000804  000046  00084A      1008       0  CODE        2
                maintext                       00084A  0000F2  00093C      1094       0  CODE        2
                text9                          00093C  000361  000C9D      1278       0  CODE        2
                text2                          000C9D  000363  001000      193A       0  CODE        2
                text26                         001002  000015  001017      2004       0  CODE        2
                text20                         001017  0000A4  0010BB      202E       0  CODE        2
                text25                         0010BB  0000BC  001177      2176       0  CODE        2
                text11                         001177  0000BD  001234      22EE       0  CODE        2
                text12                         001234  0000BE  0012F2      2468       0  CODE        2
                text6                          0012F2  00020B  0014FD      25E4       0  CODE        2
                text1                          0014FD  000303  001800      29FA       0  CODE        2
                strings                        001800  00009F  00189F      3000       0  STRING      2
                text29                         001C72  000007  001C79      38E4       0  CODE        2
                text28                         001C79  000008  001C81      38F2       0  CODE        2
                clrtext                        001C81  000008  001C89      3902       0  CODE        2
                text23                         001C89  00000A  001C93      3912       0  CODE        2
                text19                         001C93  00000B  001C9E      3926       0  CODE        2
                text27                         001C9E  000012  001CB0      393C       0  CODE        2
                text5                          001CB0  000012  001CC2      3960       0  CODE        2
                text22                         001CC2  000021  001CE3      3984       0  CODE        2
                text24                         001CE3  000024  001D07      39C6       0  CODE        2
                text13                         001D07  000025  001D2C      3A0E       0  CODE        2
                text7                          001D2C  00003A  001D66      3A58       0  CODE        2
                text21                         001D66  000050  001DB6      3ACC       0  CODE        2
                text17                         001DB6  000050  001E06      3B6C       0  CODE        2
                text14                         001E06  000054  001E5A      3C0C       0  CODE        2
                text3                          001E5A  000059  001EB3      3CB4       0  CODE        2
                text15                         001EB3  000068  001F1B      3D66       0  CODE        2
                text4                          001F1B  000069  001F84      3E36       0  CODE        2
                text16                         001F84  00007C  002000      3F08       0  CODE        2


UNUSED ADDRESS RANGES

        Name                Unused          Largest block    Delta
        BANK1            000E3-000EF               D           1
        BANK2            00110-0016F              60           1
        BANK3            00190-001EF              60           1
        CODE             00003-00003               1           2
                         007FE-00803               2
                         01000-01001               2
                         0189F-01C71             3D3
        COMMON           0007C-0007D               2           1
        CONST            00003-00003               1           2
                         007FE-00803               2
                         01000-01001               2
                         0189F-01C71             100
        EEDATA           02100-021FF             100           2
        ENTRY            00003-00003               1           2
                         007FE-00803               2
                         01000-01001               2
                         0189F-01C71             100
        IDLOC            02000-02003               4           2
        RAM              000E3-000EF               D           1
                         00110-0016F              60
                         00190-001EF              60
        SFR0             00000-0001F              20           1
        SFR1             00080-0009F              20           1
        SFR2             00100-0010F              10           1
        SFR3             00180-0018F              10           1
        STACK            00110-0016F              60           1
        STRCODE          00003-00003               1           2
                         007FE-00803               6
                         01000-01001               2
                         0189F-01C71             3D3
        STRING           00003-00003               1           2
                         007FE-00803               2
                         01000-01001               2
                         0189F-01C71             100

                                  Symbol Table

?__Umul8_16              cstackCOMMON 00072
?___awdiv                cstackBANK0  00020
?___awmod                cstackCOMMON 00072
?___fladd                cstackBANK0  00056
?___flmul                cstackBANK0  00028
?___flneg                cstackCOMMON 00072
?___flsub                cstackBANK1  000A0
?___fltol                cstackBANK0  00055
?___lldiv                cstackCOMMON 00072
?___llmod                cstackCOMMON 00072
?___lwdiv                cstackCOMMON 00078
?___lwmod                cstackCOMMON 00072
?___wmul                 cstackCOMMON 00072
?___xxtofl               cstackCOMMON 00072
?__div_to_l_             cstackCOMMON 00072
?__tdiv_to_l_            cstackCOMMON 00072
?_conv                   cstackBANK0  00026
?_fround                 cstackBANK0  00042
?_scale                  cstackBANK0  00042
?_sprintf                cstackBANK0  0006A
_ANSEL                   (abs)        00188
_ANSELH                  (abs)        00189
_BAUDCTLbits             (abs)        00187
_D                       bssBANK1     000CF
_GIE                     (abs)        0005F
_INTCONbits              (abs)        0000B
_OSCCONbits              (abs)        0008F
_PEIE                    (abs)        0005E
_PIE1bits                (abs)        0008C
_PORTA                   (abs)        00005
_PORTB                   (abs)        00006
_PORTD                   (abs)        00008
_RA0                     (abs)        00028
_RA1                     (abs)        00029
_RA2                     (abs)        0002A
_RCSTAbits               (abs)        00018
_RD0                     (abs)        00040
_RD1                     (abs)        00041
_SPBRG                   (abs)        00099
_SPBRGH                  (abs)        0009A
_SSPADD                  (abs)        00093
_SSPBUF                  (abs)        00013
_SSPCON                  (abs)        00014
_SSPCON2                 (abs)        00091
_SSPCON2bits             (abs)        00091
_SSPIE                   (abs)        00463
_SSPIF                   (abs)        00063
_SSPSTAT                 (abs)        00094
_TMR1H                   (abs)        0000F
_TMR1L                   (abs)        0000E
_TMR1ON                  (abs)        00080
_TRISAbits               (abs)        00085
_TRISB                   (abs)        00086
_TRISC3                  (abs)        0043B
_TRISC4                  (abs)        0043C
_TRISCbits               (abs)        00087
_TRISD                   (abs)        00088
_TXIF                    (abs)        00064
_TXREG                   (abs)        00019
_TXSTAbits               (abs)        00098
_V                       bssBANK1     000D1
__Habs1                  abs1         00000
__Hbank0                 bank0        00000
__Hbank1                 bank1        00000
__Hbank2                 bank2        00000
__Hbank3                 bank3        00000
__HbssBANK0              bssBANK0     00000
__HbssBANK1              bssBANK1     00000
__Hcinit                 cinit        0001F
__Hclrtext               clrtext      00000
__Hcode                  code         00000
__Hcommon                common       00000
__Hconfig                config       02009
__HcstackBANK0           cstackBANK0  00000
__HcstackBANK1           cstackBANK1  00000
__HcstackCOMMON          cstackCOMMON 00000
__Heeprom_data           eeprom_data  00000
__Hend_init              end_init     0000F
__Hfunctab               functab      00000
__Hinit                  init         0000C
__Hintentry              intentry     0000C
__Hmaintext              maintext     00000
__Hpowerup               powerup      00000
__Hram                   ram          00000
__Hreset_vec             reset_vec    00003
__Hsfr0                  sfr0         00000
__Hsfr1                  sfr1         00000
__Hsfr2                  sfr2         00000
__Hsfr3                  sfr3         00000
__Hspace_0               (abs)        02000
__Hspace_1               (abs)        000E3
__Hspace_2               (abs)        00000
__Hspace_3               (abs)        00000
__Hspace_4               (abs)        04010
__Hstack                 stack        00000
__Hstrings               strings      00000
__Htext                  text         00000
__Labs1                  abs1         00000
__Lbank0                 bank0        00000
__Lbank1                 bank1        00000
__Lbank2                 bank2        00000
__Lbank3                 bank3        00000
__LbssBANK0              bssBANK0     00000
__LbssBANK1              bssBANK1     00000
__Lcinit                 cinit        0000F
__Lclrtext               clrtext      00000
__Lcode                  code         00000
__Lcommon                common       00000
__Lconfig                config       00000
__LcstackBANK0           cstackBANK0  00000
__LcstackBANK1           cstackBANK1  00000
__LcstackCOMMON          cstackCOMMON 00000
__Leeprom_data           eeprom_data  00000
__Lend_init              end_init     0000C
__Lfunctab               functab      00000
__Linit                  init         0000C
__Lintentry              intentry     00004
__Lmaintext              maintext     00000
__Lpowerup               powerup      00000
__Lram                   ram          00000
__Lreset_vec             reset_vec    00000
__Lsfr0                  sfr0         00000
__Lsfr1                  sfr1         00000
__Lsfr2                  sfr2         00000
__Lsfr3                  sfr3         00000
__Lspace_0               (abs)        00000
__Lspace_1               (abs)        00000
__Lspace_2               (abs)        00000
__Lspace_3               (abs)        00000
__Lspace_4               (abs)        00000
__Lstack                 stack        00000
__Lstrings               strings      00000
__Ltext                  text         00000
__S0                     (abs)        02000
__S1                     (abs)        000E3
__S2                     (abs)        00000
__S3                     (abs)        00000
__Umul8_16               text10       007D7
__Umul8_16@multiplicand  cstackCOMMON 00072
__Umul8_16@multiplier    cstackCOMMON 0007A
__Umul8_16@product       cstackCOMMON 00076
__Umul8_16@word_mpld     cstackCOMMON 00078
___awdiv                 text4        01F1B
___awdiv@counter         cstackBANK0  00024
___awdiv@dividend        cstackBANK0  00022
___awdiv@divisor         cstackBANK0  00020
___awdiv@quotient        cstackBANK0  00026
___awdiv@sign            cstackBANK0  00025
___awmod                 text3        01E5A
___awmod@counter         cstackCOMMON 00077
___awmod@dividend        cstackCOMMON 00074
___awmod@divisor         cstackCOMMON 00072
___awmod@sign            cstackCOMMON 00078
___fladd                 text18       0054F
___fladd@a               cstackBANK0  0005A
___fladd@aexp            cstackBANK0  00067
___fladd@b               cstackBANK0  00056
___fladd@bexp            cstackBANK0  00068
___fladd@grs             cstackBANK0  00069
___fladd@signs           cstackBANK0  00066
___fleq                  text21       01D66
___fleq@ff1              cstackCOMMON 00072
___fleq@ff2              cstackCOMMON 00076
___flge                  text20       01017
___flge@ff1              cstackCOMMON 00072
___flge@ff2              cstackCOMMON 00076
___flmul                 text9        0093C
___flmul@a               cstackBANK0  0002C
___flmul@aexp            cstackBANK0  0003A
___flmul@b               cstackBANK0  00028
___flmul@bexp            cstackBANK0  0003B
___flmul@grs             cstackBANK0  00036
___flmul@prod            cstackBANK0  0003C
___flmul@sign            cstackBANK0  00035
___flmul@temp            cstackBANK0  00040
___flneg                 text19       01C93
___flneg@f1              cstackCOMMON 00072
___flsub                 text17       01DB6
___flsub@a               cstackBANK1  000A0
___flsub@b               cstackBANK1  000A4
___fltol                 text16       01F84
___fltol@exp1            cstackBANK0  0005F
___fltol@f1              cstackBANK0  00055
___fltol@sign1           cstackBANK0  0005E
___int_sp                stack        00000
___latbits               (abs)        00002
___lldiv                 text15       01EB3
___lldiv@counter         cstackBANK0  00024
___lldiv@dividend        cstackCOMMON 00076
___lldiv@divisor         cstackCOMMON 00072
___lldiv@quotient        cstackBANK0  00020
___llmod                 text14       01E06
___llmod@counter         cstackCOMMON 0007B
___llmod@dividend        cstackCOMMON 00076
___llmod@divisor         cstackCOMMON 00072
___lwdiv                 text8        00804
___lwdiv@counter         cstackBANK0  00023
___lwdiv@dividend        cstackCOMMON 0007A
___lwdiv@divisor         cstackCOMMON 00078
___lwdiv@quotient        cstackBANK0  00021
___lwmod                 text7        01D2C
___lwmod@counter         cstackCOMMON 00077
___lwmod@dividend        cstackCOMMON 00074
___lwmod@divisor         cstackCOMMON 00072
___sp                    stack        00000
___stackhi               (abs)        00000
___stacklo               (abs)        00000
___wmul                  text13       01D07
___wmul@multiplicand     cstackCOMMON 00074
___wmul@multiplier       cstackCOMMON 00072
___wmul@product          cstackCOMMON 00076
___xxtofl                text25       010BB
___xxtofl@arg            cstackBANK0  00022
___xxtofl@exp            cstackBANK0  00021
___xxtofl@sign           cstackBANK0  00020
___xxtofl@val            cstackCOMMON 00072
__div_to_l_              text12       01234
__div_to_l_@cntr         cstackBANK0  00024
__div_to_l_@exp1         cstackBANK0  00025
__div_to_l_@f1           cstackCOMMON 00072
__div_to_l_@f2           cstackCOMMON 00076
__div_to_l_@quot         cstackBANK0  00020
__end_of__Umul8_16       text10       007FE
__end_of___awdiv         text4        01F84
__end_of___awmod         text3        01EB3
__end_of___fladd         text18       007D7
__end_of___fleq          text21       01DB6
__end_of___flge          text20       010BB
__end_of___flmul         text9        00C9D
__end_of___flneg         text19       01C9E
__end_of___flsub         text17       01E06
__end_of___fltol         text16       02000
__end_of___lldiv         text15       01F1B
__end_of___llmod         text14       01E5A
__end_of___lwdiv         text8        0084A
__end_of___lwmod         text7        01D66
__end_of___wmul          text13       01D2C
__end_of___xxtofl        text25       01177
__end_of__div_to_l_      text12       012F2
__end_of__initialization cinit        0001B
__end_of__npowers_       strings      0186E
__end_of__powers_        strings      0183A
__end_of__stringtab      strings      01806
__end_of__tdiv_to_l_     text11       01234
__end_of_cfg_clk         text28       01C81
__end_of_cfg_io          text27       01CB0
__end_of_cfg_usart       text26       01017
__end_of_conv            text24       01D07
__end_of_dpowers         strings      01896
__end_of_fround          text6        014FD
__end_of_isdigit         text5        01CC2
__end_of_isr             text29       01C79
__end_of_main            maintext     0093C
__end_of_scale           text2        01000
__end_of_send_char       text23       01C93
__end_of_send_crct       text22       01CE3
__end_of_sprintf         text1_split_1 0054F
__initialization         cinit        0000F
__npowers_               strings      0183A
__pbssBANK0              bssBANK0     0006F
__pbssBANK1              bssBANK1     000CB
__pcstackBANK0           cstackBANK0  00020
__pcstackBANK1           cstackBANK1  000A0
__pcstackCOMMON          cstackCOMMON 00070
__pintentry              intentry     00004
__pmaintext              maintext     0084A
__powers_                strings      01806
__pstrings               strings      01800
__ptext1                 text1        014FD
__ptext10                text10       007D7
__ptext11                text11       01177
__ptext12                text12       01234
__ptext13                text13       01D07
__ptext14                text14       01E06
__ptext15                text15       01EB3
__ptext16                text16       01F84
__ptext17                text17       01DB6
__ptext18                text18       0054F
__ptext19                text19       01C93
__ptext2                 text2        00C9D
__ptext20                text20       01017
__ptext21                text21       01D66
__ptext22                text22       01CC2
__ptext23                text23       01C89
__ptext24                text24       01CE3
__ptext25                text25       010BB
__ptext26                text26       01002
__ptext27                text27       01C9E
__ptext28                text28       01C79
__ptext29                text29       01C72
__ptext3                 text3        01E5A
__ptext4                 text4        01F1B
__ptext5                 text5        01CB0
__ptext6                 text6        012F2
__ptext7                 text7        01D2C
__ptext8                 text8        00804
__ptext9                 text9        0093C
__size_of__Umul8_16      (abs)        00000
__size_of___awdiv        (abs)        00000
__size_of___awmod        (abs)        00000
__size_of___fladd        (abs)        00000
__size_of___fleq         (abs)        00000
__size_of___flge         (abs)        00000
__size_of___flmul        (abs)        00000
__size_of___flneg        (abs)        00000
__size_of___flsub        (abs)        00000
__size_of___fltol        (abs)        00000
__size_of___lldiv        (abs)        00000
__size_of___llmod        (abs)        00000
__size_of___lwdiv        (abs)        00000
__size_of___lwmod        (abs)        00000
__size_of___wmul         (abs)        00000
__size_of___xxtofl       (abs)        00000
__size_of__div_to_l_     (abs)        00000
__size_of__tdiv_to_l_    (abs)        00000
__size_of_cfg_clk        (abs)        00000
__size_of_cfg_io         (abs)        00000
__size_of_cfg_usart      (abs)        00000
__size_of_conv           (abs)        00000
__size_of_fround         (abs)        00000
__size_of_isdigit        (abs)        00000
__size_of_isr            (abs)        00000
__size_of_main           (abs)        00000
__size_of_scale          (abs)        00000
__size_of_send_char      (abs)        00000
__size_of_send_crct      (abs)        00000
__size_of_sprintf        (abs)        00000
__stringbase             strings      01805
__stringtab              strings      01800
__tdiv_to_l_             text11       01177
__tdiv_to_l_@cntr        cstackBANK0  00028
__tdiv_to_l_@exp1        cstackBANK0  00029
__tdiv_to_l_@f1          cstackCOMMON 00072
__tdiv_to_l_@f2          cstackCOMMON 00076
__tdiv_to_l_@quot        cstackBANK0  00024
_cfg_clk                 text28       01C79
_cfg_io                  text27       01C9E
_cfg_usart               text26       01002
_conv                    text24       01CE3
_dpowers                 strings      0186E
_f1                      bssBANK1     000D4
_fround                  text6        012F2
_fround$1127             cstackBANK0  00051
_fround$1128             cstackBANK0  0004D
_i0                      bssBANK0     0006F
_i1                      bssBANK1     000D3
_isdigit                 text5        01CB0
_isdigit$932             cstackCOMMON 00072
_isr                     text29       01C72
_main                    maintext     0084A
_scale                   text2        00C9D
_scale$1129              cstackBANK0  00050
_send_char               text23       01C89
_send_crct               text22       01CC2
_sprintf                 text1        014FD
_sprintf$1130            cstackBANK1  000AD
_v                       bssBANK1     000CB
btemp                    (abs)        0007E
clear_ram0               clrtext      01C81
conv@aa                  cstackBANK0  00026
conv@result              cstackBANK0  0002A
end_of_initialization    cinit        0001B
fround@prec              cstackBANK0  00055
interrupt_function       intentry     00004
intlevel0                functab      00000
intlevel1                functab      00000
intlevel2                functab      00000
intlevel3                functab      00000
intlevel4                functab      00000
intlevel5                functab      00000
isdigit@c                cstackCOMMON 00073
pnum$text1               (abs)        0000B
pnum$text1_split_1       (abs)        0002A
psplit$0                 (abs)        B002A
reset_vec                reset_vec    00000
saved_w                  (abs)        0007E
scale@scl                cstackBANK0  00054
send_char@dato           cstackCOMMON 00072
send_crct@i              cstackCOMMON 00074
send_crct@st             cstackCOMMON 00076
sprintf@ap               cstackBANK1  000B1
sprintf@c                cstackBANK1  000C7
sprintf@eexp             cstackBANK1  000BA
sprintf@f                cstackBANK0  0006A
sprintf@flag             cstackBANK1  000BC
sprintf@fval             cstackBANK1  000C0
sprintf@prec             cstackBANK1  000C4
sprintf@sp               cstackBANK1  000C6
sprintf@tmpval           cstackBANK1  000B6
sprintf@val              cstackBANK1  000B2
sprintf@width            cstackBANK1  000BE
start                    init         0000C
start_initialization     cinit        0000F
wtemp0                   (abs)        0007E


FUNCTION INFORMATION:

 *************** function _main *****************
 Defined at:
		line 73 in file "mainp1.c"
 Parameters:    Size  Location     Type
		None
 Auto vars:     Size  Location     Type
		None
 Return value:  Size  Location     Type
                  1    wreg      void 
 Registers used:
		wreg, fsr0l, fsr0h, status,2, status,0, btemp+1, pclath, cstack
 Tracked objects:
		On entry : 
		On exit  : 
		Unchanged: 
 Data sizes:     COMMON   BANK0   BANK1   BANK3   BANK2
      Params:         0       0       0       0       0
      Locals:         0       0       0       0       0
      Temps:          0       0       3       0       0
      Totals:         0       0       3       0       0
Total ram usage:        3 bytes
 Hardware stack levels required when called:    5
 This function calls:
		___awdiv
		_cfg_clk
		_cfg_io
		_cfg_usart
		_conv
		_send_crct
		_sprintf
 This function is called by:
		Startup code after reset
 This function uses a non-reentrant model


 *************** function _sprintf *****************
 Defined at:
		line 505 in file "C:\Program Files\Microchip\xc8\v2.31\pic\sources\c90\common\doprnt.c"
 Parameters:    Size  Location     Type
  sp              1    wreg     PTR unsigned char 
		 -> f1(15), 
  f               1   74[BANK0 ] PTR const unsigned char 
		 -> STR_1(9), 
 Auto vars:     Size  Location     Type
  sp              1   38[BANK1 ] PTR unsigned char 
		 -> f1(15), 
  fval            4   32[BANK1 ] PTR unsigned char 
  tmpval          4   22[BANK1 ] struct .
  val             4   18[BANK1 ] unsigned long 
  prec            2   36[BANK1 ] int 
  width           2   30[BANK1 ] int 
  flag            2   28[BANK1 ] unsigned short 
  eexp            2   26[BANK1 ] int 
  cp              2    0        PTR const unsigned char 
  len             2    0        unsigned int 
  c               1   39[BANK1 ] unsigned char 
  ap              1   17[BANK1 ] PTR void [1]
		 -> ?_sprintf(2), 
  d               1    0        unsigned char 
 Return value:  Size  Location     Type
                  2   74[BANK0 ] int 
 Registers used:
		wreg, fsr0l, fsr0h, status,2, status,0, btemp+1, pclath, cstack
 Tracked objects:
		On entry : 
		On exit  : 
		Unchanged: 
 Data sizes:     COMMON   BANK0   BANK1   BANK3   BANK2
      Params:         0       5       0       0       0
      Locals:         0       0      27       0       0
      Temps:          0       0       5       0       0
      Totals:         0       5      32       0       0
Total ram usage:       37 bytes
 Hardware stack levels used:    1
 Hardware stack levels required when called:    4
 This function calls:
		___awdiv
		___fladd
		___fleq
		___flge
		___flmul
		___flneg
		___flsub
		___fltol
		___lldiv
		___llmod
		___wmul
		___xxtofl
		__div_to_l_
		__tdiv_to_l_
		_fround
		_isdigit
		_scale
 This function is called by:
		_main
 This function uses a non-reentrant model


 *************** function _scale *****************
 Defined at:
		line 433 in file "C:\Program Files\Microchip\xc8\v2.31\pic\sources\c90\common\doprnt.c"
 Parameters:    Size  Location     Type
  scl             1    wreg     char 
 Auto vars:     Size  Location     Type
  scl             1   52[BANK0 ] char 
 Return value:  Size  Location     Type
                  4   34[BANK0 ] char 
 Registers used:
		wreg, fsr0l, fsr0h, status,2, status,0, btemp+1, pclath, cstack
 Tracked objects:
		On entry : 
		On exit  : 
		Unchanged: 
 Data sizes:     COMMON   BANK0   BANK1   BANK3   BANK2
      Params:         0       4       0       0       0
      Locals:         0       5       0       0       0
      Temps:          0      10       0       0       0
      Totals:         0      19       0       0       0
Total ram usage:       19 bytes
 Hardware stack levels used:    1
 Hardware stack levels required when called:    3
 This function calls:
		___awdiv
		___awmod
		___flmul
 This function is called by:
		_sprintf
 This function uses a non-reentrant model


 *************** function ___awmod *****************
 Defined at:
		line 5 in file "C:\Program Files\Microchip\xc8\v2.31\pic\sources\c90\common\awmod.c"
 Parameters:    Size  Location     Type
  divisor         2    2[COMMON] int 
  dividend        2    4[COMMON] int 
 Auto vars:     Size  Location     Type
  sign            1    8[COMMON] unsigned char 
  counter         1    7[COMMON] unsigned char 
 Return value:  Size  Location     Type
                  2    2[COMMON] int 
 Registers used:
		wreg, status,2, status,0
 Tracked objects:
		On entry : 
		On exit  : 
		Unchanged: 
 Data sizes:     COMMON   BANK0   BANK1   BANK3   BANK2
      Params:         4       0       0       0       0
      Locals:         2       0       0       0       0
      Temps:          1       0       0       0       0
      Totals:         7       0       0       0       0
Total ram usage:        7 bytes
 Hardware stack levels used:    1
 Hardware stack levels required when called:    1
 This function calls:
		Nothing
 This function is called by:
		_scale
 This function uses a non-reentrant model


 *************** function ___awdiv *****************
 Defined at:
		line 5 in file "C:\Program Files\Microchip\xc8\v2.31\pic\sources\c90\common\awdiv.c"
 Parameters:    Size  Location     Type
  divisor         2    0[BANK0 ] int 
  dividend        2    2[BANK0 ] int 
 Auto vars:     Size  Location     Type
  quotient        2    6[BANK0 ] int 
  sign            1    5[BANK0 ] unsigned char 
  counter         1    4[BANK0 ] unsigned char 
 Return value:  Size  Location     Type
                  2    0[BANK0 ] int 
 Registers used:
		wreg, status,2, status,0
 Tracked objects:
		On entry : 
		On exit  : 
		Unchanged: 
 Data sizes:     COMMON   BANK0   BANK1   BANK3   BANK2
      Params:         0       4       0       0       0
      Locals:         0       4       0       0       0
      Temps:          1       0       0       0       0
      Totals:         1       8       0       0       0
Total ram usage:        9 bytes
 Hardware stack levels used:    1
 Hardware stack levels required when called:    1
 This function calls:
		Nothing
 This function is called by:
		_main
		_scale
		_sprintf
 This function uses a non-reentrant model


 *************** function _isdigit *****************
 Defined at:
		line 8 in file "C:\Program Files\Microchip\xc8\v2.31\pic\sources\c90\common\isdigit.c"
 Parameters:    Size  Location     Type
  c               1    wreg     unsigned char 
 Auto vars:     Size  Location     Type
  c               1    3[COMMON] unsigned char 
 Return value:  Size  Location     Type
		None               void
 Registers used:
		wreg, status,2, status,0
 Tracked objects:
		On entry : 
		On exit  : 
		Unchanged: 
 Data sizes:     COMMON   BANK0   BANK1   BANK3   BANK2
      Params:         0       0       0       0       0
      Locals:         2       0       0       0       0
      Temps:          0       0       0       0       0
      Totals:         2       0       0       0       0
Total ram usage:        2 bytes
 Hardware stack levels used:    1
 Hardware stack levels required when called:    1
 This function calls:
		Nothing
 This function is called by:
		_sprintf
 This function uses a non-reentrant model


 *************** function _fround *****************
 Defined at:
		line 417 in file "C:\Program Files\Microchip\xc8\v2.31\pic\sources\c90\common\doprnt.c"
 Parameters:    Size  Location     Type
  prec            1    wreg     unsigned char 
 Auto vars:     Size  Location     Type
  prec            1   53[BANK0 ] unsigned char 
 Return value:  Size  Location     Type
                  4   34[BANK0 ] unsigned char 
 Registers used:
		wreg, fsr0l, fsr0h, status,2, status,0, btemp+1, pclath, cstack
 Tracked objects:
		On entry : 
		On exit  : 
		Unchanged: 
 Data sizes:     COMMON   BANK0   BANK1   BANK3   BANK2
      Params:         0       4       0       0       0
      Locals:         0       9       0       0       0
      Temps:          0       7       0       0       0
      Totals:         0      20       0       0       0
Total ram usage:       20 bytes
 Hardware stack levels used:    1
 Hardware stack levels required when called:    3
 This function calls:
		___flmul
		___lwdiv
		___lwmod
 This function is called by:
		_sprintf
 This function uses a non-reentrant model


 *************** function ___lwmod *****************
 Defined at:
		line 5 in file "C:\Program Files\Microchip\xc8\v2.31\pic\sources\c90\common\lwmod.c"
 Parameters:    Size  Location     Type
  divisor         2    2[COMMON] unsigned int 
  dividend        2    4[COMMON] unsigned int 
 Auto vars:     Size  Location     Type
  counter         1    7[COMMON] unsigned char 
 Return value:  Size  Location     Type
                  2    2[COMMON] unsigned int 
 Registers used:
		wreg, status,2, status,0
 Tracked objects:
		On entry : 
		On exit  : 
		Unchanged: 
 Data sizes:     COMMON   BANK0   BANK1   BANK3   BANK2
      Params:         4       0       0       0       0
      Locals:         1       0       0       0       0
      Temps:          1       0       0       0       0
      Totals:         6       0       0       0       0
Total ram usage:        6 bytes
 Hardware stack levels used:    1
 Hardware stack levels required when called:    1
 This function calls:
		Nothing
 This function is called by:
		_fround
 This function uses a non-reentrant model


 *************** function ___lwdiv *****************
 Defined at:
		line 5 in file "C:\Program Files\Microchip\xc8\v2.31\pic\sources\c90\common\lwdiv.c"
 Parameters:    Size  Location     Type
  divisor         2    8[COMMON] unsigned int 
  dividend        2   10[COMMON] unsigned int 
 Auto vars:     Size  Location     Type
  quotient        2    1[BANK0 ] unsigned int 
  counter         1    3[BANK0 ] unsigned char 
 Return value:  Size  Location     Type
                  2    8[COMMON] unsigned int 
 Registers used:
		wreg, status,2, status,0
 Tracked objects:
		On entry : 
		On exit  : 
		Unchanged: 
 Data sizes:     COMMON   BANK0   BANK1   BANK3   BANK2
      Params:         4       0       0       0       0
      Locals:         0       3       0       0       0
      Temps:          0       1       0       0       0
      Totals:         4       4       0       0       0
Total ram usage:        8 bytes
 Hardware stack levels used:    1
 Hardware stack levels required when called:    1
 This function calls:
		Nothing
 This function is called by:
		_fround
 This function uses a non-reentrant model


 *************** function ___flmul *****************
 Defined at:
		line 8 in file "C:\Program Files\Microchip\xc8\v2.31\pic\sources\c90\common\sprcmul.c"
 Parameters:    Size  Location     Type
  b               4    8[BANK0 ] unsigned int 
  a               4   12[BANK0 ] unsigned int 
 Auto vars:     Size  Location     Type
  prod            4   28[BANK0 ] struct .
  grs             4   22[BANK0 ] unsigned long 
  temp            2   32[BANK0 ] struct .
  bexp            1   27[BANK0 ] unsigned char 
  aexp            1   26[BANK0 ] unsigned char 
  sign            1   21[BANK0 ] unsigned char 
 Return value:  Size  Location     Type
                  4    8[BANK0 ] unsigned char 
 Registers used:
		wreg, status,2, status,0, btemp+1, pclath, cstack
 Tracked objects:
		On entry : 
		On exit  : 
		Unchanged: 
 Data sizes:     COMMON   BANK0   BANK1   BANK3   BANK2
      Params:         0       8       0       0       0
      Locals:         0      13       0       0       0
      Temps:          0       5       0       0       0
      Totals:         0      26       0       0       0
Total ram usage:       26 bytes
 Hardware stack levels used:    1
 Hardware stack levels required when called:    2
 This function calls:
		__Umul8_16
 This function is called by:
		_fround
		_scale
		_sprintf
 This function uses a non-reentrant model


 *************** function __Umul8_16 *****************
 Defined at:
		line 4 in file "C:\Program Files\Microchip\xc8\v2.31\pic\sources\c90\common\Umul8_16.c"
 Parameters:    Size  Location     Type
  multiplier      1    wreg     unsigned char 
  multiplicand    1    2[COMMON] unsigned char 
 Auto vars:     Size  Location     Type
  multiplier      1   10[COMMON] unsigned char 
  word_mpld       2    8[COMMON] unsigned int 
  product         2    6[COMMON] unsigned int 
 Return value:  Size  Location     Type
                  2    2[COMMON] unsigned int 
 Registers used:
		wreg, status,2, status,0
 Tracked objects:
		On entry : 
		On exit  : 
		Unchanged: 
 Data sizes:     COMMON   BANK0   BANK1   BANK3   BANK2
      Params:         2       0       0       0       0
      Locals:         5       0       0       0       0
      Temps:          2       0       0       0       0
      Totals:         9       0       0       0       0
Total ram usage:        9 bytes
 Hardware stack levels used:    1
 Hardware stack levels required when called:    1
 This function calls:
		Nothing
 This function is called by:
		___flmul
 This function uses a non-reentrant model


 *************** function __tdiv_to_l_ *****************
 Defined at:
		line 60 in file "C:\Program Files\Microchip\xc8\v2.31\pic\sources\c90\common\ftdivl.c"
 Parameters:    Size  Location     Type
  f1              4    2[COMMON] float 
  f2              4    6[COMMON] float 
 Auto vars:     Size  Location     Type
  quot            4    4[BANK0 ] unsigned long 
  exp1            1    9[BANK0 ] unsigned char 
  cntr            1    8[BANK0 ] unsigned char 
 Return value:  Size  Location     Type
                  4    2[COMMON] unsigned long 
 Registers used:
		wreg, status,2, status,0
 Tracked objects:
		On entry : 
		On exit  : 
		Unchanged: 
 Data sizes:     COMMON   BANK0   BANK1   BANK3   BANK2
      Params:         8       0       0       0       0
      Locals:         0       6       0       0       0
      Temps:          0       4       0       0       0
      Totals:         8      10       0       0       0
Total ram usage:       18 bytes
 Hardware stack levels used:    1
 Hardware stack levels required when called:    1
 This function calls:
		Nothing
 This function is called by:
		_sprintf
 This function uses a non-reentrant model


 *************** function __div_to_l_ *****************
 Defined at:
		line 60 in file "C:\Program Files\Microchip\xc8\v2.31\pic\sources\c90\common\fldivl.c"
 Parameters:    Size  Location     Type
  f1              4    2[COMMON] unsigned long 
  f2              4    6[COMMON] unsigned long 
 Auto vars:     Size  Location     Type
  quot            4    0[BANK0 ] unsigned long 
  exp1            1    5[BANK0 ] unsigned char 
  cntr            1    4[BANK0 ] unsigned char 
 Return value:  Size  Location     Type
                  4    2[COMMON] unsigned long 
 Registers used:
		wreg, status,2, status,0
 Tracked objects:
		On entry : 
		On exit  : 
		Unchanged: 
 Data sizes:     COMMON   BANK0   BANK1   BANK3   BANK2
      Params:         8       0       0       0       0
      Locals:         0       6       0       0       0
      Temps:          1       0       0       0       0
      Totals:         9       6       0       0       0
Total ram usage:       15 bytes
 Hardware stack levels used:    1
 Hardware stack levels required when called:    1
 This function calls:
		Nothing
 This function is called by:
		_sprintf
 This function uses a non-reentrant model


 *************** function ___wmul *****************
 Defined at:
		line 15 in file "C:\Program Files\Microchip\xc8\v2.31\pic\sources\c90\common\Umul16.c"
 Parameters:    Size  Location     Type
  multiplier      2    2[COMMON] unsigned int 
  multiplicand    2    4[COMMON] unsigned int 
 Auto vars:     Size  Location     Type
  product         2    6[COMMON] unsigned int 
 Return value:  Size  Location     Type
                  2    2[COMMON] unsigned int 
 Registers used:
		wreg, status,2, status,0
 Tracked objects:
		On entry : 
		On exit  : 
		Unchanged: 
 Data sizes:     COMMON   BANK0   BANK1   BANK3   BANK2
      Params:         4       0       0       0       0
      Locals:         2       0       0       0       0
      Temps:          0       0       0       0       0
      Totals:         6       0       0       0       0
Total ram usage:        6 bytes
 Hardware stack levels used:    1
 Hardware stack levels required when called:    1
 This function calls:
		Nothing
 This function is called by:
		_sprintf
 This function uses a non-reentrant model


 *************** function ___llmod *****************
 Defined at:
		line 5 in file "C:\Program Files\Microchip\xc8\v2.31\pic\sources\c90\common\llmod.c"
 Parameters:    Size  Location     Type
  divisor         4    2[COMMON] unsigned long 
  dividend        4    6[COMMON] unsigned long 
 Auto vars:     Size  Location     Type
  counter         1   11[COMMON] unsigned char 
 Return value:  Size  Location     Type
                  4    2[COMMON] unsigned long 
 Registers used:
		wreg, status,2, status,0
 Tracked objects:
		On entry : 
		On exit  : 
		Unchanged: 
 Data sizes:     COMMON   BANK0   BANK1   BANK3   BANK2
      Params:         8       0       0       0       0
      Locals:         1       0       0       0       0
      Temps:          1       0       0       0       0
      Totals:        10       0       0       0       0
Total ram usage:       10 bytes
 Hardware stack levels used:    1
 Hardware stack levels required when called:    1
 This function calls:
		Nothing
 This function is called by:
		_sprintf
 This function uses a non-reentrant model


 *************** function ___lldiv *****************
 Defined at:
		line 5 in file "C:\Program Files\Microchip\xc8\v2.31\pic\sources\c90\common\__lldiv.c"
 Parameters:    Size  Location     Type
  divisor         4    2[COMMON] unsigned long 
  dividend        4    6[COMMON] unsigned long 
 Auto vars:     Size  Location     Type
  quotient        4    0[BANK0 ] unsigned long 
  counter         1    4[BANK0 ] unsigned char 
 Return value:  Size  Location     Type
                  4    2[COMMON] unsigned long 
 Registers used:
		wreg, status,2, status,0
 Tracked objects:
		On entry : 
		On exit  : 
		Unchanged: 
 Data sizes:     COMMON   BANK0   BANK1   BANK3   BANK2
      Params:         8       0       0       0       0
      Locals:         0       5       0       0       0
      Temps:          1       0       0       0       0
      Totals:         9       5       0       0       0
Total ram usage:       14 bytes
 Hardware stack levels used:    1
 Hardware stack levels required when called:    1
 This function calls:
		Nothing
 This function is called by:
		_sprintf
		_I2C_Master_Init
 This function uses a non-reentrant model


 *************** function ___fltol *****************
 Defined at:
		line 43 in file "C:\Program Files\Microchip\xc8\v2.31\pic\sources\c90\common\fltol.c"
 Parameters:    Size  Location     Type
  f1              4   53[BANK0 ] unsigned long 
 Auto vars:     Size  Location     Type
  exp1            1   63[BANK0 ] unsigned char 
  sign1           1   62[BANK0 ] unsigned char 
 Return value:  Size  Location     Type
                  4   53[BANK0 ] long 
 Registers used:
		wreg, status,2, status,0
 Tracked objects:
		On entry : 
		On exit  : 
		Unchanged: 
 Data sizes:     COMMON   BANK0   BANK1   BANK3   BANK2
      Params:         0       4       0       0       0
      Locals:         0       2       0       0       0
      Temps:          0       5       0       0       0
      Totals:         0      11       0       0       0
Total ram usage:       11 bytes
 Hardware stack levels used:    1
 Hardware stack levels required when called:    1
 This function calls:
		Nothing
 This function is called by:
		_sprintf
 This function uses a non-reentrant model


 *************** function ___flsub *****************
 Defined at:
		line 242 in file "C:\Program Files\Microchip\xc8\v2.31\pic\sources\c90\common\sprcadd.c"
 Parameters:    Size  Location     Type
  a               4    0[BANK1 ] long 
  b               4    4[BANK1 ] long 
 Auto vars:     Size  Location     Type
		None
 Return value:  Size  Location     Type
                  4    0[BANK1 ] long 
 Registers used:
		wreg, status,2, status,0, btemp+1, pclath, cstack
 Tracked objects:
		On entry : 
		On exit  : 
		Unchanged: 
 Data sizes:     COMMON   BANK0   BANK1   BANK3   BANK2
      Params:         0       0       8       0       0
      Locals:         0       0       0       0       0
      Temps:          0       0       0       0       0
      Totals:         0       0       8       0       0
Total ram usage:        8 bytes
 Hardware stack levels used:    1
 Hardware stack levels required when called:    2
 This function calls:
		___fladd
 This function is called by:
		_sprintf
 This function uses a non-reentrant model


 *************** function ___fladd *****************
 Defined at:
		line 10 in file "C:\Program Files\Microchip\xc8\v2.31\pic\sources\c90\common\sprcadd.c"
 Parameters:    Size  Location     Type
  b               4   54[BANK0 ] long 
  a               4   58[BANK0 ] long 
 Auto vars:     Size  Location     Type
  grs             1   73[BANK0 ] unsigned char 
  bexp            1   72[BANK0 ] unsigned char 
  aexp            1   71[BANK0 ] unsigned char 
  signs           1   70[BANK0 ] unsigned char 
 Return value:  Size  Location     Type
                  4   54[BANK0 ] unsigned char 
 Registers used:
		wreg, status,2, status,0, btemp+1
 Tracked objects:
		On entry : 
		On exit  : 
		Unchanged: 
 Data sizes:     COMMON   BANK0   BANK1   BANK3   BANK2
      Params:         0       8       0       0       0
      Locals:         0       4       0       0       0
      Temps:          0       8       0       0       0
      Totals:         0      20       0       0       0
Total ram usage:       20 bytes
 Hardware stack levels used:    1
 Hardware stack levels required when called:    1
 This function calls:
		Nothing
 This function is called by:
		_sprintf
		___flsub
 This function uses a non-reentrant model


 *************** function ___flneg *****************
 Defined at:
		line 15 in file "C:\Program Files\Microchip\xc8\v2.31\pic\sources\c90\common\flneg.c"
 Parameters:    Size  Location     Type
  f1              4    2[COMMON] unsigned char 
 Auto vars:     Size  Location     Type
		None
 Return value:  Size  Location     Type
                  4    2[COMMON] unsigned char 
 Registers used:
		wreg
 Tracked objects:
		On entry : 
		On exit  : 
		Unchanged: 
 Data sizes:     COMMON   BANK0   BANK1   BANK3   BANK2
      Params:         4       0       0       0       0
      Locals:         0       0       0       0       0
      Temps:          0       0       0       0       0
      Totals:         4       0       0       0       0
Total ram usage:        4 bytes
 Hardware stack levels used:    1
 Hardware stack levels required when called:    1
 This function calls:
		Nothing
 This function is called by:
		_sprintf
 This function uses a non-reentrant model


 *************** function ___flge *****************
 Defined at:
		line 4 in file "C:\Program Files\Microchip\xc8\v2.31\pic\sources\c90\common\flge.c"
 Parameters:    Size  Location     Type
  ff1             4    2[COMMON] unsigned char 
  ff2             4    6[COMMON] unsigned char 
 Auto vars:     Size  Location     Type
		None
 Return value:  Size  Location     Type
		None               void
 Registers used:
		wreg, status,2, status,0
 Tracked objects:
		On entry : 
		On exit  : 
		Unchanged: 
 Data sizes:     COMMON   BANK0   BANK1   BANK3   BANK2
      Params:         8       0       0       0       0
      Locals:         0       0       0       0       0
      Temps:          0       4       0       0       0
      Totals:         8       4       0       0       0
Total ram usage:       12 bytes
 Hardware stack levels used:    1
 Hardware stack levels required when called:    1
 This function calls:
		Nothing
 This function is called by:
		_sprintf
 This function uses a non-reentrant model


 *************** function ___fleq *****************
 Defined at:
		line 4 in file "C:\Program Files\Microchip\xc8\v2.31\pic\sources\c90\common\fleq.c"
 Parameters:    Size  Location     Type
  ff1             4    2[COMMON] unsigned char 
  ff2             4    6[COMMON] unsigned char 
 Auto vars:     Size  Location     Type
		None
 Return value:  Size  Location     Type
		None               void
 Registers used:
		wreg, status,2, status,0
 Tracked objects:
		On entry : 
		On exit  : 
		Unchanged: 
 Data sizes:     COMMON   BANK0   BANK1   BANK3   BANK2
      Params:         8       0       0       0       0
      Locals:         0       0       0       0       0
      Temps:          0       4       0       0       0
      Totals:         8       4       0       0       0
Total ram usage:       12 bytes
 Hardware stack levels used:    1
 Hardware stack levels required when called:    1
 This function calls:
		Nothing
 This function is called by:
		_sprintf
 This function uses a non-reentrant model


 *************** function _send_crct *****************
 Defined at:
		line 176 in file "mainp1.c"
 Parameters:    Size  Location     Type
  st              1    wreg     PTR unsigned char 
		 -> f1(15), 
 Auto vars:     Size  Location     Type
  st              1    6[COMMON] PTR unsigned char 
		 -> f1(15), 
  i               2    4[COMMON] int 
 Return value:  Size  Location     Type
                  1    wreg      void 
 Registers used:
		wreg, fsr0l, fsr0h, status,2, status,0, pclath, cstack
 Tracked objects:
		On entry : 
		On exit  : 
		Unchanged: 
 Data sizes:     COMMON   BANK0   BANK1   BANK3   BANK2
      Params:         0       0       0       0       0
      Locals:         3       0       0       0       0
      Temps:          1       0       0       0       0
      Totals:         4       0       0       0       0
Total ram usage:        4 bytes
 Hardware stack levels used:    1
 Hardware stack levels required when called:    2
 This function calls:
		_send_char
 This function is called by:
		_main
 This function uses a non-reentrant model


 *************** function _send_char *****************
 Defined at:
		line 183 in file "mainp1.c"
 Parameters:    Size  Location     Type
  dato            1    wreg     unsigned char 
 Auto vars:     Size  Location     Type
  dato            1    2[COMMON] unsigned char 
 Return value:  Size  Location     Type
                  1    wreg      void 
 Registers used:
		wreg
 Tracked objects:
		On entry : 
		On exit  : 
		Unchanged: 
 Data sizes:     COMMON   BANK0   BANK1   BANK3   BANK2
      Params:         0       0       0       0       0
      Locals:         1       0       0       0       0
      Temps:          0       0       0       0       0
      Totals:         1       0       0       0       0
Total ram usage:        1 bytes
 Hardware stack levels used:    1
 Hardware stack levels required when called:    1
 This function calls:
		Nothing
 This function is called by:
		_send_crct
 This function uses a non-reentrant model


 *************** function _conv *****************
 Defined at:
		line 187 in file "mainp1.c"
 Parameters:    Size  Location     Type
  aa              2    6[BANK0 ] int 
 Auto vars:     Size  Location     Type
  result          4   10[BANK0 ] float 
 Return value:  Size  Location     Type
                  4    6[BANK0 ] float 
 Registers used:
		wreg, status,2, status,0, pclath, cstack
 Tracked objects:
		On entry : 
		On exit  : 
		Unchanged: 
 Data sizes:     COMMON   BANK0   BANK1   BANK3   BANK2
      Params:         0       4       0       0       0
      Locals:         0       4       0       0       0
      Temps:          0       0       0       0       0
      Totals:         0       8       0       0       0
Total ram usage:        8 bytes
 Hardware stack levels used:    1
 Hardware stack levels required when called:    2
 This function calls:
		___xxtofl
 This function is called by:
		_main
 This function uses a non-reentrant model


 *************** function ___xxtofl *****************
 Defined at:
		line 10 in file "C:\Program Files\Microchip\xc8\v2.31\pic\sources\c90\common\xxtofl.c"
 Parameters:    Size  Location     Type
  sign            1    wreg     unsigned char 
  val             4    2[COMMON] long 
 Auto vars:     Size  Location     Type
  sign            1    0[BANK0 ] unsigned char 
  arg             4    2[BANK0 ] unsigned long 
  exp             1    1[BANK0 ] unsigned char 
 Return value:  Size  Location     Type
                  4    2[COMMON] unsigned char 
 Registers used:
		wreg, status,2, status,0
 Tracked objects:
		On entry : 
		On exit  : 
		Unchanged: 
 Data sizes:     COMMON   BANK0   BANK1   BANK3   BANK2
      Params:         4       0       0       0       0
      Locals:         0       6       0       0       0
      Temps:          4       0       0       0       0
      Totals:         8       6       0       0       0
Total ram usage:       14 bytes
 Hardware stack levels used:    1
 Hardware stack levels required when called:    1
 This function calls:
		Nothing
 This function is called by:
		_conv
		_sprintf
 This function uses a non-reentrant model


 *************** function _cfg_usart *****************
 Defined at:
		line 154 in file "mainp1.c"
 Parameters:    Size  Location     Type
		None
 Auto vars:     Size  Location     Type
		None
 Return value:  Size  Location     Type
                  1    wreg      void 
 Registers used:
		wreg, status,2
 Tracked objects:
		On entry : 
		On exit  : 
		Unchanged: 
 Data sizes:     COMMON   BANK0   BANK1   BANK3   BANK2
      Params:         0       0       0       0       0
      Locals:         0       0       0       0       0
      Temps:          0       0       0       0       0
      Totals:         0       0       0       0       0
Total ram usage:        0 bytes
 Hardware stack levels used:    1
 Hardware stack levels required when called:    1
 This function calls:
		Nothing
 This function is called by:
		_main
 This function uses a non-reentrant model


 *************** function _cfg_io *****************
 Defined at:
		line 127 in file "mainp1.c"
 Parameters:    Size  Location     Type
		None
 Auto vars:     Size  Location     Type
		None
 Return value:  Size  Location     Type
                  1    wreg      void 
 Registers used:
		status,2
 Tracked objects:
		On entry : 
		On exit  : 
		Unchanged: 
 Data sizes:     COMMON   BANK0   BANK1   BANK3   BANK2
      Params:         0       0       0       0       0
      Locals:         0       0       0       0       0
      Temps:          0       0       0       0       0
      Totals:         0       0       0       0       0
Total ram usage:        0 bytes
 Hardware stack levels used:    1
 Hardware stack levels required when called:    1
 This function calls:
		Nothing
 This function is called by:
		_main
 This function uses a non-reentrant model


 *************** function _cfg_clk *****************
 Defined at:
		line 143 in file "mainp1.c"
 Parameters:    Size  Location     Type
		None
 Auto vars:     Size  Location     Type
		None
 Return value:  Size  Location     Type
                  1    wreg      void 
 Registers used:
		wreg, status,2, status,0
 Tracked objects:
		On entry : 
		On exit  : 
		Unchanged: 
 Data sizes:     COMMON   BANK0   BANK1   BANK3   BANK2
      Params:         0       0       0       0       0
      Locals:         0       0       0       0       0
      Temps:          0       0       0       0       0
      Totals:         0       0       0       0       0
Total ram usage:        0 bytes
 Hardware stack levels used:    1
 Hardware stack levels required when called:    1
 This function calls:
		Nothing
 This function is called by:
		_main
 This function uses a non-reentrant model


 *************** function _isr *****************
 Defined at:
		line 66 in file "mainp1.c"
 Parameters:    Size  Location     Type
		None
 Auto vars:     Size  Location     Type
		None
 Return value:  Size  Location     Type
                  1    wreg      void 
 Registers used:
		None
 Tracked objects:
		On entry : 
		On exit  : 
		Unchanged: 
 Data sizes:     COMMON   BANK0   BANK1   BANK3   BANK2
      Params:         0       0       0       0       0
      Locals:         0       0       0       0       0
      Temps:          2       0       0       0       0
      Totals:         2       0       0       0       0
Total ram usage:        2 bytes
 Hardware stack levels used:    1
 This function calls:
		Nothing
 This function is called by:
		Interrupt level 1
 This function uses a non-reentrant model



MODULE INFORMATION

Module		Function		Class		Link	Load	Size
C:\Program Files\Microchip\xc8\v2.31\pic\sources\c90\common\flneg.c
		___flneg       		CODE           	1C93	0000	11

C:\Program Files\Microchip\xc8\v2.31\pic\sources\c90\common\flneg.c estimated size: 11

C:\Program Files\Microchip\xc8\v2.31\pic\sources\c90\common\flge.c
		___flge        		CODE           	1017	0000	164

C:\Program Files\Microchip\xc8\v2.31\pic\sources\c90\common\flge.c estimated size: 164

C:\Program Files\Microchip\xc8\v2.31\pic\sources\c90\common\sprcmul.c
		___flmul       		CODE           	093C	0000	865

C:\Program Files\Microchip\xc8\v2.31\pic\sources\c90\common\sprcmul.c estimated size: 865

C:\Program Files\Microchip\xc8\v2.31\pic\sources\c90\common\__lldiv.c
		___lldiv       		CODE           	1EB3	0000	104

C:\Program Files\Microchip\xc8\v2.31\pic\sources\c90\common\__lldiv.c estimated size: 104

C:\Program Files\Microchip\xc8\v2.31\pic\sources\c90\common\Umul8_16.c
		__Umul8_16     		CODE           	07D7	0000	39

C:\Program Files\Microchip\xc8\v2.31\pic\sources\c90\common\Umul8_16.c estimated size: 39

C:\Program Files\Microchip\xc8\v2.31\pic\sources\c90\common\doprnt.c
		_scale         		CODE           	0C9D	0000	867
		_sprintf       		CODE           	14FD	0000	2099
		_fround        		CODE           	12F2	0000	523

C:\Program Files\Microchip\xc8\v2.31\pic\sources\c90\common\doprnt.c estimated size: 3489

C:\Program Files\Microchip\xc8\v2.31\pic\sources\c90\common\ftdivl.c
		__tdiv_to_l_   		CODE           	1177	0000	189

C:\Program Files\Microchip\xc8\v2.31\pic\sources\c90\common\ftdivl.c estimated size: 189

C:\Program Files\Microchip\xc8\v2.31\pic\sources\c90\common\lwmod.c
		___lwmod       		CODE           	1D2C	0000	58

C:\Program Files\Microchip\xc8\v2.31\pic\sources\c90\common\lwmod.c estimated size: 58

C:\Program Files\Microchip\xc8\v2.31\pic\sources\c90\common\awmod.c
		___awmod       		CODE           	1E5A	0000	89

C:\Program Files\Microchip\xc8\v2.31\pic\sources\c90\common\awmod.c estimated size: 89

C:\Program Files\Microchip\xc8\v2.31\pic\sources\c90\common\Umul16.c
		___wmul        		CODE           	1D07	0000	37

C:\Program Files\Microchip\xc8\v2.31\pic\sources\c90\common\Umul16.c estimated size: 37

C:\Program Files\Microchip\xc8\v2.31\pic\sources\c90\common\llmod.c
		___llmod       		CODE           	1E06	0000	84

C:\Program Files\Microchip\xc8\v2.31\pic\sources\c90\common\llmod.c estimated size: 84

mainp1.c
		_cfg_io        		CODE           	1C9E	0000	18
		_main          		CODE           	084A	0000	242
		_cfg_usart     		CODE           	1002	0000	21
		_conv          		CODE           	1CE3	0000	36
		_isr           		CODE           	1C72	0000	7
		_send_crct     		CODE           	1CC2	0000	33
		_cfg_clk       		CODE           	1C79	0000	8
		_send_char     		CODE           	1C89	0000	10

mainp1.c estimated size: 375

C:\Program Files\Microchip\xc8\v2.31\pic\sources\c90\common\isdigit.c
		_isdigit       		CODE           	1CB0	0000	18

C:\Program Files\Microchip\xc8\v2.31\pic\sources\c90\common\isdigit.c estimated size: 18

C:\Program Files\Microchip\xc8\v2.31\pic\sources\c90\common\sprcadd.c
		___flsub       		CODE           	1DB6	0000	80
		___fladd       		CODE           	054F	0000	648

C:\Program Files\Microchip\xc8\v2.31\pic\sources\c90\common\sprcadd.c estimated size: 728

C:\Program Files\Microchip\xc8\v2.31\pic\sources\c90\common\fleq.c
		___fleq        		CODE           	1D66	0000	80

C:\Program Files\Microchip\xc8\v2.31\pic\sources\c90\common\fleq.c estimated size: 80

C:\Program Files\Microchip\xc8\v2.31\pic\sources\c90\common\fldivl.c
		__div_to_l_    		CODE           	1234	0000	190

C:\Program Files\Microchip\xc8\v2.31\pic\sources\c90\common\fldivl.c estimated size: 190

C:\Program Files\Microchip\xc8\v2.31\pic\sources\c90\common\lwdiv.c
		___lwdiv       		CODE           	0804	0000	70

C:\Program Files\Microchip\xc8\v2.31\pic\sources\c90\common\lwdiv.c estimated size: 70

C:\Program Files\Microchip\xc8\v2.31\pic\sources\c90\common\awdiv.c
		___awdiv       		CODE           	1F1B	0000	105

C:\Program Files\Microchip\xc8\v2.31\pic\sources\c90\common\awdiv.c estimated size: 105

shared
		__stringtab    		STRING         	1800	0000	6
		__powers_      		STRING         	1806	0000	52
		_dpowers       		STRING         	186E	0000	40
		__npowers_     		STRING         	183A	0000	52
		__initialization		CODE           	000F	0000	12

shared estimated size: 162

C:\Program Files\Microchip\xc8\v2.31\pic\sources\c90\common\fltol.c
		___fltol       		CODE           	1F84	0000	124

C:\Program Files\Microchip\xc8\v2.31\pic\sources\c90\common\fltol.c estimated size: 124

C:\Program Files\Microchip\xc8\v2.31\pic\sources\c90\common\xxtofl.c
		___xxtofl      		CODE           	10BB	0000	188

C:\Program Files\Microchip\xc8\v2.31\pic\sources\c90\common\xxtofl.c estimated size: 188

