Microchip MPLAB XC8 Compiler V2.31

Linker command line:

-W-3 --edf=C:\Program Files\Microchip\xc8\v2.31\pic\dat\en_msgs.txt -cn \
  -h+dist/default/production\2LAB5.X.production.sym \
  --cmf=dist/default/production\2LAB5.X.production.cmf -z -Q16F887 \
  -oC:\Users\gerar\AppData\Local\Temp\snt8.2 --defsym=__MPLAB_BUILD=1 \
  -Mdist/default/production/2LAB5.X.production.map -E1 -ver=XC8 Compiler \
  --acfsm=1493 -ASTACK=0110h-016Fh -pstack=STACK -ACODE=00h-07FFhx4 \
  -ASTRCODE=00h-01FFFh -ASTRING=00h-0FFhx32 -ACONST=00h-0FFhx32 \
  -AENTRY=00h-0FFhx32 -ACOMMON=070h-07Fh -ABANK0=020h-06Fh \
  -ABANK1=0A0h-0EFh -ABANK2=0110h-016Fh -ABANK3=0190h-01EFh \
  -ARAM=020h-06Fh,0A0h-0EFh,0110h-016Fh,0190h-01EFh \
  -AABS1=020h-07Fh,0A0h-0EFh,0110h-016Fh,0190h-01EFh -ASFR0=00h-01Fh \
  -ASFR1=080h-09Fh -ASFR2=0100h-010Fh -ASFR3=0180h-018Fh \
  -ACONFIG=02007h-02008h -DCONFIG=2 -AIDLOC=02000h-02003h -DIDLOC=2 \
  -AEEDATA=00h-0FFh/02100h -peeprom_data=EEDATA -DEEDATA=2 -DCODE=2 \
  -DSTRCODE=2 -DSTRING=2 -DCONST=2 -DENTRY=2 \
  -preset_vec=00h,intentry=04h,init,end_init -ppowerup=CODE -pcinit=CODE \
  -pfunctab=ENTRY -k C:\Users\gerar\AppData\Local\Temp\snt8.o \
  dist/default/production\2LAB5.X.production.o 

Object code version is 3.11

Machine type is 16F887



                Name                               Link     Load   Length Selector   Space Scale
C:\Users\gerar\AppData\Local\Temp\snt8.o
                end_init                              C        C        3        8       0
                reset_vec                             0        0        3        0       0
                config                             2007     2007        2        0       4
dist/default/production\2LAB5.X.production.o
                cinit                                 F        F        F        8       0
                intentry                              4        4        8        8       0
                text1_split_1                        1E       1E      614        8       0
                config                             2007     2007        2        0       4
                text31                             1C67     1C67       27     38CE       0
                text30                             1BBD     1BBD        6     377A       0
                text29                             1BC9     1BC9        8     3792       0
                text28                             1BF8     1BF8       14     37F0       0
                text27                             1BC3     1BC3        6     3786       0
                text26                             1C0C     1C0C       15     3818       0
                text25                              880      880       BC     1100       0
                text24                             1C8E     1C8E       29     391C       0
                text23                             1BD1     1BD1        A     37A2       0
                text22                             1C21     1C21       21     3842       0
                text21                             1D1A     1D1A       50     3A34       0
                text20                             1F5C     1F5C       A4     3EB8       0
                text19                             1BDB     1BDB        B     37B6       0
                text18                             125B     125B      288     24B6       0
                text17                              7AD      7AD       50        8       0
                text16                              804      804       7C     1008       0
                text15                             1E1B     1E1B       68     3C36       0
                text14                             1D6A     1D6A       56     3AD4       0
                text13                             1C42     1C42       25     3884       0
                text12                              632      632       BE        8       0
                text11                              6F0      6F0       BD        8       0
                text10                             1CB7     1CB7       29     396E       0
                text9                               93C      93C      361     1278       0
                text8                              1008     1008       46     2010       0
                text7                              1CE0     1CE0       3A     39C0       0
                text6                              104E     104E      20D     209C       0
                text5                              1BE6     1BE6       12     37CC       0
                text4                              1E83     1E83       69     3D06       0
                text3                              1DC0     1DC0       5B     3B80       0
                text2                               C9D      C9D      363     193A       0
                text1                              14E3     14E3      31D     29C6       0
                maintext                           1EEC     1EEC       70     3DD8       0
                cstackBANK0                          20       20       4D       20       1
                cstackCOMMON                         70       70        9       70       1
                cstackBANK1                          A0       A0       35       A0       1
                clrtext                            1000     1000        8     193A       0
                bssBANK1                             D5       D5       15       A0       1
                bssCOMMON                            79       79        2       70       1
                nvBANK1                              EA       EA        4       A0       1
                strings                            1800     1800       A9     3000       0

TOTAL           Name                               Link     Load   Length     Space
        CLASS   STACK          

        CLASS   CODE           
                end_init                              C        C        3         0
                cinit                                 F        F        F         0
                intentry                              4        4        8         0
                reset_vec                             0        0        3         0
                text1_split_1                        1E       1E      614         0
                text31                             1C67     1C67       27         0
                text30                             1BBD     1BBD        6         0
                text29                             1BC9     1BC9        8         0
                text28                             1BF8     1BF8       14         0
                text27                             1BC3     1BC3        6         0
                text26                             1C0C     1C0C       15         0
                text25                              880      880       BC         0
                text24                             1C8E     1C8E       29         0
                text23                             1BD1     1BD1        A         0
                text22                             1C21     1C21       21         0
                text21                             1D1A     1D1A       50         0
                text20                             1F5C     1F5C       A4         0
                text19                             1BDB     1BDB        B         0
                text18                             125B     125B      288         0
                text17                              7AD      7AD       50         0
                text16                              804      804       7C         0
                text15                             1E1B     1E1B       68         0
                text14                             1D6A     1D6A       56         0
                text13                             1C42     1C42       25         0
                text12                              632      632       BE         0
                text11                              6F0      6F0       BD         0
                text10                             1CB7     1CB7       29         0
                text9                               93C      93C      361         0
                text8                              1008     1008       46         0
                text7                              1CE0     1CE0       3A         0
                text6                              104E     104E      20D         0
                text5                              1BE6     1BE6       12         0
                text4                              1E83     1E83       69         0
                text3                              1DC0     1DC0       5B         0
                text2                               C9D      C9D      363         0
                text1                              14E3     14E3      31D         0
                maintext                           1EEC     1EEC       70         0
                clrtext                            1000     1000        8         0

        CLASS   STRCODE        

        CLASS   STRING         
                strings                            1800     1800       A9         0

        CLASS   CONST          

        CLASS   ENTRY          

        CLASS   COMMON         
                cstackCOMMON                         70       70        9         1
                bssCOMMON                            79       79        2         1

        CLASS   BANK0          
                cstackBANK0                          20       20       4D         1

        CLASS   BANK1          
                cstackBANK1                          A0       A0       35         1
                bssBANK1                             D5       D5       15         1
                nvBANK1                              EA       EA        4         1

        CLASS   BANK2          

        CLASS   BANK3          

        CLASS   RAM            

        CLASS   ABS1           
                abs_s1                               7E       7E        2         1

        CLASS   SFR0           

        CLASS   SFR1           

        CLASS   SFR2           

        CLASS   SFR3           

        CLASS   CONFIG         
                config                             2007     2007        2         4

        CLASS   IDLOC          

        CLASS   EEDATA         



SEGMENTS        Name                           Load    Length   Top    Selector   Space  Class     Delta

                reset_vec                      000000  000003  000003         0       0  CODE        2
                intentry                       000004  0007F9  0007FD         8       0  CODE        2
                cstackBANK0                    000020  00004D  00006D        20       1  BANK0       1
                cstackCOMMON                   000070  00000B  00007B        70       1  COMMON      1
                cstackBANK1                    0000A0  00004E  0000EE        A0       1  BANK1       1
                text16                         000804  00007C  000880      1008       0  CODE        2
                text25                         000880  0000BC  00093C      1100       0  CODE        2
                text9                          00093C  000361  000C9D      1278       0  CODE        2
                text2                          000C9D  00036B  001008      193A       0  CODE        2
                text8                          001008  000046  00104E      2010       0  CODE        2
                text6                          00104E  00020D  00125B      209C       0  CODE        2
                text18                         00125B  000288  0014E3      24B6       0  CODE        2
                text1                          0014E3  00031D  001800      29C6       0  CODE        2
                strings                        001800  0000A9  0018A9      3000       0  STRING      2
                text30                         001BBD  000006  001BC3      377A       0  CODE        2
                text27                         001BC3  000006  001BC9      3786       0  CODE        2
                text29                         001BC9  000008  001BD1      3792       0  CODE        2
                text23                         001BD1  00000A  001BDB      37A2       0  CODE        2
                text19                         001BDB  00000B  001BE6      37B6       0  CODE        2
                text5                          001BE6  000012  001BF8      37CC       0  CODE        2
                text28                         001BF8  000014  001C0C      37F0       0  CODE        2
                text26                         001C0C  000015  001C21      3818       0  CODE        2
                text22                         001C21  000021  001C42      3842       0  CODE        2
                text13                         001C42  000025  001C67      3884       0  CODE        2
                text31                         001C67  000027  001C8E      38CE       0  CODE        2
                text24                         001C8E  000029  001CB7      391C       0  CODE        2
                text10                         001CB7  000029  001CE0      396E       0  CODE        2
                text7                          001CE0  00003A  001D1A      39C0       0  CODE        2
                text21                         001D1A  000050  001D6A      3A34       0  CODE        2
                text14                         001D6A  000056  001DC0      3AD4       0  CODE        2
                text3                          001DC0  00005B  001E1B      3B80       0  CODE        2
                text15                         001E1B  000068  001E83      3C36       0  CODE        2
                text4                          001E83  000069  001EEC      3D06       0  CODE        2
                maintext                       001EEC  000070  001F5C      3DD8       0  CODE        2
                text20                         001F5C  0000A4  002000      3EB8       0  CODE        2


UNUSED ADDRESS RANGES

        Name                Unused          Largest block    Delta
        BANK0            0006D-0006F               3           1
        BANK1            000EE-000EF               2           1
        BANK2            00110-0016F              60           1
        BANK3            00190-001EF              60           1
        CODE             00003-00003               1           2
                         007FD-00803               3
                         018A9-01BBC             314
        COMMON           0007B-0007D               3           1
        CONST            00003-00003               1           2
                         007FD-00803               3
                         018A9-01BBC             100
        EEDATA           02100-021FF             100           2
        ENTRY            00003-00003               1           2
                         007FD-00803               3
                         018A9-01BBC             100
        IDLOC            02000-02003               4           2
        RAM              0006D-0006F               3           1
                         000EE-000EF               2
                         00110-0016F              60
                         00190-001EF              60
        SFR0             00000-0001F              20           1
        SFR1             00080-0009F              20           1
        SFR2             00100-0010F              10           1
        SFR3             00180-0018F              10           1
        STACK            00110-0016F              60           1
        STRCODE          00003-00003               1           2
                         007FD-00803               7
                         018A9-01BBC             314
        STRING           00003-00003               1           2
                         007FD-00803               3
                         018A9-01BBC             100

                                  Symbol Table

?__Umul8_16              cstackCOMMON 00073
?___awdiv                cstackBANK0  00022
?___awmod                cstackCOMMON 00073
?___fladd                cstackBANK0  00058
?___flmul                cstackBANK0  0002A
?___flneg                cstackCOMMON 00073
?___flsub                cstackBANK1  000A0
?___fltol                cstackBANK0  00057
?___lldiv                cstackBANK0  00020
?___llmod                cstackBANK0  00020
?___lwdiv                cstackBANK0  00020
?___lwmod                cstackCOMMON 00073
?___wmul                 cstackCOMMON 00073
?___xxtofl               cstackCOMMON 00073
?__div_to_l_             cstackBANK0  00020
?__tdiv_to_l_            cstackBANK0  00020
?_conv                   cstackBANK0  0002A
?_fround                 cstackBANK0  00044
?_scale                  cstackBANK0  00044
?_sprintf                cstackBANK1  000A8
_ANSEL                   (abs)        00188
_ANSELH                  (abs)        00189
_BAUDCTLbits             (abs)        00187
_INTCONbits              (abs)        0000B
_IOCB                    (abs)        00096
_OPTION_REGbits          (abs)        00081
_OSCCONbits              (abs)        0008F
_PIE1bits                (abs)        0008C
_PIR1bits                (abs)        0000C
_PORTA                   (abs)        00005
_PORTB                   (abs)        00006
_PORTBbits               (abs)        00006
_PORTD                   (abs)        00008
_RCREG                   (abs)        0001A
_RCSTAbits               (abs)        00018
_SPBRG                   (abs)        00099
_SPBRGH                  (abs)        0009A
_TRISA                   (abs)        00085
_TRISB                   (abs)        00086
_TRISBbits               (abs)        00086
_TRISD                   (abs)        00088
_TXIF                    (abs)        00064
_TXREG                   (abs)        00019
_TXSTAbits               (abs)        00098
_V                       bssBANK1     000DF
_WPUB                    (abs)        00095
__Habs1                  abs1         00000
__Hbank0                 bank0        00000
__Hbank1                 bank1        00000
__Hbank2                 bank2        00000
__Hbank3                 bank3        00000
__HbssBANK1              bssBANK1     00000
__HbssCOMMON             bssCOMMON    00000
__Hcinit                 cinit        0001E
__Hclrtext               clrtext      00000
__Hcode                  code         00000
__Hcommon                common       00000
__Hconfig                config       02009
__HcstackBANK0           cstackBANK0  00000
__HcstackBANK1           cstackBANK1  00000
__HcstackCOMMON          cstackCOMMON 00000
__Heeprom_data           eeprom_data  00000
__Hend_init              end_init     0000F
__Hfunctab               functab      00000
__Hinit                  init         0000C
__Hintentry              intentry     0000C
__Hmaintext              maintext     00000
__HnvBANK1               nvBANK1      00000
__Hpowerup               powerup      00000
__Hram                   ram          00000
__Hreset_vec             reset_vec    00003
__Hsfr0                  sfr0         00000
__Hsfr1                  sfr1         00000
__Hsfr2                  sfr2         00000
__Hsfr3                  sfr3         00000
__Hspace_0               (abs)        02000
__Hspace_1               (abs)        000EE
__Hspace_2               (abs)        00000
__Hspace_3               (abs)        00000
__Hspace_4               (abs)        04010
__Hstack                 stack        00000
__Hstrings               strings      00000
__Htext                  text         00000
__Labs1                  abs1         00000
__Lbank0                 bank0        00000
__Lbank1                 bank1        00000
__Lbank2                 bank2        00000
__Lbank3                 bank3        00000
__LbssBANK1              bssBANK1     00000
__LbssCOMMON             bssCOMMON    00000
__Lcinit                 cinit        0000F
__Lclrtext               clrtext      00000
__Lcode                  code         00000
__Lcommon                common       00000
__Lconfig                config       00000
__LcstackBANK0           cstackBANK0  00000
__LcstackBANK1           cstackBANK1  00000
__LcstackCOMMON          cstackCOMMON 00000
__Leeprom_data           eeprom_data  00000
__Lend_init              end_init     0000C
__Lfunctab               functab      00000
__Linit                  init         0000C
__Lintentry              intentry     00004
__Lmaintext              maintext     00000
__LnvBANK1               nvBANK1      00000
__Lpowerup               powerup      00000
__Lram                   ram          00000
__Lreset_vec             reset_vec    00000
__Lsfr0                  sfr0         00000
__Lsfr1                  sfr1         00000
__Lsfr2                  sfr2         00000
__Lsfr3                  sfr3         00000
__Lspace_0               (abs)        00000
__Lspace_1               (abs)        00000
__Lspace_2               (abs)        00000
__Lspace_3               (abs)        00000
__Lspace_4               (abs)        00000
__Lstack                 stack        00000
__Lstrings               strings      00000
__Ltext                  text         00000
__S0                     (abs)        02000
__S1                     (abs)        000EE
__S2                     (abs)        00000
__S3                     (abs)        00000
__Umul8_16               text10       01CB7
__Umul8_16@multiplicand  cstackCOMMON 00073
__Umul8_16@multiplier    cstackBANK0  00024
__Umul8_16@product       cstackBANK0  00020
__Umul8_16@word_mpld     cstackBANK0  00022
___awdiv                 text4        01E83
___awdiv@counter         cstackBANK0  00026
___awdiv@dividend        cstackBANK0  00024
___awdiv@divisor         cstackBANK0  00022
___awdiv@quotient        cstackBANK0  00028
___awdiv@sign            cstackBANK0  00027
___awmod                 text3        01DC0
___awmod@counter         cstackBANK0  00020
___awmod@dividend        cstackCOMMON 00075
___awmod@divisor         cstackCOMMON 00073
___awmod@sign            cstackBANK0  00021
___fladd                 text18       0125B
___fladd@a               cstackBANK0  0005C
___fladd@aexp            cstackBANK0  00069
___fladd@b               cstackBANK0  00058
___fladd@bexp            cstackBANK0  0006A
___fladd@grs             cstackBANK0  0006B
___fladd@signs           cstackBANK0  00068
___fleq                  text21       01D1A
___fleq@ff1              cstackBANK0  00020
___fleq@ff2              cstackBANK0  00024
___flge                  text20       01F5C
___flge@ff1              cstackBANK0  00020
___flge@ff2              cstackBANK0  00024
___flmul                 text9        0093C
___flmul@a               cstackBANK0  0002E
___flmul@aexp            cstackBANK0  0003C
___flmul@b               cstackBANK0  0002A
___flmul@bexp            cstackBANK0  0003D
___flmul@grs             cstackBANK0  00038
___flmul@prod            cstackBANK0  0003E
___flmul@sign            cstackBANK0  00037
___flmul@temp            cstackBANK0  00042
___flneg                 text19       01BDB
___flneg@f1              cstackCOMMON 00073
___flsub                 text17       007AD
___flsub@a               cstackBANK1  000A0
___flsub@b               cstackBANK1  000A4
___fltol                 text16       00804
___fltol@exp1            cstackBANK0  00061
___fltol@f1              cstackBANK0  00057
___fltol@sign1           cstackBANK0  00060
___int_sp                stack        00000
___latbits               (abs)        00002
___lldiv                 text15       01E1B
___lldiv@counter         cstackCOMMON 00078
___lldiv@dividend        cstackBANK0  00024
___lldiv@divisor         cstackBANK0  00020
___lldiv@quotient        cstackCOMMON 00074
___llmod                 text14       01D6A
___llmod@counter         cstackCOMMON 00074
___llmod@dividend        cstackBANK0  00024
___llmod@divisor         cstackBANK0  00020
___lwdiv                 text8        01008
___lwdiv@counter         cstackBANK0  00025
___lwdiv@dividend        cstackBANK0  00022
___lwdiv@divisor         cstackBANK0  00020
___lwdiv@quotient        cstackBANK0  00026
___lwmod                 text7        01CE0
___lwmod@counter         cstackCOMMON 00078
___lwmod@dividend        cstackCOMMON 00075
___lwmod@divisor         cstackCOMMON 00073
___sp                    stack        00000
___stackhi               (abs)        00000
___stacklo               (abs)        00000
___wmul                  text13       01C42
___wmul@multiplicand     cstackCOMMON 00075
___wmul@multiplier       cstackCOMMON 00073
___wmul@product          cstackCOMMON 00077
___xxtofl                text25       00880
___xxtofl@arg            cstackBANK0  00026
___xxtofl@exp            cstackBANK0  00025
___xxtofl@sign           cstackBANK0  00024
___xxtofl@val            cstackCOMMON 00073
__div_to_l_              text12       00632
__div_to_l_@cntr         cstackBANK0  0002C
__div_to_l_@exp1         cstackBANK0  0002D
__div_to_l_@f1           cstackBANK0  00020
__div_to_l_@f2           cstackBANK0  00024
__div_to_l_@quot         cstackBANK0  00028
__end_of__Umul8_16       text10       01CE0
__end_of___awdiv         text4        01EEC
__end_of___awmod         text3        01E1B
__end_of___fladd         text18       014E3
__end_of___fleq          text21       01D6A
__end_of___flge          text20       02000
__end_of___flmul         text9        00C9D
__end_of___flneg         text19       01BE6
__end_of___flsub         text17       007FD
__end_of___fltol         text16       00880
__end_of___lldiv         text15       01E83
__end_of___llmod         text14       01DC0
__end_of___lwdiv         text8        0104E
__end_of___lwmod         text7        01D1A
__end_of___wmul          text13       01C67
__end_of___xxtofl        text25       0093C
__end_of__div_to_l_      text12       006F0
__end_of__initialization cinit        0001A
__end_of__npowers_       strings      0186E
__end_of__powers_        strings      0183A
__end_of__stringtab      strings      01806
__end_of__tdiv_to_l_     text11       007AD
__end_of_cfg_clk         text30       01BC3
__end_of_cfg_inte        text29       01BD1
__end_of_cfg_io          text28       01C0C
__end_of_cfg_iocb        text27       01BC9
__end_of_cfg_usart       text26       01C21
__end_of_conv            text24       01CB7
__end_of_dpowers         strings      01896
__end_of_fround          text6        0125B
__end_of_isdigit         text5        01BF8
__end_of_isr             text31       01C8E
__end_of_main            maintext     01F5C
__end_of_scale           text2        01000
__end_of_send_char       text23       01BDB
__end_of_send_crct       text22       01C42
__end_of_sprintf         text1_split_1 00632
__initialization         cinit        0000F
__npowers_               strings      0183A
__pbssBANK1              bssBANK1     000D5
__pbssCOMMON             bssCOMMON    00079
__pcstackBANK0           cstackBANK0  00020
__pcstackBANK1           cstackBANK1  000A0
__pcstackCOMMON          cstackCOMMON 00070
__pintentry              intentry     00004
__pmaintext              maintext     01EEC
__pnvBANK1               nvBANK1      000EA
__powers_                strings      01806
__pstrings               strings      01800
__ptext1                 text1        014E3
__ptext10                text10       01CB7
__ptext11                text11       006F0
__ptext12                text12       00632
__ptext13                text13       01C42
__ptext14                text14       01D6A
__ptext15                text15       01E1B
__ptext16                text16       00804
__ptext17                text17       007AD
__ptext18                text18       0125B
__ptext19                text19       01BDB
__ptext2                 text2        00C9D
__ptext20                text20       01F5C
__ptext21                text21       01D1A
__ptext22                text22       01C21
__ptext23                text23       01BD1
__ptext24                text24       01C8E
__ptext25                text25       00880
__ptext26                text26       01C0C
__ptext27                text27       01BC3
__ptext28                text28       01BF8
__ptext29                text29       01BC9
__ptext3                 text3        01DC0
__ptext30                text30       01BBD
__ptext31                text31       01C67
__ptext4                 text4        01E83
__ptext5                 text5        01BE6
__ptext6                 text6        0104E
__ptext7                 text7        01CE0
__ptext8                 text8        01008
__ptext9                 text9        0093C
__size_of__Umul8_16      (abs)        00000
__size_of___awdiv        (abs)        00000
__size_of___awmod        (abs)        00000
__size_of___fladd        (abs)        00000
__size_of___fleq         (abs)        00000
__size_of___flge         (abs)        00000
__size_of___flmul        (abs)        00000
__size_of___flneg        (abs)        00000
__size_of___flsub        (abs)        00000
__size_of___fltol        (abs)        00000
__size_of___lldiv        (abs)        00000
__size_of___llmod        (abs)        00000
__size_of___lwdiv        (abs)        00000
__size_of___lwmod        (abs)        00000
__size_of___wmul         (abs)        00000
__size_of___xxtofl       (abs)        00000
__size_of__div_to_l_     (abs)        00000
__size_of__tdiv_to_l_    (abs)        00000
__size_of_cfg_clk        (abs)        00000
__size_of_cfg_inte       (abs)        00000
__size_of_cfg_io         (abs)        00000
__size_of_cfg_iocb       (abs)        00000
__size_of_cfg_usart      (abs)        00000
__size_of_conv           (abs)        00000
__size_of_fround         (abs)        00000
__size_of_isdigit        (abs)        00000
__size_of_isr            (abs)        00000
__size_of_main           (abs)        00000
__size_of_scale          (abs)        00000
__size_of_send_char      (abs)        00000
__size_of_send_crct      (abs)        00000
__size_of_sprintf        (abs)        00000
__stringbase             strings      01805
__stringtab              strings      01800
__tdiv_to_l_             text11       006F0
__tdiv_to_l_@cntr        cstackBANK0  0002C
__tdiv_to_l_@exp1        cstackBANK0  0002D
__tdiv_to_l_@f1          cstackBANK0  00020
__tdiv_to_l_@f2          cstackBANK0  00024
__tdiv_to_l_@quot        cstackBANK0  00028
_cfg_clk                 text30       01BBD
_cfg_inte                text29       01BC9
_cfg_io                  text28       01BF8
_cfg_iocb                text27       01BC3
_cfg_usart               text26       01C0C
_conv                    text24       01C8E
_dpowers                 strings      0186E
_f1                      bssBANK1     000E0
_fround                  text6        0104E
_fround$1110             cstackBANK0  00053
_fround$1111             cstackBANK0  0004F
_isdigit                 text5        01BE6
_isdigit$941             cstackCOMMON 00073
_isr                     text31       01C67
_main                    maintext     01EEC
_scale                   text2        00C9D
_scale$1112              cstackBANK0  00052
_send_char               text23       01BD1
_send_crct               text22       01C21
_sprintf                 text1        014E3
_sprintf$1113            cstackBANK1  000BA
_v                       nvBANK1      000EA
btemp                    (abs)        0007E
clear_ram0               clrtext      01000
conv@aa                  cstackBANK0  00036
conv@result              cstackBANK0  00032
end_of_initialization    cinit        0001A
fround@prec              cstackBANK0  00057
interrupt_function       intentry     00004
intlevel0                functab      00000
intlevel1                functab      00000
intlevel2                functab      00000
intlevel3                functab      00000
intlevel4                functab      00000
intlevel5                functab      00000
isdigit@c                cstackCOMMON 00074
pnum$text1               (abs)        0000C
pnum$text1_split_1       (abs)        0002D
psplit$0                 (abs)        C002D
reset_vec                reset_vec    00000
saved_w                  (abs)        0007E
scale@scl                cstackBANK0  00056
send_char@dato           cstackCOMMON 00073
send_crct@i              cstackCOMMON 00075
send_crct@st             cstackCOMMON 00077
sprintf@ap               cstackBANK1  000BE
sprintf@c                cstackBANK1  000D4
sprintf@eexp             cstackBANK1  000C7
sprintf@f                cstackBANK1  000A8
sprintf@flag             cstackBANK1  000C9
sprintf@fval             cstackBANK1  000CD
sprintf@prec             cstackBANK1  000D1
sprintf@sp               cstackBANK1  000D3
sprintf@tmpval           cstackBANK1  000C3
sprintf@val              cstackBANK1  000BF
sprintf@width            cstackBANK1  000CB
start                    init         0000C
start_initialization     cinit        0000F
wtemp0                   (abs)        0007E


FUNCTION INFORMATION:

 *************** function _main *****************
 Defined at:
		line 87 in file "main5a.c"
 Parameters:    Size  Location     Type
		None
 Auto vars:     Size  Location     Type
		None
 Return value:  Size  Location     Type
                  1    wreg      void 
 Registers used:
		wreg, fsr0l, fsr0h, status,2, status,0, btemp+1, pclath, cstack
 Tracked objects:
		On entry : 
		On exit  : 
		Unchanged: 
 Data sizes:     COMMON   BANK0   BANK1   BANK3   BANK2
      Params:         0       0       0       0       0
      Locals:         0       0       0       0       0
      Temps:          0       1       0       0       0
      Totals:         0       1       0       0       0
Total ram usage:        1 bytes
 Hardware stack levels required when called:    5
 This function calls:
		_cfg_clk
		_cfg_inte
		_cfg_io
		_cfg_iocb
		_cfg_usart
		_conv
		_send_crct
		_sprintf
 This function is called by:
		Startup code after reset
 This function uses a non-reentrant model


 *************** function _sprintf *****************
 Defined at:
		line 505 in file "C:\Program Files\Microchip\xc8\v2.31\pic\sources\c90\common\doprnt.c"
 Parameters:    Size  Location     Type
  sp              1    wreg     PTR unsigned char 
		 -> f1(10), 
  f               1    8[BANK1 ] PTR const unsigned char 
		 -> STR_1(19), 
 Auto vars:     Size  Location     Type
  sp              1   51[BANK1 ] PTR unsigned char 
		 -> f1(10), 
  fval            4   45[BANK1 ] PTR unsigned char 
  tmpval          4   35[BANK1 ] struct .
  val             4   31[BANK1 ] unsigned long 
  prec            2   49[BANK1 ] int 
  width           2   43[BANK1 ] int 
  flag            2   41[BANK1 ] unsigned short 
  eexp            2   39[BANK1 ] int 
  cp              2    0        PTR const unsigned char 
  len             2    0        unsigned int 
  c               1   52[BANK1 ] unsigned char 
  ap              1   30[BANK1 ] PTR void [1]
		 -> ?_sprintf(2), 
  d               1    0        unsigned char 
 Return value:  Size  Location     Type
                  2    8[BANK1 ] int 
 Registers used:
		wreg, fsr0l, fsr0h, status,2, status,0, btemp+1, pclath, cstack
 Tracked objects:
		On entry : 
		On exit  : 
		Unchanged: 
 Data sizes:     COMMON   BANK0   BANK1   BANK3   BANK2
      Params:         0       0      13       0       0
      Locals:         0       0      27       0       0
      Temps:          0       0       5       0       0
      Totals:         0       0      45       0       0
Total ram usage:       45 bytes
 Hardware stack levels used:    1
 Hardware stack levels required when called:    4
 This function calls:
		___awdiv
		___fladd
		___fleq
		___flge
		___flmul
		___flneg
		___flsub
		___fltol
		___lldiv
		___llmod
		___wmul
		___xxtofl
		__div_to_l_
		__tdiv_to_l_
		_fround
		_isdigit
		_scale
 This function is called by:
		_main
 This function uses a non-reentrant model


 *************** function _scale *****************
 Defined at:
		line 433 in file "C:\Program Files\Microchip\xc8\v2.31\pic\sources\c90\common\doprnt.c"
 Parameters:    Size  Location     Type
  scl             1    wreg     char 
 Auto vars:     Size  Location     Type
  scl             1   54[BANK0 ] char 
 Return value:  Size  Location     Type
                  4   36[BANK0 ] char 
 Registers used:
		wreg, fsr0l, fsr0h, status,2, status,0, btemp+1, pclath, cstack
 Tracked objects:
		On entry : 
		On exit  : 
		Unchanged: 
 Data sizes:     COMMON   BANK0   BANK1   BANK3   BANK2
      Params:         0       4       0       0       0
      Locals:         0       5       0       0       0
      Temps:          0      10       0       0       0
      Totals:         0      19       0       0       0
Total ram usage:       19 bytes
 Hardware stack levels used:    1
 Hardware stack levels required when called:    3
 This function calls:
		___awdiv
		___awmod
		___flmul
 This function is called by:
		_sprintf
 This function uses a non-reentrant model


 *************** function ___awmod *****************
 Defined at:
		line 5 in file "C:\Program Files\Microchip\xc8\v2.31\pic\sources\c90\common\awmod.c"
 Parameters:    Size  Location     Type
  divisor         2    3[COMMON] int 
  dividend        2    5[COMMON] int 
 Auto vars:     Size  Location     Type
  sign            1    1[BANK0 ] unsigned char 
  counter         1    0[BANK0 ] unsigned char 
 Return value:  Size  Location     Type
                  2    3[COMMON] int 
 Registers used:
		wreg, status,2, status,0
 Tracked objects:
		On entry : 
		On exit  : 
		Unchanged: 
 Data sizes:     COMMON   BANK0   BANK1   BANK3   BANK2
      Params:         4       0       0       0       0
      Locals:         0       2       0       0       0
      Temps:          1       0       0       0       0
      Totals:         5       2       0       0       0
Total ram usage:        7 bytes
 Hardware stack levels used:    1
 Hardware stack levels required when called:    1
 This function calls:
		Nothing
 This function is called by:
		_scale
 This function uses a non-reentrant model


 *************** function ___awdiv *****************
 Defined at:
		line 5 in file "C:\Program Files\Microchip\xc8\v2.31\pic\sources\c90\common\awdiv.c"
 Parameters:    Size  Location     Type
  divisor         2    2[BANK0 ] int 
  dividend        2    4[BANK0 ] int 
 Auto vars:     Size  Location     Type
  quotient        2    8[BANK0 ] int 
  sign            1    7[BANK0 ] unsigned char 
  counter         1    6[BANK0 ] unsigned char 
 Return value:  Size  Location     Type
                  2    2[BANK0 ] int 
 Registers used:
		wreg, status,2, status,0
 Tracked objects:
		On entry : 
		On exit  : 
		Unchanged: 
 Data sizes:     COMMON   BANK0   BANK1   BANK3   BANK2
      Params:         0       4       0       0       0
      Locals:         0       4       0       0       0
      Temps:          1       0       0       0       0
      Totals:         1       8       0       0       0
Total ram usage:        9 bytes
 Hardware stack levels used:    1
 Hardware stack levels required when called:    1
 This function calls:
		Nothing
 This function is called by:
		_scale
		_sprintf
 This function uses a non-reentrant model


 *************** function _isdigit *****************
 Defined at:
		line 8 in file "C:\Program Files\Microchip\xc8\v2.31\pic\sources\c90\common\isdigit.c"
 Parameters:    Size  Location     Type
  c               1    wreg     unsigned char 
 Auto vars:     Size  Location     Type
  c               1    4[COMMON] unsigned char 
 Return value:  Size  Location     Type
		None               void
 Registers used:
		wreg, status,2, status,0
 Tracked objects:
		On entry : 
		On exit  : 
		Unchanged: 
 Data sizes:     COMMON   BANK0   BANK1   BANK3   BANK2
      Params:         0       0       0       0       0
      Locals:         2       0       0       0       0
      Temps:          0       0       0       0       0
      Totals:         2       0       0       0       0
Total ram usage:        2 bytes
 Hardware stack levels used:    1
 Hardware stack levels required when called:    1
 This function calls:
		Nothing
 This function is called by:
		_sprintf
 This function uses a non-reentrant model


 *************** function _fround *****************
 Defined at:
		line 417 in file "C:\Program Files\Microchip\xc8\v2.31\pic\sources\c90\common\doprnt.c"
 Parameters:    Size  Location     Type
  prec            1    wreg     unsigned char 
 Auto vars:     Size  Location     Type
  prec            1   55[BANK0 ] unsigned char 
 Return value:  Size  Location     Type
                  4   36[BANK0 ] unsigned char 
 Registers used:
		wreg, fsr0l, fsr0h, status,2, status,0, btemp+1, pclath, cstack
 Tracked objects:
		On entry : 
		On exit  : 
		Unchanged: 
 Data sizes:     COMMON   BANK0   BANK1   BANK3   BANK2
      Params:         0       4       0       0       0
      Locals:         0       9       0       0       0
      Temps:          0       7       0       0       0
      Totals:         0      20       0       0       0
Total ram usage:       20 bytes
 Hardware stack levels used:    1
 Hardware stack levels required when called:    3
 This function calls:
		___flmul
		___lwdiv
		___lwmod
 This function is called by:
		_sprintf
 This function uses a non-reentrant model


 *************** function ___lwmod *****************
 Defined at:
		line 5 in file "C:\Program Files\Microchip\xc8\v2.31\pic\sources\c90\common\lwmod.c"
 Parameters:    Size  Location     Type
  divisor         2    3[COMMON] unsigned int 
  dividend        2    5[COMMON] unsigned int 
 Auto vars:     Size  Location     Type
  counter         1    8[COMMON] unsigned char 
 Return value:  Size  Location     Type
                  2    3[COMMON] unsigned int 
 Registers used:
		wreg, status,2, status,0
 Tracked objects:
		On entry : 
		On exit  : 
		Unchanged: 
 Data sizes:     COMMON   BANK0   BANK1   BANK3   BANK2
      Params:         4       0       0       0       0
      Locals:         1       0       0       0       0
      Temps:          1       0       0       0       0
      Totals:         6       0       0       0       0
Total ram usage:        6 bytes
 Hardware stack levels used:    1
 Hardware stack levels required when called:    1
 This function calls:
		Nothing
 This function is called by:
		_fround
 This function uses a non-reentrant model


 *************** function ___lwdiv *****************
 Defined at:
		line 5 in file "C:\Program Files\Microchip\xc8\v2.31\pic\sources\c90\common\lwdiv.c"
 Parameters:    Size  Location     Type
  divisor         2    0[BANK0 ] unsigned int 
  dividend        2    2[BANK0 ] unsigned int 
 Auto vars:     Size  Location     Type
  quotient        2    6[BANK0 ] unsigned int 
  counter         1    5[BANK0 ] unsigned char 
 Return value:  Size  Location     Type
                  2    0[BANK0 ] unsigned int 
 Registers used:
		wreg, status,2, status,0
 Tracked objects:
		On entry : 
		On exit  : 
		Unchanged: 
 Data sizes:     COMMON   BANK0   BANK1   BANK3   BANK2
      Params:         0       4       0       0       0
      Locals:         0       3       0       0       0
      Temps:          0       1       0       0       0
      Totals:         0       8       0       0       0
Total ram usage:        8 bytes
 Hardware stack levels used:    1
 Hardware stack levels required when called:    1
 This function calls:
		Nothing
 This function is called by:
		_fround
 This function uses a non-reentrant model


 *************** function ___flmul *****************
 Defined at:
		line 8 in file "C:\Program Files\Microchip\xc8\v2.31\pic\sources\c90\common\sprcmul.c"
 Parameters:    Size  Location     Type
  b               4   10[BANK0 ] unsigned int 
  a               4   14[BANK0 ] unsigned int 
 Auto vars:     Size  Location     Type
  prod            4   30[BANK0 ] struct .
  grs             4   24[BANK0 ] unsigned long 
  temp            2   34[BANK0 ] struct .
  bexp            1   29[BANK0 ] unsigned char 
  aexp            1   28[BANK0 ] unsigned char 
  sign            1   23[BANK0 ] unsigned char 
 Return value:  Size  Location     Type
                  4   10[BANK0 ] unsigned char 
 Registers used:
		wreg, status,2, status,0, btemp+1, pclath, cstack
 Tracked objects:
		On entry : 
		On exit  : 
		Unchanged: 
 Data sizes:     COMMON   BANK0   BANK1   BANK3   BANK2
      Params:         0       8       0       0       0
      Locals:         0      13       0       0       0
      Temps:          0       5       0       0       0
      Totals:         0      26       0       0       0
Total ram usage:       26 bytes
 Hardware stack levels used:    1
 Hardware stack levels required when called:    2
 This function calls:
		__Umul8_16
 This function is called by:
		_fround
		_scale
		_sprintf
 This function uses a non-reentrant model


 *************** function __Umul8_16 *****************
 Defined at:
		line 4 in file "C:\Program Files\Microchip\xc8\v2.31\pic\sources\c90\common\Umul8_16.c"
 Parameters:    Size  Location     Type
  multiplier      1    wreg     unsigned char 
  multiplicand    1    3[COMMON] unsigned char 
 Auto vars:     Size  Location     Type
  multiplier      1    4[BANK0 ] unsigned char 
  word_mpld       2    2[BANK0 ] unsigned int 
  product         2    0[BANK0 ] unsigned int 
 Return value:  Size  Location     Type
                  2    3[COMMON] unsigned int 
 Registers used:
		wreg, status,2, status,0
 Tracked objects:
		On entry : 
		On exit  : 
		Unchanged: 
 Data sizes:     COMMON   BANK0   BANK1   BANK3   BANK2
      Params:         2       0       0       0       0
      Locals:         0       5       0       0       0
      Temps:          2       0       0       0       0
      Totals:         4       5       0       0       0
Total ram usage:        9 bytes
 Hardware stack levels used:    1
 Hardware stack levels required when called:    1
 This function calls:
		Nothing
 This function is called by:
		___flmul
 This function uses a non-reentrant model


 *************** function __tdiv_to_l_ *****************
 Defined at:
		line 60 in file "C:\Program Files\Microchip\xc8\v2.31\pic\sources\c90\common\ftdivl.c"
 Parameters:    Size  Location     Type
  f1              4    0[BANK0 ] float 
  f2              4    4[BANK0 ] float 
 Auto vars:     Size  Location     Type
  quot            4    8[BANK0 ] unsigned long 
  exp1            1   13[BANK0 ] unsigned char 
  cntr            1   12[BANK0 ] unsigned char 
 Return value:  Size  Location     Type
                  4    0[BANK0 ] unsigned long 
 Registers used:
		wreg, status,2, status,0
 Tracked objects:
		On entry : 
		On exit  : 
		Unchanged: 
 Data sizes:     COMMON   BANK0   BANK1   BANK3   BANK2
      Params:         0       8       0       0       0
      Locals:         0       6       0       0       0
      Temps:          4       0       0       0       0
      Totals:         4      14       0       0       0
Total ram usage:       18 bytes
 Hardware stack levels used:    1
 Hardware stack levels required when called:    1
 This function calls:
		Nothing
 This function is called by:
		_sprintf
 This function uses a non-reentrant model


 *************** function __div_to_l_ *****************
 Defined at:
		line 60 in file "C:\Program Files\Microchip\xc8\v2.31\pic\sources\c90\common\fldivl.c"
 Parameters:    Size  Location     Type
  f1              4    0[BANK0 ] unsigned long 
  f2              4    4[BANK0 ] unsigned long 
 Auto vars:     Size  Location     Type
  quot            4    8[BANK0 ] unsigned long 
  exp1            1   13[BANK0 ] unsigned char 
  cntr            1   12[BANK0 ] unsigned char 
 Return value:  Size  Location     Type
                  4    0[BANK0 ] unsigned long 
 Registers used:
		wreg, status,2, status,0
 Tracked objects:
		On entry : 
		On exit  : 
		Unchanged: 
 Data sizes:     COMMON   BANK0   BANK1   BANK3   BANK2
      Params:         0       8       0       0       0
      Locals:         0       6       0       0       0
      Temps:          1       0       0       0       0
      Totals:         1      14       0       0       0
Total ram usage:       15 bytes
 Hardware stack levels used:    1
 Hardware stack levels required when called:    1
 This function calls:
		Nothing
 This function is called by:
		_sprintf
 This function uses a non-reentrant model


 *************** function ___wmul *****************
 Defined at:
		line 15 in file "C:\Program Files\Microchip\xc8\v2.31\pic\sources\c90\common\Umul16.c"
 Parameters:    Size  Location     Type
  multiplier      2    3[COMMON] unsigned int 
  multiplicand    2    5[COMMON] unsigned int 
 Auto vars:     Size  Location     Type
  product         2    7[COMMON] unsigned int 
 Return value:  Size  Location     Type
                  2    3[COMMON] unsigned int 
 Registers used:
		wreg, status,2, status,0
 Tracked objects:
		On entry : 
		On exit  : 
		Unchanged: 
 Data sizes:     COMMON   BANK0   BANK1   BANK3   BANK2
      Params:         4       0       0       0       0
      Locals:         2       0       0       0       0
      Temps:          0       0       0       0       0
      Totals:         6       0       0       0       0
Total ram usage:        6 bytes
 Hardware stack levels used:    1
 Hardware stack levels required when called:    1
 This function calls:
		Nothing
 This function is called by:
		_sprintf
 This function uses a non-reentrant model


 *************** function ___llmod *****************
 Defined at:
		line 5 in file "C:\Program Files\Microchip\xc8\v2.31\pic\sources\c90\common\llmod.c"
 Parameters:    Size  Location     Type
  divisor         4    0[BANK0 ] unsigned long 
  dividend        4    4[BANK0 ] unsigned long 
 Auto vars:     Size  Location     Type
  counter         1    4[COMMON] unsigned char 
 Return value:  Size  Location     Type
                  4    0[BANK0 ] unsigned long 
 Registers used:
		wreg, status,2, status,0
 Tracked objects:
		On entry : 
		On exit  : 
		Unchanged: 
 Data sizes:     COMMON   BANK0   BANK1   BANK3   BANK2
      Params:         0       8       0       0       0
      Locals:         1       0       0       0       0
      Temps:          1       0       0       0       0
      Totals:         2       8       0       0       0
Total ram usage:       10 bytes
 Hardware stack levels used:    1
 Hardware stack levels required when called:    1
 This function calls:
		Nothing
 This function is called by:
		_sprintf
 This function uses a non-reentrant model


 *************** function ___lldiv *****************
 Defined at:
		line 5 in file "C:\Program Files\Microchip\xc8\v2.31\pic\sources\c90\common\__lldiv.c"
 Parameters:    Size  Location     Type
  divisor         4    0[BANK0 ] unsigned long 
  dividend        4    4[BANK0 ] unsigned long 
 Auto vars:     Size  Location     Type
  quotient        4    4[COMMON] unsigned long 
  counter         1    8[COMMON] unsigned char 
 Return value:  Size  Location     Type
                  4    0[BANK0 ] unsigned long 
 Registers used:
		wreg, status,2, status,0
 Tracked objects:
		On entry : 
		On exit  : 
		Unchanged: 
 Data sizes:     COMMON   BANK0   BANK1   BANK3   BANK2
      Params:         0       8       0       0       0
      Locals:         5       0       0       0       0
      Temps:          1       0       0       0       0
      Totals:         6       8       0       0       0
Total ram usage:       14 bytes
 Hardware stack levels used:    1
 Hardware stack levels required when called:    1
 This function calls:
		Nothing
 This function is called by:
		_sprintf
 This function uses a non-reentrant model


 *************** function ___fltol *****************
 Defined at:
		line 43 in file "C:\Program Files\Microchip\xc8\v2.31\pic\sources\c90\common\fltol.c"
 Parameters:    Size  Location     Type
  f1              4   55[BANK0 ] unsigned long 
 Auto vars:     Size  Location     Type
  exp1            1   65[BANK0 ] unsigned char 
  sign1           1   64[BANK0 ] unsigned char 
 Return value:  Size  Location     Type
                  4   55[BANK0 ] long 
 Registers used:
		wreg, status,2, status,0
 Tracked objects:
		On entry : 
		On exit  : 
		Unchanged: 
 Data sizes:     COMMON   BANK0   BANK1   BANK3   BANK2
      Params:         0       4       0       0       0
      Locals:         0       2       0       0       0
      Temps:          0       5       0       0       0
      Totals:         0      11       0       0       0
Total ram usage:       11 bytes
 Hardware stack levels used:    1
 Hardware stack levels required when called:    1
 This function calls:
		Nothing
 This function is called by:
		_sprintf
 This function uses a non-reentrant model


 *************** function ___flsub *****************
 Defined at:
		line 242 in file "C:\Program Files\Microchip\xc8\v2.31\pic\sources\c90\common\sprcadd.c"
 Parameters:    Size  Location     Type
  a               4    0[BANK1 ] long 
  b               4    4[BANK1 ] long 
 Auto vars:     Size  Location     Type
		None
 Return value:  Size  Location     Type
                  4    0[BANK1 ] long 
 Registers used:
		wreg, status,2, status,0, btemp+1, pclath, cstack
 Tracked objects:
		On entry : 
		On exit  : 
		Unchanged: 
 Data sizes:     COMMON   BANK0   BANK1   BANK3   BANK2
      Params:         0       0       8       0       0
      Locals:         0       0       0       0       0
      Temps:          0       0       0       0       0
      Totals:         0       0       8       0       0
Total ram usage:        8 bytes
 Hardware stack levels used:    1
 Hardware stack levels required when called:    2
 This function calls:
		___fladd
 This function is called by:
		_sprintf
 This function uses a non-reentrant model


 *************** function ___fladd *****************
 Defined at:
		line 10 in file "C:\Program Files\Microchip\xc8\v2.31\pic\sources\c90\common\sprcadd.c"
 Parameters:    Size  Location     Type
  b               4   56[BANK0 ] long 
  a               4   60[BANK0 ] long 
 Auto vars:     Size  Location     Type
  grs             1   75[BANK0 ] unsigned char 
  bexp            1   74[BANK0 ] unsigned char 
  aexp            1   73[BANK0 ] unsigned char 
  signs           1   72[BANK0 ] unsigned char 
 Return value:  Size  Location     Type
                  4   56[BANK0 ] unsigned char 
 Registers used:
		wreg, status,2, status,0, btemp+1
 Tracked objects:
		On entry : 
		On exit  : 
		Unchanged: 
 Data sizes:     COMMON   BANK0   BANK1   BANK3   BANK2
      Params:         0       8       0       0       0
      Locals:         0       4       0       0       0
      Temps:          0       8       0       0       0
      Totals:         0      20       0       0       0
Total ram usage:       20 bytes
 Hardware stack levels used:    1
 Hardware stack levels required when called:    1
 This function calls:
		Nothing
 This function is called by:
		_sprintf
		___flsub
 This function uses a non-reentrant model


 *************** function ___flneg *****************
 Defined at:
		line 15 in file "C:\Program Files\Microchip\xc8\v2.31\pic\sources\c90\common\flneg.c"
 Parameters:    Size  Location     Type
  f1              4    3[COMMON] unsigned char 
 Auto vars:     Size  Location     Type
		None
 Return value:  Size  Location     Type
                  4    3[COMMON] unsigned char 
 Registers used:
		wreg
 Tracked objects:
		On entry : 
		On exit  : 
		Unchanged: 
 Data sizes:     COMMON   BANK0   BANK1   BANK3   BANK2
      Params:         4       0       0       0       0
      Locals:         0       0       0       0       0
      Temps:          0       0       0       0       0
      Totals:         4       0       0       0       0
Total ram usage:        4 bytes
 Hardware stack levels used:    1
 Hardware stack levels required when called:    1
 This function calls:
		Nothing
 This function is called by:
		_sprintf
 This function uses a non-reentrant model


 *************** function ___flge *****************
 Defined at:
		line 4 in file "C:\Program Files\Microchip\xc8\v2.31\pic\sources\c90\common\flge.c"
 Parameters:    Size  Location     Type
  ff1             4    0[BANK0 ] unsigned char 
  ff2             4    4[BANK0 ] unsigned char 
 Auto vars:     Size  Location     Type
		None
 Return value:  Size  Location     Type
		None               void
 Registers used:
		wreg, status,2, status,0
 Tracked objects:
		On entry : 
		On exit  : 
		Unchanged: 
 Data sizes:     COMMON   BANK0   BANK1   BANK3   BANK2
      Params:         0       8       0       0       0
      Locals:         0       0       0       0       0
      Temps:          4       0       0       0       0
      Totals:         4       8       0       0       0
Total ram usage:       12 bytes
 Hardware stack levels used:    1
 Hardware stack levels required when called:    1
 This function calls:
		Nothing
 This function is called by:
		_sprintf
 This function uses a non-reentrant model


 *************** function ___fleq *****************
 Defined at:
		line 4 in file "C:\Program Files\Microchip\xc8\v2.31\pic\sources\c90\common\fleq.c"
 Parameters:    Size  Location     Type
  ff1             4    0[BANK0 ] unsigned char 
  ff2             4    4[BANK0 ] unsigned char 
 Auto vars:     Size  Location     Type
		None
 Return value:  Size  Location     Type
		None               void
 Registers used:
		wreg, status,2, status,0
 Tracked objects:
		On entry : 
		On exit  : 
		Unchanged: 
 Data sizes:     COMMON   BANK0   BANK1   BANK3   BANK2
      Params:         0       8       0       0       0
      Locals:         0       0       0       0       0
      Temps:          4       0       0       0       0
      Totals:         4       8       0       0       0
Total ram usage:       12 bytes
 Hardware stack levels used:    1
 Hardware stack levels required when called:    1
 This function calls:
		Nothing
 This function is called by:
		_sprintf
 This function uses a non-reentrant model


 *************** function _send_crct *****************
 Defined at:
		line 167 in file "main5a.c"
 Parameters:    Size  Location     Type
  st              1    wreg     PTR unsigned char 
		 -> f1(10), 
 Auto vars:     Size  Location     Type
  st              1    7[COMMON] PTR unsigned char 
		 -> f1(10), 
  i               2    5[COMMON] int 
 Return value:  Size  Location     Type
                  1    wreg      void 
 Registers used:
		wreg, fsr0l, fsr0h, status,2, status,0, pclath, cstack
 Tracked objects:
		On entry : 
		On exit  : 
		Unchanged: 
 Data sizes:     COMMON   BANK0   BANK1   BANK3   BANK2
      Params:         0       0       0       0       0
      Locals:         3       0       0       0       0
      Temps:          1       0       0       0       0
      Totals:         4       0       0       0       0
Total ram usage:        4 bytes
 Hardware stack levels used:    1
 Hardware stack levels required when called:    2
 This function calls:
		_send_char
 This function is called by:
		_main
 This function uses a non-reentrant model


 *************** function _send_char *****************
 Defined at:
		line 174 in file "main5a.c"
 Parameters:    Size  Location     Type
  dato            1    wreg     unsigned char 
 Auto vars:     Size  Location     Type
  dato            1    3[COMMON] unsigned char 
 Return value:  Size  Location     Type
                  1    wreg      void 
 Registers used:
		wreg
 Tracked objects:
		On entry : 
		On exit  : 
		Unchanged: 
 Data sizes:     COMMON   BANK0   BANK1   BANK3   BANK2
      Params:         0       0       0       0       0
      Locals:         1       0       0       0       0
      Temps:          0       0       0       0       0
      Totals:         1       0       0       0       0
Total ram usage:        1 bytes
 Hardware stack levels used:    1
 Hardware stack levels required when called:    1
 This function calls:
		Nothing
 This function is called by:
		_send_crct
 This function uses a non-reentrant model


 *************** function _conv *****************
 Defined at:
		line 178 in file "main5a.c"
 Parameters:    Size  Location     Type
  aa              1    wreg     unsigned char 
 Auto vars:     Size  Location     Type
  aa              1   22[BANK0 ] unsigned char 
  result          4   18[BANK0 ] float 
 Return value:  Size  Location     Type
                  4   10[BANK0 ] float 
 Registers used:
		wreg, status,2, status,0, pclath, cstack
 Tracked objects:
		On entry : 
		On exit  : 
		Unchanged: 
 Data sizes:     COMMON   BANK0   BANK1   BANK3   BANK2
      Params:         0       4       0       0       0
      Locals:         0       5       0       0       0
      Temps:          0       4       0       0       0
      Totals:         0      13       0       0       0
Total ram usage:       13 bytes
 Hardware stack levels used:    1
 Hardware stack levels required when called:    2
 This function calls:
		___xxtofl
 This function is called by:
		_main
 This function uses a non-reentrant model


 *************** function ___xxtofl *****************
 Defined at:
		line 10 in file "C:\Program Files\Microchip\xc8\v2.31\pic\sources\c90\common\xxtofl.c"
 Parameters:    Size  Location     Type
  sign            1    wreg     unsigned char 
  val             4    3[COMMON] long 
 Auto vars:     Size  Location     Type
  sign            1    4[BANK0 ] unsigned char 
  arg             4    6[BANK0 ] unsigned long 
  exp             1    5[BANK0 ] unsigned char 
 Return value:  Size  Location     Type
                  4    3[COMMON] unsigned char 
 Registers used:
		wreg, status,2, status,0
 Tracked objects:
		On entry : 
		On exit  : 
		Unchanged: 
 Data sizes:     COMMON   BANK0   BANK1   BANK3   BANK2
      Params:         4       0       0       0       0
      Locals:         0       6       0       0       0
      Temps:          0       4       0       0       0
      Totals:         4      10       0       0       0
Total ram usage:       14 bytes
 Hardware stack levels used:    1
 Hardware stack levels required when called:    1
 This function calls:
		Nothing
 This function is called by:
		_conv
		_sprintf
 This function uses a non-reentrant model


 *************** function _cfg_usart *****************
 Defined at:
		line 133 in file "main5a.c"
 Parameters:    Size  Location     Type
		None
 Auto vars:     Size  Location     Type
		None
 Return value:  Size  Location     Type
                  1    wreg      void 
 Registers used:
		wreg, status,2
 Tracked objects:
		On entry : 
		On exit  : 
		Unchanged: 
 Data sizes:     COMMON   BANK0   BANK1   BANK3   BANK2
      Params:         0       0       0       0       0
      Locals:         0       0       0       0       0
      Temps:          0       0       0       0       0
      Totals:         0       0       0       0       0
Total ram usage:        0 bytes
 Hardware stack levels used:    1
 Hardware stack levels required when called:    1
 This function calls:
		Nothing
 This function is called by:
		_main
 This function uses a non-reentrant model


 *************** function _cfg_iocb *****************
 Defined at:
		line 157 in file "main5a.c"
 Parameters:    Size  Location     Type
		None
 Auto vars:     Size  Location     Type
		None
 Return value:  Size  Location     Type
                  1    wreg      void 
 Registers used:
		wreg
 Tracked objects:
		On entry : 
		On exit  : 
		Unchanged: 
 Data sizes:     COMMON   BANK0   BANK1   BANK3   BANK2
      Params:         0       0       0       0       0
      Locals:         0       0       0       0       0
      Temps:          0       0       0       0       0
      Totals:         0       0       0       0       0
Total ram usage:        0 bytes
 Hardware stack levels used:    1
 Hardware stack levels required when called:    1
 This function calls:
		Nothing
 This function is called by:
		_main
 This function uses a non-reentrant model


 *************** function _cfg_io *****************
 Defined at:
		line 112 in file "main5a.c"
 Parameters:    Size  Location     Type
		None
 Auto vars:     Size  Location     Type
		None
 Return value:  Size  Location     Type
                  1    wreg      void 
 Registers used:
		wreg, status,2
 Tracked objects:
		On entry : 
		On exit  : 
		Unchanged: 
 Data sizes:     COMMON   BANK0   BANK1   BANK3   BANK2
      Params:         0       0       0       0       0
      Locals:         0       0       0       0       0
      Temps:          0       0       0       0       0
      Totals:         0       0       0       0       0
Total ram usage:        0 bytes
 Hardware stack levels used:    1
 Hardware stack levels required when called:    1
 This function calls:
		Nothing
 This function is called by:
		_main
 This function uses a non-reentrant model


 *************** function _cfg_inte *****************
 Defined at:
		line 150 in file "main5a.c"
 Parameters:    Size  Location     Type
		None
 Auto vars:     Size  Location     Type
		None
 Return value:  Size  Location     Type
                  1    wreg      void 
 Registers used:
		None
 Tracked objects:
		On entry : 
		On exit  : 
		Unchanged: 
 Data sizes:     COMMON   BANK0   BANK1   BANK3   BANK2
      Params:         0       0       0       0       0
      Locals:         0       0       0       0       0
      Temps:          0       0       0       0       0
      Totals:         0       0       0       0       0
Total ram usage:        0 bytes
 Hardware stack levels used:    1
 Hardware stack levels required when called:    1
 This function calls:
		Nothing
 This function is called by:
		_main
 This function uses a non-reentrant model


 *************** function _cfg_clk *****************
 Defined at:
		line 129 in file "main5a.c"
 Parameters:    Size  Location     Type
		None
 Auto vars:     Size  Location     Type
		None
 Return value:  Size  Location     Type
                  1    wreg      void 
 Registers used:
		wreg, status,2, status,0
 Tracked objects:
		On entry : 
		On exit  : 
		Unchanged: 
 Data sizes:     COMMON   BANK0   BANK1   BANK3   BANK2
      Params:         0       0       0       0       0
      Locals:         0       0       0       0       0
      Temps:          0       0       0       0       0
      Totals:         0       0       0       0       0
Total ram usage:        0 bytes
 Hardware stack levels used:    1
 Hardware stack levels required when called:    1
 This function calls:
		Nothing
 This function is called by:
		_main
 This function uses a non-reentrant model


 *************** function _isr *****************
 Defined at:
		line 66 in file "main5a.c"
 Parameters:    Size  Location     Type
		None
 Auto vars:     Size  Location     Type
		None
 Return value:  Size  Location     Type
                  1    wreg      void 
 Registers used:
		wreg, status,2, status,0
 Tracked objects:
		On entry : 
		On exit  : 
		Unchanged: 
 Data sizes:     COMMON   BANK0   BANK1   BANK3   BANK2
      Params:         0       0       0       0       0
      Locals:         0       0       0       0       0
      Temps:          3       0       0       0       0
      Totals:         3       0       0       0       0
Total ram usage:        3 bytes
 Hardware stack levels used:    1
 This function calls:
		Nothing
 This function is called by:
		Interrupt level 1
 This function uses a non-reentrant model



MODULE INFORMATION

Module		Function		Class		Link	Load	Size
C:\Program Files\Microchip\xc8\v2.31\pic\sources\c90\common\flneg.c
		___flneg       		CODE           	1BDB	0000	11

C:\Program Files\Microchip\xc8\v2.31\pic\sources\c90\common\flneg.c estimated size: 11

C:\Program Files\Microchip\xc8\v2.31\pic\sources\c90\common\flge.c
		___flge        		CODE           	1F5C	0000	164

C:\Program Files\Microchip\xc8\v2.31\pic\sources\c90\common\flge.c estimated size: 164

C:\Program Files\Microchip\xc8\v2.31\pic\sources\c90\common\sprcmul.c
		___flmul       		CODE           	093C	0000	865

C:\Program Files\Microchip\xc8\v2.31\pic\sources\c90\common\sprcmul.c estimated size: 865

C:\Program Files\Microchip\xc8\v2.31\pic\sources\c90\common\__lldiv.c
		___lldiv       		CODE           	1E1B	0000	104

C:\Program Files\Microchip\xc8\v2.31\pic\sources\c90\common\__lldiv.c estimated size: 104

C:\Program Files\Microchip\xc8\v2.31\pic\sources\c90\common\Umul8_16.c
		__Umul8_16     		CODE           	1CB7	0000	41

C:\Program Files\Microchip\xc8\v2.31\pic\sources\c90\common\Umul8_16.c estimated size: 41

C:\Program Files\Microchip\xc8\v2.31\pic\sources\c90\common\doprnt.c
		_scale         		CODE           	0C9D	0000	867
		_sprintf       		CODE           	14E3	0000	2353
		_fround        		CODE           	104E	0000	525

C:\Program Files\Microchip\xc8\v2.31\pic\sources\c90\common\doprnt.c estimated size: 3745

C:\Program Files\Microchip\xc8\v2.31\pic\sources\c90\common\ftdivl.c
		__tdiv_to_l_   		CODE           	06F0	0000	189

C:\Program Files\Microchip\xc8\v2.31\pic\sources\c90\common\ftdivl.c estimated size: 189

C:\Program Files\Microchip\xc8\v2.31\pic\sources\c90\common\lwmod.c
		___lwmod       		CODE           	1CE0	0000	58

C:\Program Files\Microchip\xc8\v2.31\pic\sources\c90\common\lwmod.c estimated size: 58

C:\Program Files\Microchip\xc8\v2.31\pic\sources\c90\common\awmod.c
		___awmod       		CODE           	1DC0	0000	91

C:\Program Files\Microchip\xc8\v2.31\pic\sources\c90\common\awmod.c estimated size: 91

C:\Program Files\Microchip\xc8\v2.31\pic\sources\c90\common\Umul16.c
		___wmul        		CODE           	1C42	0000	37

C:\Program Files\Microchip\xc8\v2.31\pic\sources\c90\common\Umul16.c estimated size: 37

main5a.c
		_cfg_io        		CODE           	1BF8	0000	20
		_cfg_iocb      		CODE           	1BC3	0000	6
		_main          		CODE           	1EEC	0000	112
		_cfg_usart     		CODE           	1C0C	0000	21
		_conv          		CODE           	1C8E	0000	41
		_isr           		CODE           	1C67	0000	39
		_cfg_inte      		CODE           	1BC9	0000	8
		_send_crct     		CODE           	1C21	0000	33
		_cfg_clk       		CODE           	1BBD	0000	6
		_send_char     		CODE           	1BD1	0000	10

main5a.c estimated size: 296

C:\Program Files\Microchip\xc8\v2.31\pic\sources\c90\common\llmod.c
		___llmod       		CODE           	1D6A	0000	86

C:\Program Files\Microchip\xc8\v2.31\pic\sources\c90\common\llmod.c estimated size: 86

C:\Program Files\Microchip\xc8\v2.31\pic\sources\c90\common\isdigit.c
		_isdigit       		CODE           	1BE6	0000	18

C:\Program Files\Microchip\xc8\v2.31\pic\sources\c90\common\isdigit.c estimated size: 18

C:\Program Files\Microchip\xc8\v2.31\pic\sources\c90\common\sprcadd.c
		___flsub       		CODE           	07AD	0000	80
		___fladd       		CODE           	125B	0000	648

C:\Program Files\Microchip\xc8\v2.31\pic\sources\c90\common\sprcadd.c estimated size: 728

C:\Program Files\Microchip\xc8\v2.31\pic\sources\c90\common\fleq.c
		___fleq        		CODE           	1D1A	0000	80

C:\Program Files\Microchip\xc8\v2.31\pic\sources\c90\common\fleq.c estimated size: 80

C:\Program Files\Microchip\xc8\v2.31\pic\sources\c90\common\fldivl.c
		__div_to_l_    		CODE           	0632	0000	190

C:\Program Files\Microchip\xc8\v2.31\pic\sources\c90\common\fldivl.c estimated size: 190

C:\Program Files\Microchip\xc8\v2.31\pic\sources\c90\common\lwdiv.c
		___lwdiv       		CODE           	1008	0000	70

C:\Program Files\Microchip\xc8\v2.31\pic\sources\c90\common\lwdiv.c estimated size: 70

C:\Program Files\Microchip\xc8\v2.31\pic\sources\c90\common\awdiv.c
		___awdiv       		CODE           	1E83	0000	105

C:\Program Files\Microchip\xc8\v2.31\pic\sources\c90\common\awdiv.c estimated size: 105

shared
		__stringtab    		STRING         	1800	0000	6
		__powers_      		STRING         	1806	0000	52
		_dpowers       		STRING         	186E	0000	40
		__npowers_     		STRING         	183A	0000	52
		__initialization		CODE           	000F	0000	11

shared estimated size: 161

C:\Program Files\Microchip\xc8\v2.31\pic\sources\c90\common\fltol.c
		___fltol       		CODE           	0804	0000	124

C:\Program Files\Microchip\xc8\v2.31\pic\sources\c90\common\fltol.c estimated size: 124

C:\Program Files\Microchip\xc8\v2.31\pic\sources\c90\common\xxtofl.c
		___xxtofl      		CODE           	0880	0000	188

C:\Program Files\Microchip\xc8\v2.31\pic\sources\c90\common\xxtofl.c estimated size: 188

